 kiwi

 Timestamp is 5af1a193 (Tue May 08 09:09:39 2018)

 Preferred load address is 0000000180000000

 Start         Length     Name                   Class
 0001:00000000 0002bd3cH .text$mn                CODE
 0001:0002bd40 0000060bH .text$x                 CODE
 0002:00000000 00000238H .idata$5                DATA
 0002:00000238 00000008H .CRT$XCA                DATA
 0002:00000240 00000008H .CRT$XCZ                DATA
 0002:00000248 00000008H .CRT$XIA                DATA
 0002:00000250 00000028H .CRT$XIC                DATA
 0002:00000278 00000008H .CRT$XIZ                DATA
 0002:00000280 00000008H .CRT$XPA                DATA
 0002:00000288 00000010H .CRT$XPX                DATA
 0002:00000298 00000008H .CRT$XPXA               DATA
 0002:000002a0 00000008H .CRT$XPZ                DATA
 0002:000002a8 00000008H .CRT$XTA                DATA
 0002:000002b0 00000008H .CRT$XTZ                DATA
 0002:000002c0 0000bb10H .rdata                  DATA
 0002:0000bdd0 00000050H .rdata$debug            DATA
 0002:0000be20 0000016cH .rdata$r                DATA
 0002:0000bf90 00000008H .rtc$IAA                DATA
 0002:0000bf98 00000008H .rtc$IZZ                DATA
 0002:0000bfa0 00000008H .rtc$TAA                DATA
 0002:0000bfa8 00000008H .rtc$TZZ                DATA
 0002:0000bfb0 00000d44H .xdata                  DATA
 0002:0000ccf8 00000084H .xdata$x                DATA
 0002:0000cd80 0000004fH .edata                  DATA
 0002:0000cdd0 00000014H .idata$2                DATA
 0002:0000cde4 00000014H .idata$3                DATA
 0002:0000cdf8 00000238H .idata$4                DATA
 0002:0000d030 0000053aH .idata$6                DATA
 0003:00000000 00006988H .data                   DATA
 0003:00006988 00000070H .data$r                 DATA
 0003:00006a00 000024d8H .bss                    DATA
 0004:00000000 000014c4H .pdata                  DATA

  Address         Publics by Value              Rva+Base               Lib:Object

 0000:00000000       __guard_fids_count         0000000000000000     <absolute>
 0000:00000000       __guard_flags              0000000000000000     <absolute>
 0000:00000000       ___safe_se_handler_count   0000000000000000     <absolute>
 0000:00000000       __guard_fids_table         0000000000000000     <absolute>
 0000:00000000       ___safe_se_handler_table   0000000000000000     <absolute>
 0000:00000000       __ImageBase                0000000180000000     <linker-defined>
 0001:00000000       ??D@YA?ATv4@@T0@Um4@@@Z    0000000180001000 f i kiwi.obj
 0001:000001c0       ??D@YA?AUm4@@U0@0@Z        00000001800011c0 f i kiwi.obj
 0001:00000320       ?BubbleSort@@YAXPEAMPEAII@Z 0000000180001320 f i kiwi.obj
 0001:000004c0       ?ExecuteCommands@@YAXPEAUrender_state@@@Z 00000001800014c0 f i kiwi.obj
 0001:000015d0       ?InitRenderState@@YA?AUrender_state@@IIPEAUmem_arena@@@Z 00000001800025d0 f i kiwi.obj
 0001:00001b50       ?RotationMat@@YA?AUm4@@MMM@Z 0000000180002b50 f i kiwi.obj
 0001:00001ed0       GameUpdateAndRender        0000000180002ed0 f   kiwi.obj
 0001:00002a40       __GSHandlerCheck           0000000180003a40 f   LIBCMTD:gshandler.obj
 0001:00002a80       __GSHandlerCheckCommon     0000000180003a80 f   LIBCMTD:gshandler.obj
 0001:00002b90       __security_check_cookie    0000000180003b90 f   LIBCMTD:amdsecgs.obj
 0001:00002bb0       atan2f                     0000000180003bb0 f   LIBCMTD:atan2f.obj
 0001:000037d0       cosf                       00000001800047d0 f   LIBCMTD:cosf.obj
 0001:00003ce0       memcpy                     0000000180004ce0 f   LIBCMTD:memcpy.obj
 0001:00003ce0       memmove                    0000000180004ce0 f   LIBCMTD:memcpy.obj
 0001:00004260       memset                     0000000180005260 f   LIBCMTD:memset.obj
 0001:00004490       sinf                       0000000180005490 f   LIBCMTD:sinf.obj
 0001:00004b60       tanf                       0000000180005b60 f   LIBCMTD:tanf.obj
 0001:000051a0       _fpmath                    00000001800061a0 f   LIBCMTD:fpinit.obj
 0001:000051c0       _cfltcvt_init              00000001800061c0 f   LIBCMTD:fpinit.obj
 0001:000052d0       _CRT_INIT                  00000001800062d0 f   LIBCMTD:dllcrt0.obj
 0001:000054f0       _DllMainCRTStartup         00000001800064f0 f   LIBCMTD:dllcrt0.obj
 0001:00005690       __DllXcptFilter            0000000180006690 f   LIBCMTD:dllcrt0.obj
 0001:000056e0       __raise_securityfailure    00000001800066e0 f   LIBCMTD:gs_report.obj
 0001:00005730       __report_gsfailure         0000000180006730 f   LIBCMTD:gs_report.obj
 0001:00005810       __report_rangecheckfailure 0000000180006810 f   LIBCMTD:gs_report.obj
 0001:00005830       __report_securityfailure   0000000180006830 f   LIBCMTD:gs_report.obj
 0001:000058d0       _clrfp                     00000001800068d0 f   LIBCMTD:fpctrl.obj
 0001:00005900       _ctrlfp                    0000000180006900 f   LIBCMTD:fpctrl.obj
 0001:000059b0       _set_statfp                00000001800069b0 f   LIBCMTD:fpctrl.obj
 0001:000059f0       _statfp                    00000001800069f0 f   LIBCMTD:fpctrl.obj
 0001:00005bf0       _handle_errorf             0000000180006bf0 f   LIBCMTD:libm_error.obj
 0001:00005d70       __remainder_piby2d2f_forAsm 0000000180006d70 f   LIBCMTD:remainder_piby2f_forAsm.obj
 0001:00005ec0       __remainder_piby2_fma3     0000000180006ec0 f   LIBCMTD:remainder_piby2_forFMA3.obj
 0001:000060b0       __remainder_piby2_fma3_bdl 00000001800070b0 f   LIBCMTD:remainder_piby2_forFMA3.obj
 0001:00006130       _cosf_special              0000000180007130 f   LIBCMTD:sincos_special.obj
 0001:00006160       _sincosf_special           0000000180007160 f   LIBCMTD:sincos_special.obj
 0001:00006360       _sinf_special              0000000180007360 f   LIBCMTD:sincos_special.obj
 0001:00006390       _tanf_special              0000000180007390 f   LIBCMTD:sincos_special.obj
 0001:000063c0       __fma3_lib_init            00000001800073c0 f   LIBCMTD:fma3_available.obj
 0001:00006440       __isa_available_init       0000000180007440 f   LIBCMTD:cpu_disp.obj
 0001:00006780       __remainder_piby2d2f_forC  0000000180007780 f   LIBCMTD:remainder_piby2f_forC.obj
 0001:00006910       ??0_LocaleUpdate@@QEAA@PEAUlocaleinfo_struct@@@Z 0000000180007910 f i LIBCMTD:cvt.obj
 0001:00006a50       ??1_LocaleUpdate@@QEAA@XZ  0000000180007a50 f i LIBCMTD:cvt.obj
 0001:00006a90       ?GetLocaleT@_LocaleUpdate@@QEAAPEAUlocaleinfo_struct@@XZ 0000000180007a90 f i LIBCMTD:cvt.obj
 0001:00006aa0       ?strrchr@@YAPEADPEADH@Z    0000000180007aa0 f i LIBCMTD:cvt.obj
 0001:00006ac0       _cfltcvt                   0000000180007ac0 f   LIBCMTD:cvt.obj
 0001:00006b10       _cfltcvt_l                 0000000180007b10 f   LIBCMTD:cvt.obj
 0001:00006c30       _cftoa_l                   0000000180007c30 f   LIBCMTD:cvt.obj
 0001:00007730       _cftoe                     0000000180008730 f   LIBCMTD:cvt.obj
 0001:00007d50       _cftoe_l                   0000000180008d50 f   LIBCMTD:cvt.obj
 0001:00008450       _cftof_l                   0000000180009450 f   LIBCMTD:cvt.obj
 0001:00008730       _cftog_l                   0000000180009730 f   LIBCMTD:cvt.obj
 0001:00008af0       _cropzeros                 0000000180009af0 f   LIBCMTD:cvt.obj
 0001:00008b10       _cropzeros_l               0000000180009b10 f   LIBCMTD:cvt.obj
 0001:00008c90       _fassign                   0000000180009c90 f   LIBCMTD:cvt.obj
 0001:00008cc0       _fassign_l                 0000000180009cc0 f   LIBCMTD:cvt.obj
 0001:00008d30       _forcdecpt                 0000000180009d30 f   LIBCMTD:cvt.obj
 0001:00008d50       _forcdecpt_l               0000000180009d50 f   LIBCMTD:cvt.obj
 0001:00008e50       _invoke_watson_if_error    0000000180009e50 f i LIBCMTD:cvt.obj
 0001:00008ea0       _positive                  0000000180009ea0 f   LIBCMTD:cvt.obj
 0001:00008f30       _initp_misc_cfltcvt_tab    0000000180009f30 f   LIBCMTD:cmiscdat.obj
 0001:00008f80       _XcptFilter                0000000180009f80 f   LIBCMTD:winxfltr.obj
 0001:00009220       __CppXcptFilter            000000018000a220 f   LIBCMTD:winxfltr.obj
 0001:000092e0       _freefls                   000000018000a2e0 f   LIBCMTD:tidtable.obj
 0001:000094f0       _freeptd                   000000018000a4f0 f   LIBCMTD:tidtable.obj
 0001:00009540       _getptd                    000000018000a540 f   LIBCMTD:tidtable.obj
 0001:00009570       _getptd_noexit             000000018000a570 f   LIBCMTD:tidtable.obj
 0001:00009640       _initptd                   000000018000a640 f   LIBCMTD:tidtable.obj
 0001:00009770       _mtinit                    000000018000a770 f   LIBCMTD:tidtable.obj
 0001:00009830       _mtterm                    000000018000a830 f   LIBCMTD:tidtable.obj
 0001:00009860       __crtCorExitProcess        000000018000a860 f   LIBCMTD:crt0dat.obj
 0001:000098b0       __crtExitProcess           000000018000a8b0 f   LIBCMTD:crt0dat.obj
 0001:000098d0       __freeCrtMemory            000000018000a8d0 f   LIBCMTD:crt0dat.obj
 0001:00009b00       _amsg_exit                 000000018000ab00 f   LIBCMTD:crt0dat.obj
 0001:00009b30       _cexit                     000000018000ab30 f   LIBCMTD:crt0dat.obj
 0001:00009b50       _cinit                     000000018000ab50 f   LIBCMTD:crt0dat.obj
 0001:00009c00       _exit                      000000018000ac00 f   LIBCMTD:crt0dat.obj
 0001:00009c20       _init_pointers             000000018000ac20 f   LIBCMTD:crt0dat.obj
 0001:00009cd0       _initterm_e                000000018000acd0 f   LIBCMTD:crt0dat.obj
 0001:00009d30       _lockexit                  000000018000ad30 f   LIBCMTD:crt0dat.obj
 0001:00009d50       _unlockexit                000000018000ad50 f   LIBCMTD:crt0dat.obj
 0001:00009f80       _heap_init                 000000018000af80 f   LIBCMTD:heapinit.obj
 0001:00009fb0       _heap_term                 000000018000afb0 f   LIBCMTD:heapinit.obj
 0001:00009fc0       _ioinit                    000000018000afc0 f   LIBCMTD:ioinit.obj
 0001:0000a5a0       _ioterm                    000000018000b5a0 f   LIBCMTD:ioinit.obj
 0001:0000a680       _set_pgmptr                000000018000b680 f i LIBCMTD:stdargv.obj
 0001:0000a6a0       _setargv                   000000018000b6a0 f   LIBCMTD:stdargv.obj
 0001:0000ad00       _setenvp                   000000018000bd00 f   LIBCMTD:stdenvp.obj
 0001:0000b440       _CrtCheckMemory            000000018000c440 f   LIBCMTD:dbgheap.obj
 0001:0000b9e0       _CrtDumpMemoryLeaks        000000018000c9e0 f   LIBCMTD:dbgheap.obj
 0001:0000baa0       _CrtGetCheckCount          000000018000caa0 f   LIBCMTD:dbgheap.obj
 0001:0000bab0       _CrtIsValidHeapPointer     000000018000cab0 f   LIBCMTD:dbgheap.obj
 0001:0000bb10       _CrtIsValidPointer         000000018000cb10 f   LIBCMTD:dbgheap.obj
 0001:0000bb50       _CrtMemCheckpoint          000000018000cb50 f   LIBCMTD:dbgheap.obj
 0001:0000bde0       _CrtMemDumpAllObjectsSince 000000018000cde0 f   LIBCMTD:dbgheap.obj
 0001:0000be30       _CrtSetCheckCount          000000018000ce30 f   LIBCMTD:dbgheap.obj
 0001:0000be50       _CrtSetDbgFlag             000000018000ce50 f   LIBCMTD:dbgheap.obj
 0001:0000bf90       _CrtSetDumpClient          000000018000cf90 f   LIBCMTD:dbgheap.obj
 0001:0000bfc0       _calloc_dbg                000000018000cfc0 f   LIBCMTD:dbgheap.obj
 0001:0000c040       _calloc_dbg_impl           000000018000d040 f   LIBCMTD:dbgheap.obj
 0001:0000c0f0       _free_dbg                  000000018000d0f0 f   LIBCMTD:dbgheap.obj
 0001:0000c130       _free_dbg_nolock           000000018000d130 f   LIBCMTD:dbgheap.obj
 0001:0000ccc0       _invoke_watson_if_oneof    000000018000dcc0 f i LIBCMTD:dbgheap.obj
 0001:0000cd30       _malloc_dbg                000000018000dd30 f   LIBCMTD:dbgheap.obj
 0001:0000cd80       _msize_dbg                 000000018000dd80 f   LIBCMTD:dbgheap.obj
 0001:0000cfd0       _nh_malloc_dbg             000000018000dfd0 f   LIBCMTD:dbgheap.obj
 0001:0000d360       _realloc_dbg               000000018000e360 f   LIBCMTD:dbgheap.obj
 0001:0000dcd0       __security_init_cookie     000000018000ecd0 f   LIBCMTD:gs_support.obj
 0001:0000ddf0       DllMain                    000000018000edf0 f   LIBCMTD:dllmain.obj
 0001:0000de10       __crtGetEnvironmentStringsA 000000018000ee10 f   LIBCMTD:a_env.obj
 0001:0000dff0       __crtCaptureCurrentContext 000000018000eff0 f   LIBCMTD:winapisupp.obj
 0001:0000e090       __crtCapturePreviousContext 000000018000f090 f   LIBCMTD:winapisupp.obj
 0001:0000e150       __crtFlsAlloc              000000018000f150 f   LIBCMTD:winapisupp.obj
 0001:0000e1a0       __crtFlsFree               000000018000f1a0 f   LIBCMTD:winapisupp.obj
 0001:0000e1f0       __crtFlsGetValue           000000018000f1f0 f   LIBCMTD:winapisupp.obj
 0001:0000e240       __crtFlsSetValue           000000018000f240 f   LIBCMTD:winapisupp.obj
 0001:0000e2a0       __crtInitializeCriticalSectionEx 000000018000f2a0 f   LIBCMTD:winapisupp.obj
 0001:0000e310       __crtIsPackagedApp         000000018000f310 f   LIBCMTD:winapisupp.obj
 0001:0000e350       __crtLoadWinApiPointers    000000018000f350 f   LIBCMTD:winapisupp.obj
 0001:0000e940       __crtTerminateProcess      000000018000f940 f   LIBCMTD:winapisupp.obj
 0001:0000e960       __crtUnhandledException    000000018000f960 f   LIBCMTD:winapisupp.obj
 0001:0000e990       _RTC_Initialize            000000018000f990 f   LIBCMTD:initsect.obj
 0001:0000e9d0       _RTC_Terminate             000000018000f9d0 f   LIBCMTD:initsect.obj
 0001:0000ea10       __C_specific_handler       000000018000fa10 f   LIBCMTD:chandler.obj
 0001:0000ee30       _CrtDefaultAllocHook       000000018000fe30 f   LIBCMTD:dbghook.obj
 0001:0000ee50       __crt_debugger_hook        000000018000fe50 f   LIBCMTD:dbghook.obj
 0001:0000ee70       _get_fpsr                  000000018000fe70 f   LIBCMTD:fpsr.obj
 0001:0000ee80       _set_fpsr                  000000018000fe80 f   LIBCMTD:fpsr.obj
 0001:0000ee8a       _fclrf                     000000018000fe8a f   LIBCMTD:fpsr.obj
 0001:0000ee9e       _frnd                      000000018000fe9e f   LIBCMTD:fpsr.obj
 0001:0000eec0       _raise_exc_ex              000000018000fec0 f   LIBCMTD:fpexcept.obj
 0001:0000f540       _raise_excf                0000000180010540 f   LIBCMTD:fpexcept.obj
 0001:0000f5a0       _set_errno_from_matherr    00000001800105a0 f   LIBCMTD:fpexcept.obj
 0001:0000f5f0       _matherr                   00000001800105f0 f   LIBCMTD:matherr.obj
 0001:0000f600       _call_reportfault          0000000180010600 f   LIBCMTD:invarg.obj
 0001:0000f730       _initp_misc_invarg         0000000180010730 f   LIBCMTD:invarg.obj
 0001:0000f750       _invalid_parameter         0000000180010750 f   LIBCMTD:invarg.obj
 0001:0000f7e0       _invoke_watson             00000001800107e0 f   LIBCMTD:invarg.obj
 0001:0000f840       __addlocaleref             0000000180010840 f   LIBCMTD:localref.obj
 0001:0000f990       __freetlocinfo             0000000180010990 f   LIBCMTD:localref.obj
 0001:0000fd40       __removelocaleref          0000000180010d40 f   LIBCMTD:localref.obj
 0001:0000fea0       __updatetlocinfo           0000000180010ea0 f   LIBCMTD:localref.obj
 0001:0000ff40       _updatetlocinfoEx_nolock   0000000180010f40 f   LIBCMTD:localref.obj
 0001:0000ffe0       __initmbctable             0000000180010fe0 f   LIBCMTD:mbctype.obj
 0001:00010670       __updatetmbcinfo           0000000180011670 f   LIBCMTD:mbctype.obj
 0001:00010780       _setmbcp                   0000000180011780 f   LIBCMTD:mbctype.obj
 0001:00010a70       _setmbcp_nolock            0000000180011a70 f   LIBCMTD:mbctype.obj
 0001:00010ec0       _isdigit_l                 0000000180011ec0 f i LIBCMTD:_ctype.obj
 0001:00010f60       isdigit                    0000000180011f60 f i LIBCMTD:_ctype.obj
 0001:00010fa0       _tolower_l                 0000000180011fa0 f   LIBCMTD:tolower.obj
 0001:00011300       tolower                    0000000180012300 f   LIBCMTD:tolower.obj
 0001:00011350       strcpy_s                   0000000180012350 f   LIBCMTD:strcpy_s.obj
 0001:00011800       strlen                     0000000180012800 f   LIBCMTD:strlen.obj
 0001:000118b0       strrchr                    00000001800128b0 f   LIBCMTD:strrchr.obj
 0001:00011cd0       _fptostr                   0000000180012cd0 f   LIBCMTD:_fptostr.obj
 0001:00012130       __crt_atoflt_l             0000000180013130 f   LIBCMTD:atodbl.obj
 0001:000122d0       _atodbl_l                  00000001800132d0 f   LIBCMTD:atodbl.obj
 0001:00012450       _atoflt_l                  0000000180013450 f   LIBCMTD:atodbl.obj
 0001:00012480       __dtold                    0000000180013480 f   LIBCMTD:cfout.obj
 0001:00012630       _fltout2                   0000000180013630 f   LIBCMTD:cfout.obj
 0001:00012740       __doserrno                 0000000180013740 f   LIBCMTD:dosmap.obj
 0001:00012770       _dosmaperr                 0000000180013770 f   LIBCMTD:dosmap.obj
 0001:000127a0       _errno                     00000001800137a0 f   LIBCMTD:dosmap.obj
 0001:000127d0       _get_errno_from_oserr      00000001800137d0 f   LIBCMTD:dosmap.obj
 0001:00012860       _CrtDbgReportW             0000000180013860 f   LIBCMTD:dbgrptw.obj
 0001:000128e0       _CrtDbgReportWV            00000001800138e0 f i LIBCMTD:dbgrptw.obj
 0001:00012940       __crtMessageWindowW        0000000180013940 f   LIBCMTD:dbgrptw.obj
 0001:00012fc0       _fptrap                    0000000180013fc0 f   LIBCMTD:crt0fp.obj
 0001:00012fe0       _lock                      0000000180013fe0 f   LIBCMTD:mlock.obj
 0001:00013040       _mtdeletelocks             0000000180014040 f   LIBCMTD:mlock.obj
 0001:00013160       _mtinitlocknum             0000000180014160 f   LIBCMTD:mlock.obj
 0001:00013260       _mtinitlocks               0000000180014260 f   LIBCMTD:mlock.obj
 0001:00013300       _unlock                    0000000180014300 f   LIBCMTD:mlock.obj
 0001:00013330       _FF_MSGBANNER              0000000180014330 f   LIBCMTD:crt0msg.obj
 0001:00013380       _GET_RTERRMSG              0000000180014380 f   LIBCMTD:crt0msg.obj
 0001:000133e0       _NMSG_WRITE                00000001800143e0 f   LIBCMTD:crt0msg.obj
 0001:00013810       _FindPESection             0000000180014810 f   LIBCMTD:pesect.obj
 0001:000138c0       _IsNonwritableInCurrentImage 00000001800148c0 f   LIBCMTD:pesect.obj
 0001:00013950       _ValidateImageBase         0000000180014950 f   LIBCMTD:pesect.obj
 0001:000139d0       __onexitinit               00000001800149d0 f   LIBCMTD:onexit.obj
 0001:00013a40       _onexit                    0000000180014a40 f   LIBCMTD:onexit.obj
 0001:00013c50       atexit                     0000000180014c50 f   LIBCMTD:onexit.obj
 0001:00013c90       ?_inconsistency@@YAXXZ     0000000180014c90 f   LIBCMTD:hooks.obj
 0001:00013cc0       ?terminate@@YAXXZ          0000000180014cc0 f   LIBCMTD:hooks.obj
 0001:00013cf0       _initp_eh_hooks            0000000180014cf0 f   LIBCMTD:hooks.obj
 0001:00013d20       _callnewh                  0000000180014d20 f   LIBCMTD:handler.obj
 0001:00013d60       _initp_heap_handler        0000000180014d60 f   LIBCMTD:handler.obj
 0001:00013d80       _initp_misc_purevirt       0000000180014d80 f   LIBCMTD:inithelp.obj
 0001:00013da0       __get_sigabrt              0000000180014da0 f   LIBCMTD:winsig.obj
 0001:00013dc0       _initp_misc_winsig         0000000180014dc0 f   LIBCMTD:winsig.obj
 0001:00013e00       raise                      0000000180014e00 f   LIBCMTD:winsig.obj
 0001:00014270       _initp_misc_rand_s         0000000180015270 f   LIBCMTD:rand_s.obj
 0001:000142a0       _local_unwind              00000001800152a0 f   LIBCMTD:jmpuwind.obj
 0001:000142d0       _NLG_Notify                00000001800152d0 f   LIBCMTD:jmpuwind.obj
 0001:000142f0       __NLG_Dispatch2            00000001800152f0 f   LIBCMTD:jmpuwind.obj
 0001:00014300       __NLG_Return2              0000000180015300 f   LIBCMTD:jmpuwind.obj
 0001:00014310       __initstdio                0000000180015310 f   LIBCMTD:_file.obj
 0001:00014410       __endstdio                 0000000180015410 f   LIBCMTD:_file.obj
 0001:00014450       __iob_func                 0000000180015450 f   LIBCMTD:_file.obj
 0001:00014460       _lock_file                 0000000180015460 f   LIBCMTD:_file.obj
 0001:000144f0       _lock_file2                00000001800154f0 f   LIBCMTD:_file.obj
 0001:00014540       _unlock_file               0000000180015540 f   LIBCMTD:_file.obj
 0001:000145d0       _unlock_file2              00000001800155d0 f   LIBCMTD:_file.obj
 0001:000146f0       _ismbblead                 00000001800156f0 f   LIBCMTD:ismbbyte.obj
 0001:00014720       _chvalidator               0000000180015720 f   LIBCMTD:isctype.obj
 0001:00014790       _chvalidator_l             0000000180015790 f   LIBCMTD:isctype.obj
 0001:000148a0       _isctype_l                 00000001800158a0 f   LIBCMTD:isctype.obj
 0001:00014a80       _free_base                 0000000180015a80 f   LIBCMTD:free.obj
 0001:00014ae0       _realloc_base              0000000180015ae0 f   LIBCMTD:realloc.obj
 0001:00014c00       _expand_base               0000000180015c00 f   LIBCMTD:expand.obj
 0001:00014de0       _CrtDbgReport              0000000180015de0 f   LIBCMTD:dbgrpt.obj
 0001:00014e60       _CrtDbgReportV             0000000180015e60 f i LIBCMTD:dbgrpt.obj
 0001:00014ec0       __crtMessageWindowA        0000000180015ec0 f   LIBCMTD:dbgrpt.obj
 0001:00015540       _heapchk                   0000000180016540 f   LIBCMTD:heapchk.obj
 0001:00015580       _snprintf_s                0000000180016580 f   LIBCMTD:sprintf.obj
 0001:000155e0       sprintf_s                  00000001800165e0 f   LIBCMTD:sprintf.obj
 0001:00015630       _heap_alloc_base           0000000180016630 f i LIBCMTD:malloc.obj
 0001:000156a0       _malloc_base               00000001800166a0 f   LIBCMTD:malloc.obj
 0001:00015740       __free_lconv_mon           0000000180016740 f   LIBCMTD:initmon.obj
 0001:00015950       __free_lconv_num           0000000180016950 f   LIBCMTD:initnum.obj
 0001:00015a30       __free_lc_time             0000000180016a30 f   LIBCMTD:inittime.obj
 0001:00016970       _MallocaIsSizeInRange      0000000180017970 f i LIBCMTD:a_map.obj
 0001:000169b0       _MarkAllocaS               00000001800179b0 f i LIBCMTD:a_map.obj
 0001:000169e0       __crtLCMapStringA          00000001800179e0 f   LIBCMTD:a_map.obj
 0001:00016a90       _freea                     0000000180017a90 f i LIBCMTD:a_map.obj
 0001:00016ce0       __crtGetStringTypeA        0000000180017ce0 f   LIBCMTD:a_str.obj
 0001:00016e00       ?_GetEstablisherFrame@@YAPEA_KPEA_KPEAU_xDISPATCHER_CONTEXT@@PEBU_s_FuncInfo@@0@Z 0000000180017e00 f   LIBCMTD:trnsctrl.obj
 0001:00016f70       ?_GetRangeOfTrysToCheck@@YAPEBU_s_TryBlockMapEntry@@PEA_KPEBU_s_FuncInfo@@HHPEAI2PEAU_xDISPATCHER_CONTEXT@@@Z 0000000180017f70 f   LIBCMTD:trnsctrl.obj
 0001:00017190       ?__FrameUnwindToEmptyState@@YAXPEA_KPEAU_xDISPATCHER_CONTEXT@@PEBU_s_FuncInfo@@@Z 0000000180018190 f   LIBCMTD:trnsctrl.obj
 0001:00017230       ?__SehTransFilter@@YAHPEAU_EXCEPTION_POINTERS@@PEAUEHExceptionRecord@@PEA_KPEAU_CONTEXT@@PEAU_xDISPATCHER_CONTEXT@@PEBU_s_FuncInfo@@PEAH@Z 0000000180018230 f   LIBCMTD:trnsctrl.obj
 0001:000172f0       _CallSETranslator          00000001800182f0 f   LIBCMTD:trnsctrl.obj
 0001:00017370       _CreateFrameInfo           0000000180018370 f   LIBCMTD:trnsctrl.obj
 0001:000173f0       _FindAndUnlinkFrame        00000001800183f0 f   LIBCMTD:trnsctrl.obj
 0001:00017480       _GetImageBase              0000000180018480 f   LIBCMTD:trnsctrl.obj
 0001:000174a0       _GetThrowImageBase         00000001800184a0 f   LIBCMTD:trnsctrl.obj
 0001:000174c0       _IsExceptionObjectToBeDestroyed 00000001800184c0 f   LIBCMTD:trnsctrl.obj
 0001:00017520       _SetImageBase              0000000180018520 f   LIBCMTD:trnsctrl.obj
 0001:00017540       _SetThrowImageBase         0000000180018540 f   LIBCMTD:trnsctrl.obj
 0001:00017560       _UnwindNestedFrames        0000000180018560 f   LIBCMTD:trnsctrl.obj
 0001:000176d0       __CxxFrameHandler3         00000001800186d0 f   LIBCMTD:trnsctrl.obj
 0001:00017790       _locterm                   0000000180018790 f   LIBCMTD:wsetloca.obj
 0001:000177e0       _isleadbyte_l              00000001800187e0 f i LIBCMTD:_wctype.obj
 0001:00017840       isleadbyte                 0000000180018840 f i LIBCMTD:_wctype.obj
 0001:00017860       _CopyMan                   0000000180018860 f i LIBCMTD:intrncvt.obj
 0001:000178d0       _FillZeroMan               00000001800188d0 f i LIBCMTD:intrncvt.obj
 0001:00017910       _IncMan                    0000000180018910 f i LIBCMTD:intrncvt.obj
 0001:000179f0       _IsZeroMan                 00000001800189f0 f i LIBCMTD:intrncvt.obj
 0001:00017a30       _RoundMan                  0000000180018a30 f i LIBCMTD:intrncvt.obj
 0001:00017b40       _ShrMan                    0000000180018b40 f i LIBCMTD:intrncvt.obj
 0001:00017c80       _ZeroTail                  0000000180018c80 f i LIBCMTD:intrncvt.obj
 0001:00017d30       __addl                     0000000180018d30 f i LIBCMTD:intrncvt.obj
 0001:00017d90       _ld12cvt                   0000000180018d90 f i LIBCMTD:intrncvt.obj
 0001:00018100       _ld12tod                   0000000180019100 f   LIBCMTD:intrncvt.obj
 0001:00018130       _ld12tof                   0000000180019130 f   LIBCMTD:intrncvt.obj
 0001:00018160       __ld12mul                  0000000180019160 f i LIBCMTD:strgtold.obj
 0001:000186d0       __multtenpow12             00000001800196d0 f i LIBCMTD:strgtold.obj
 0001:00018800       __shl_12                   0000000180019800 f i LIBCMTD:strgtold.obj
 0001:000188a0       __shr_12                   00000001800198a0 f i LIBCMTD:strgtold.obj
 0001:00018940       __strgtold12_l             0000000180019940 f   LIBCMTD:strgtold.obj
 0001:00019720       $I10_OUTPUT                000000018001a720 f   LIBCMTD:x10fout.obj
 0001:00019fe0       __add_12                   000000018001afe0 f i LIBCMTD:x10fout.obj
 0001:0001a0c0       memcpy_s                   000000018001b0c0 f   LIBCMTD:memcpy_s.obj
 0001:0001a330       wcscpy_s                   000000018001b330 f   LIBCMTD:wcscpy_s.obj
 0001:0001a7e0       wcslen                     000000018001b7e0 f   LIBCMTD:wcslen.obj
 0001:0001a830       _snwprintf_s               000000018001b830 f   LIBCMTD:swprintf.obj
 0001:0001a890       __crtMessageBoxW           000000018001b890 f   LIBCMTD:crtmboxw.obj
 0001:0001ad00       __crtMessageBoxWaitThreadW 000000018001bd00 f   LIBCMTD:crtmboxw.obj
 0001:0001ad50       _CrtDbgBreak               000000018001bd50 f   LIBCMTD:dbgrptt.obj
 0001:0001ad60       _VCrtDbgReportA            000000018001bd60 f   LIBCMTD:dbgrptt.obj
 0001:0001b730       _VCrtDbgReportW            000000018001c730 f   LIBCMTD:dbgrptt.obj
 0001:0001c280       __chkstk                   000000018001d280 f   LIBCMTD:chkstk.obj
 0001:0001c280       _alloca_probe              000000018001d280 f   LIBCMTD:chkstk.obj
 0001:0001c2d0       wcscat_s                   000000018001d2d0 f   LIBCMTD:wcscat_s.obj
 0001:0001c900       wcsncpy_s                  000000018001d900 f   LIBCMTD:wcsncpy_s.obj
 0001:0001cfa0       _set_error_mode            000000018001dfa0 f   LIBCMTD:errmode.obj
 0001:0001d0b0       abort                      000000018001e0b0 f   LIBCMTD:abort.obj
 0001:0001d140       GetTableIndexFromLocaleName 000000018001e140 f   LIBCMTD:winapinls.obj
 0001:0001d1f0       __crtDownlevelLocaleNameToLCID 000000018001e1f0 f   LIBCMTD:winapinls.obj
 0001:0001d250       __crtLCMapStringEx         000000018001e250 f   LIBCMTD:winapinls.obj
 0001:0001d330       __wcsnicmp_ascii           000000018001e330 f   LIBCMTD:winapinls.obj
 0001:0001d440       _fileno                    000000018001e440 f   LIBCMTD:fileno.obj
 0001:0001d500       _isatty                    000000018001e500 f   LIBCMTD:isatty.obj
 0001:0001d610       _fflush_nolock             000000018001e610 f   LIBCMTD:fflush.obj
 0001:0001d690       _flush                     000000018001e690 f   LIBCMTD:fflush.obj
 0001:0001d780       _flushall                  000000018001e780 f   LIBCMTD:fflush.obj
 0001:0001d910       _fcloseall                 000000018001e910 f   LIBCMTD:closeall.obj
 0001:0001da10       _flsbuf                    000000018001ea10 f   LIBCMTD:_flsbuf.obj
 0001:0001ddb0       _vsnprintf_helper          000000018001edb0 f   LIBCMTD:vsnprnc.obj
 0001:0001e090       _vsnprintf_s               000000018001f090 f   LIBCMTD:vsnprnc.obj
 0001:0001e0e0       _vsnprintf_s_l             000000018001f0e0 f   LIBCMTD:vsnprnc.obj
 0001:0001e680       _vsprintf_s_l              000000018001f680 f   LIBCMTD:vsnprnc.obj
 0001:0001ea10       get_int64_arg              000000018001fa10 f i LIBCMTD:output.obj
 0001:0001ea80       get_int_arg                000000018001fa80 f i LIBCMTD:output.obj
 0001:0001eae0       get_short_arg              000000018001fae0 f i LIBCMTD:output.obj
 0001:0001eb50       free                       000000018001fb50 f   LIBCMTD:dbgfree.obj
 0001:0001eb70       malloc                     000000018001fb70 f   LIBCMTD:dbgmalloc.obj
 0001:0001ebb0       __DestructExceptionObject  000000018001fbb0 f   LIBCMTD:frame.obj
 0001:0001eca0       ??0bad_exception@std@@QEAA@AEBV01@@Z 000000018001fca0 f i LIBCMTD:frame.obj
 0001:0001ece0       ??0bad_exception@std@@QEAA@PEBD@Z 000000018001fce0 f i LIBCMTD:frame.obj
 0001:0001ed20       ??1bad_exception@std@@UEAA@XZ 000000018001fd20 f i LIBCMTD:frame.obj
 0001:0001ed50       ??_Ebad_exception@std@@UEAAPEAXI@Z 000000018001fd50 f i LIBCMTD:frame.obj
 0001:0001ed50       ??_Gbad_exception@std@@UEAAPEAXI@Z 000000018001fd50 f i LIBCMTD:frame.obj
 0001:0001fd20       __AdjustPointer            0000000180020d20 f   LIBCMTD:frame.obj
 0001:0001fda0       __BuildCatchObject         0000000180020da0 f   LIBCMTD:frame.obj
 0001:0001fee0       __BuildCatchObjectHelper   0000000180020ee0 f   LIBCMTD:frame.obj
 0001:00020310       __CxxCallCatchBlock        0000000180021310 f   LIBCMTD:frame.obj
 0001:00020580       __FrameUnwindFilter        0000000180021580 f   LIBCMTD:frame.obj
 0001:00020610       __FrameUnwindToState       0000000180021610 f   LIBCMTD:frame.obj
 0001:00020870       __InternalCxxFrameHandler  0000000180021870 f   LIBCMTD:frame.obj
 0001:00020c90       __TypeMatch                0000000180021c90 f   LIBCMTD:frame.obj
 0001:00020e80       ?__GetCurrentState@@YAHPEA_KPEAU_xDISPATCHER_CONTEXT@@PEBU_s_FuncInfo@@@Z 0000000180021e80 f   LIBCMTD:ehstate.obj
 0001:00020ee0       ?__GetUnwindTryBlock@@YAHPEA_KPEAU_xDISPATCHER_CONTEXT@@PEBU_s_FuncInfo@@@Z 0000000180021ee0 f   LIBCMTD:ehstate.obj
 0001:00020f30       ?__SetState@@YAXPEA_KPEAU_xDISPATCHER_CONTEXT@@PEBU_s_FuncInfo@@H@Z 0000000180021f30 f   LIBCMTD:ehstate.obj
 0001:00020f60       ?__SetUnwindTryBlock@@YAXPEA_KPEAU_xDISPATCHER_CONTEXT@@PEBU_s_FuncInfo@@H@Z 0000000180021f60 f   LIBCMTD:ehstate.obj
 0001:00020fd0       ?__StateFromControlPc@@YAHPEBU_s_FuncInfo@@PEAU_xDISPATCHER_CONTEXT@@@Z 0000000180021fd0 f   LIBCMTD:ehstate.obj
 0001:00021000       ?__StateFromIp@@YAHPEBU_s_FuncInfo@@PEAU_xDISPATCHER_CONTEXT@@_J@Z 0000000180022000 f   LIBCMTD:ehstate.obj
 0001:000210f0       memcmp                     00000001800220f0 f   LIBCMTD:memcmp.obj
 0001:000211c0       __mtold12                  00000001800221c0 f   LIBCMTD:mantold.obj
 0001:00021350       _vsnwprintf_s              0000000180022350 f   LIBCMTD:vswprnc.obj
 0001:000213a0       _vsnwprintf_s_l            00000001800223a0 f   LIBCMTD:vswprnc.obj
 0001:00021950       _vswprintf_helper          0000000180022950 f   LIBCMTD:vswprnc.obj
 0001:00021ca0       strcat_s                   0000000180022ca0 f   LIBCMTD:strcat_s.obj
 0001:000222b0       _itoa_s                    00000001800232b0 f   LIBCMTD:xtoas.obj
 0001:000228e0       _mbstowcs_l_helper         00000001800238e0 f   LIBCMTD:mbstowcs.obj
 0001:00022e50       _mbstowcs_s_l              0000000180023e50 f   LIBCMTD:mbstowcs.obj
 0001:000233e0       mbstowcs_s                 00000001800243e0 f   LIBCMTD:mbstowcs.obj
 0001:000234c0       _wcstombs_l_helper         00000001800244c0 f   LIBCMTD:wcstombs.obj
 0001:00023cd0       _wcstombs_s_l              0000000180024cd0 f   LIBCMTD:wcstombs.obj
 0001:000241d0       wcstombs_s                 00000001800251d0 f   LIBCMTD:wcstombs.obj
 0001:00024220       _itow_s                    0000000180025220 f   LIBCMTD:xtows.obj
 0001:00024870       __GSHandlerCheck_SEH       0000000180025870 f   LIBCMTD:gshandlerseh.obj
 0001:00024930       _commit                    0000000180025930 f   LIBCMTD:commit.obj
 0001:00024bc0       _write                     0000000180025bc0 f   LIBCMTD:write.obj
 0001:00024e60       _write_nolock              0000000180025e60 f   LIBCMTD:write.obj
 0001:00025fa0       _fclose_nolock             0000000180026fa0 f   LIBCMTD:fclose.obj
 0001:000260f0       fclose                     00000001800270f0 f   LIBCMTD:fclose.obj
 0001:000261f0       _lseeki64                  00000001800271f0 f   LIBCMTD:lseeki64.obj
 0001:000264a0       _lseeki64_nolock           00000001800274a0 f   LIBCMTD:lseeki64.obj
 0001:000265c0       _getbuf                    00000001800275c0 f   LIBCMTD:_getbuf.obj
 0001:000266d0       _output_s_l                00000001800276d0 f   LIBCMTD:outputs.obj
 0001:000282b0       _get_printf_count_output   00000001800292b0 f   LIBCMTD:printf.obj
 0001:000282e0       _wctomb_s_l                00000001800292e0 f   LIBCMTD:wctomb.obj
 0001:00028780       wctomb_s                   0000000180029780 f   LIBCMTD:wctomb.obj
 0001:000287d0       ??3@YAXPEAX@Z              00000001800297d0 f   LIBCMTD:dbgdel.obj
 0001:000288b0       strcmp                     00000001800298b0 f   LIBCMTD:strcmp.obj
 0001:00028920       ?_ValidateExecute@@YAHP6A_JXZ@Z 0000000180029920 f   LIBCMTD:validate.obj
 0001:00028950       ?_ValidateWrite@@YAHPEAXI@Z 0000000180029950 f   LIBCMTD:validate.obj
 0001:00028950       ?_ValidateRead@@YAHPEBXI@Z 0000000180029950 f   LIBCMTD:validate.obj
 0001:00028990       _CallSettingFrame          0000000180029990 f   LIBCMTD:handlers.obj
 0001:000289d0       _GetNextInstrOffset        00000001800299d0 f   LIBCMTD:handlers.obj
 0001:000289e0       ??1type_info@@UEAA@XZ      00000001800299e0 f   LIBCMTD:typinfo.obj
 0001:00028a10       ??8type_info@@QEBA_NAEBV0@@Z 0000000180029a10 f   LIBCMTD:typinfo.obj
 0001:00028a60       ??_Etype_info@@UEAAPEAXI@Z 0000000180029a60 f i LIBCMTD:typinfo.obj
 0001:00028a60       ??_Gtype_info@@UEAAPEAXI@Z 0000000180029a60 f i LIBCMTD:typinfo.obj
 0001:00028aa0       ??0exception@std@@QEAA@AEBQEBD@Z 0000000180029aa0 f   LIBCMTD:stdexcpt.obj
 0001:00028af0       ??0exception@std@@QEAA@AEBV01@@Z 0000000180029af0 f   LIBCMTD:stdexcpt.obj
 0001:00028b40       ??1exception@std@@UEAA@XZ  0000000180029b40 f   LIBCMTD:stdexcpt.obj
 0001:00028b70       ??4exception@std@@QEAAAEAV01@AEBV01@@Z 0000000180029b70 f   LIBCMTD:stdexcpt.obj
 0001:00028be0       ??_Eexception@std@@UEAAPEAXI@Z 0000000180029be0 f i LIBCMTD:stdexcpt.obj
 0001:00028be0       ??_Gexception@std@@UEAAPEAXI@Z 0000000180029be0 f i LIBCMTD:stdexcpt.obj
 0001:00028c20       ?_Copy_str@exception@std@@AEAAXPEBD@Z 0000000180029c20 f   LIBCMTD:stdexcpt.obj
 0001:00028c90       ?_Tidy@exception@std@@AEAAXXZ 0000000180029c90 f   LIBCMTD:stdexcpt.obj
 0001:00028cd0       ?what@exception@std@@UEBAPEBDXZ 0000000180029cd0 f   LIBCMTD:stdexcpt.obj
 0001:00028d10       _CxxThrowException         0000000180029d10 f   LIBCMTD:throw.obj
 0001:00028e30       _woutput_s_l               0000000180029e30 f   LIBCMTD:woutputs.obj
 0001:0002a720       _fputwc_nolock             000000018002b720 f   LIBCMTD:fputwc.obj
 0001:0002ab80       _mbtowc_l                  000000018002bb80 f   LIBCMTD:mbtowc.obj
 0001:0002aec0       mbtowc                     000000018002bec0 f   LIBCMTD:mbtowc.obj
 0001:0002aef0       __lock_fhandle             000000018002bef0 f   LIBCMTD:osfinfo.obj
 0001:0002afc0       _free_osfhnd               000000018002bfc0 f   LIBCMTD:osfinfo.obj
 0001:0002b0f0       _get_osfhandle             000000018002c0f0 f   LIBCMTD:osfinfo.obj
 0001:0002b2f0       _unlock_fhandle            000000018002c2f0 f   LIBCMTD:osfinfo.obj
 0001:0002b330       _putwch_nolock             000000018002c330 f   LIBCMTD:putwch.obj
 0001:0002b3a0       _close                     000000018002c3a0 f   LIBCMTD:close.obj
 0001:0002b620       _close_nolock              000000018002c620 f   LIBCMTD:close.obj
 0001:0002b730       _freebuf                   000000018002c730 f   LIBCMTD:_freebuf.obj
 0001:0002b7f0       ?_Type_info_dtor@type_info@@CAXPEAV1@@Z 000000018002c7f0 f   LIBCMTD:typname.obj
 0001:0002b900       _flswbuf                   000000018002c900 f   LIBCMTD:_flswbuf.obj
 0001:0002bcb0       __termconout               000000018002ccb0 f   LIBCMTD:initcon.obj
 0001:0002bce0       __initconout               000000018002cce0 f   LIBCMTD:initcon.obj
 0001:0002bd30       IsProcessorFeaturePresent  000000018002cd30 f   kernel32:KERNEL32.dll
 0001:0002bd36       RtlUnwindEx                000000018002cd36 f   kernel32:KERNEL32.dll
 0002:00000000       __imp_GetCommandLineA      000000018002e000     kernel32:KERNEL32.dll
 0002:00000008       __imp_GetCurrentThreadId   000000018002e008     kernel32:KERNEL32.dll
 0002:00000010       __imp_IsDebuggerPresent    000000018002e010     kernel32:KERNEL32.dll
 0002:00000018       __imp_IsProcessorFeaturePresent 000000018002e018     kernel32:KERNEL32.dll
 0002:00000020       __imp_EncodePointer        000000018002e020     kernel32:KERNEL32.dll
 0002:00000028       __imp_GetLastError         000000018002e028     kernel32:KERNEL32.dll
 0002:00000030       __imp_SetLastError         000000018002e030     kernel32:KERNEL32.dll
 0002:00000038       __imp_DecodePointer        000000018002e038     kernel32:KERNEL32.dll
 0002:00000040       __imp_ExitProcess          000000018002e040     kernel32:KERNEL32.dll
 0002:00000048       __imp_GetModuleHandleExW   000000018002e048     kernel32:KERNEL32.dll
 0002:00000050       __imp_GetProcAddress       000000018002e050     kernel32:KERNEL32.dll
 0002:00000058       __imp_MultiByteToWideChar  000000018002e058     kernel32:KERNEL32.dll
 0002:00000060       __imp_WideCharToMultiByte  000000018002e060     kernel32:KERNEL32.dll
 0002:00000068       __imp_GetProcessHeap       000000018002e068     kernel32:KERNEL32.dll
 0002:00000070       __imp_GetStdHandle         000000018002e070     kernel32:KERNEL32.dll
 0002:00000078       __imp_GetFileType          000000018002e078     kernel32:KERNEL32.dll
 0002:00000080       __imp_DeleteCriticalSection 000000018002e080     kernel32:KERNEL32.dll
 0002:00000088       __imp_GetStartupInfoW      000000018002e088     kernel32:KERNEL32.dll
 0002:00000090       __imp_GetModuleFileNameA   000000018002e090     kernel32:KERNEL32.dll
 0002:00000098       __imp_HeapSize             000000018002e098     kernel32:KERNEL32.dll
 0002:000000a0       __imp_HeapValidate         000000018002e0a0     kernel32:KERNEL32.dll
 0002:000000a8       __imp_GetSystemInfo        000000018002e0a8     kernel32:KERNEL32.dll
 0002:000000b0       __imp_QueryPerformanceCounter 000000018002e0b0     kernel32:KERNEL32.dll
 0002:000000b8       __imp_GetCurrentProcessId  000000018002e0b8     kernel32:KERNEL32.dll
 0002:000000c0       __imp_GetSystemTimeAsFileTime 000000018002e0c0     kernel32:KERNEL32.dll
 0002:000000c8       __imp_GetEnvironmentStringsW 000000018002e0c8     kernel32:KERNEL32.dll
 0002:000000d0       __imp_FreeEnvironmentStringsW 000000018002e0d0     kernel32:KERNEL32.dll
 0002:000000d8       __imp_RtlCaptureContext    000000018002e0d8     kernel32:KERNEL32.dll
 0002:000000e0       __imp_RtlLookupFunctionEntry 000000018002e0e0     kernel32:KERNEL32.dll
 0002:000000e8       __imp_RtlVirtualUnwind     000000018002e0e8     kernel32:KERNEL32.dll
 0002:000000f0       __imp_UnhandledExceptionFilter 000000018002e0f0     kernel32:KERNEL32.dll
 0002:000000f8       __imp_SetUnhandledExceptionFilter 000000018002e0f8     kernel32:KERNEL32.dll
 0002:00000100       __imp_InitializeCriticalSectionAndSpinCount 000000018002e100     kernel32:KERNEL32.dll
 0002:00000108       __imp_GetCurrentProcess    000000018002e108     kernel32:KERNEL32.dll
 0002:00000110       __imp_TerminateProcess     000000018002e110     kernel32:KERNEL32.dll
 0002:00000118       __imp_TlsAlloc             000000018002e118     kernel32:KERNEL32.dll
 0002:00000120       __imp_TlsGetValue          000000018002e120     kernel32:KERNEL32.dll
 0002:00000128       __imp_TlsSetValue          000000018002e128     kernel32:KERNEL32.dll
 0002:00000130       __imp_TlsFree              000000018002e130     kernel32:KERNEL32.dll
 0002:00000138       __imp_GetModuleHandleW     000000018002e138     kernel32:KERNEL32.dll
 0002:00000140       __imp_RtlUnwindEx          000000018002e140     kernel32:KERNEL32.dll
 0002:00000148       __imp_RaiseException       000000018002e148     kernel32:KERNEL32.dll
 0002:00000150       __imp_IsValidCodePage      000000018002e150     kernel32:KERNEL32.dll
 0002:00000158       __imp_GetACP               000000018002e158     kernel32:KERNEL32.dll
 0002:00000160       __imp_GetOEMCP             000000018002e160     kernel32:KERNEL32.dll
 0002:00000168       __imp_GetCPInfo            000000018002e168     kernel32:KERNEL32.dll
 0002:00000170       __imp_GetModuleFileNameW   000000018002e170     kernel32:KERNEL32.dll
 0002:00000178       __imp_EnterCriticalSection 000000018002e178     kernel32:KERNEL32.dll
 0002:00000180       __imp_LeaveCriticalSection 000000018002e180     kernel32:KERNEL32.dll
 0002:00000188       __imp_WriteFile            000000018002e188     kernel32:KERNEL32.dll
 0002:00000190       __imp_LoadLibraryExW       000000018002e190     kernel32:KERNEL32.dll
 0002:00000198       __imp_HeapFree             000000018002e198     kernel32:KERNEL32.dll
 0002:000001a0       __imp_HeapReAlloc          000000018002e1a0     kernel32:KERNEL32.dll
 0002:000001a8       __imp_HeapQueryInformation 000000018002e1a8     kernel32:KERNEL32.dll
 0002:000001b0       __imp_HeapAlloc            000000018002e1b0     kernel32:KERNEL32.dll
 0002:000001b8       __imp_GetStringTypeW       000000018002e1b8     kernel32:KERNEL32.dll
 0002:000001c0       __imp_OutputDebugStringW   000000018002e1c0     kernel32:KERNEL32.dll
 0002:000001c8       __imp_WaitForSingleObjectEx 000000018002e1c8     kernel32:KERNEL32.dll
 0002:000001d0       __imp_CreateThread         000000018002e1d0     kernel32:KERNEL32.dll
 0002:000001d8       __imp_OutputDebugStringA   000000018002e1d8     kernel32:KERNEL32.dll
 0002:000001e0       __imp_WriteConsoleW        000000018002e1e0     kernel32:KERNEL32.dll
 0002:000001e8       __imp_LCMapStringW         000000018002e1e8     kernel32:KERNEL32.dll
 0002:000001f0       __imp_RtlPcToFileHeader    000000018002e1f0     kernel32:KERNEL32.dll
 0002:000001f8       __imp_FlushFileBuffers     000000018002e1f8     kernel32:KERNEL32.dll
 0002:00000200       __imp_GetConsoleCP         000000018002e200     kernel32:KERNEL32.dll
 0002:00000208       __imp_GetConsoleMode       000000018002e208     kernel32:KERNEL32.dll
 0002:00000210       __imp_SetFilePointerEx     000000018002e210     kernel32:KERNEL32.dll
 0002:00000218       __imp_SetStdHandle         000000018002e218     kernel32:KERNEL32.dll
 0002:00000220       __imp_CloseHandle          000000018002e220     kernel32:KERNEL32.dll
 0002:00000228       __imp_CreateFileW          000000018002e228     kernel32:KERNEL32.dll
 0002:00000230       \177KERNEL32_NULL_THUNK_DATA 000000018002e230     kernel32:KERNEL32.dll
 0002:00000238       __xc_a                     000000018002e238     LIBCMTD:crt0init.obj
 0002:00000240       __xc_z                     000000018002e240     LIBCMTD:crt0init.obj
 0002:00000248       __xi_a                     000000018002e248     LIBCMTD:crt0init.obj
 0002:00000278       __xi_z                     000000018002e278     LIBCMTD:crt0init.obj
 0002:00000280       __xp_a                     000000018002e280     LIBCMTD:crt0init.obj
 0002:000002a0       __xp_z                     000000018002e2a0     LIBCMTD:crt0init.obj
 0002:000002a8       __xt_a                     000000018002e2a8     LIBCMTD:crt0init.obj
 0002:000002b0       __xt_z                     000000018002e2b0     LIBCMTD:crt0init.obj
 0002:000002f8       __real@3c23d70a            000000018002e2f8     kiwi.obj
 0002:000002fc       __real@3eaaaaab            000000018002e2fc     kiwi.obj
 0002:00000300       __real@3f000000            000000018002e300     kiwi.obj
 0002:00000304       __real@3f490fdb            000000018002e304     kiwi.obj
 0002:00000308       __real@3f800000            000000018002e308     kiwi.obj
 0002:0000030c       __real@40000000            000000018002e30c     kiwi.obj
 0002:00000310       __real@40c90fdb            000000018002e310     kiwi.obj
 0002:00000314       __real@41000000            000000018002e314     kiwi.obj
 0002:00000318       __real@437f0000            000000018002e318     kiwi.obj
 0002:00000320       __xmm@00000000000000003f8000003f000000 000000018002e320     kiwi.obj
 0002:00000330       __xmm@00000000000000003f800000bf000000 000000018002e330     kiwi.obj
 0002:00000340       __xmm@000000003f800000000000003f800000 000000018002e340     kiwi.obj
 0002:00000350       __xmm@3f0000003f0000000000000000000000 000000018002e350     kiwi.obj
 0002:00000360       __xmm@3f000000bf0000000000000000000000 000000018002e360     kiwi.obj
 0002:00000370       __xmm@3f000000bf0000003f8000003f800000 000000018002e370     kiwi.obj
 0002:00000380       __xmm@3f800000000000003f80000000000000 000000018002e380     kiwi.obj
 0002:00000390       __xmm@3f800000000000003f8000003f000000 000000018002e390     kiwi.obj
 0002:000003a0       __xmm@3f800000000000003f800000bf000000 000000018002e3a0     kiwi.obj
 0002:000003b0       __xmm@3f8000003f0000003f0000003f000000 000000018002e3b0     kiwi.obj
 0002:000003c0       __xmm@3f8000003f0000003f000000bf000000 000000018002e3c0     kiwi.obj
 0002:000003d0       __xmm@3f8000003f000000bf0000003f000000 000000018002e3d0     kiwi.obj
 0002:000003e0       __xmm@3f8000003f000000bf000000bf000000 000000018002e3e0     kiwi.obj
 0002:000003f0       __xmm@3f800000bf0000003f0000003f000000 000000018002e3f0     kiwi.obj
 0002:00000400       __xmm@3f800000bf0000003f000000bf000000 000000018002e400     kiwi.obj
 0002:00000410       __xmm@3f800000bf000000bf0000003f000000 000000018002e410     kiwi.obj
 0002:00000420       __xmm@3f800000bf000000bf000000bf000000 000000018002e420     kiwi.obj
 0002:00000430       __xmm@80000000800000008000000080000000 000000018002e430     kiwi.obj
 0002:00000440       __xmm@bf0000003f0000000000000000000000 000000018002e440     kiwi.obj
 0002:00000450       __xmm@bf0000003f0000003f8000003f800000 000000018002e450     kiwi.obj
 0002:00000460       __xmm@bf000000bf0000003f8000003f800000 000000018002e460     kiwi.obj
 0002:00000bf8       ??_C@_06LEACALBF@atan2f?$AA@ 000000018002ebf8     LIBCMTD:atan2f.obj
 0002:00000c00       __real@3f1a36e2eb1c432d    000000018002ec00     LIBCMTD:atan2f.obj
 0002:00000c08       __real@3fb0000000000000    000000018002ec08     LIBCMTD:atan2f.obj
 0002:00000c10       __real@3fc2492482bd6be1    000000018002ec10     LIBCMTD:atan2f.obj
 0002:00000c18       __real@3fc99999999643a3    000000018002ec18     LIBCMTD:atan2f.obj
 0002:00000c20       __real@3fd5555555550877    000000018002ec20     LIBCMTD:atan2f.obj
 0002:00000c28       __real@3fd5555555555538    000000018002ec28     LIBCMTD:atan2f.obj
 0002:00000c30       __real@3fe0000000000000    000000018002ec30     LIBCMTD:atan2f.obj
 0002:00000c38       __real@4070000000000000    000000018002ec38     LIBCMTD:atan2f.obj
 0002:00000c40       __real@80000000            000000018002ec40     LIBCMTD:atan2f.obj
 0002:00000c50       __xmm@80000000000000008000000000000000 000000018002ec50     LIBCMTD:atan2f.obj
 0002:00000f70       _FPinit                    000000018002ef70     LIBCMTD:fpinit.obj
 0002:00000f78       _pDefaultRawDllMain        000000018002ef78     LIBCMTD:dllcrt0.obj
 0002:00000f78       _pRawDllMain               000000018002ef78     LIBCMTD:dllcrt0.obj
 0002:00000f80       ??_C@_0CL@OOIKPIHN@f?3?2dd?2vctools?2crt?2crtw32?2startup@ 000000018002ef80     LIBCMTD:dllcrt0.obj
 0002:00001130       ??_C@_04LAGPAAHP@sinf?$AA@ 000000018002f130     LIBCMTD:sincos_special.obj
 0002:00001138       ??_C@_03BLEJJJBH@sin?$AA@  000000018002f138     LIBCMTD:sincos_special.obj
 0002:0000113c       ??_C@_04OBBKPIAC@cosf?$AA@ 000000018002f13c     LIBCMTD:sincos_special.obj
 0002:00001144       ??_C@_03LALBNOCG@cos?$AA@  000000018002f144     LIBCMTD:sincos_special.obj
 0002:00001148       ??_C@_03IIINPABG@tan?$AA@  000000018002f148     LIBCMTD:sincos_special.obj
 0002:0000114c       ??_C@_04MHPLPEIA@tanf?$AA@ 000000018002f14c     LIBCMTD:sincos_special.obj
 0002:00001160       __Lcosfarray               000000018002f160     LIBCMTD:Lsincosf_array.obj
 0002:00001190       __Lsinfarray               000000018002f190     LIBCMTD:Lsincosf_array.obj
 0002:000011b0       __L_2_by_pi_bits           000000018002f1b0     LIBCMTD:L2_by_pi_bits.obj
 0002:00001300       ??_C@_1BI@ICGGMGLK@?$AAb?$AAu?$AAf?$AA?5?$AA?$CB?$AA?$DN?$AA?5?$AAN?$AAU?$AAL?$AAL?$AA?$AA@ 000000018002f300     LIBCMTD:cvt.obj
 0002:00001318       ??_C@_15GANGMFKL@?$AA?$CF?$AAs?$AA?$AA@ 000000018002f318     LIBCMTD:cvt.obj
 0002:00001320       ??_C@_1EG@OHONNKNN@?$AAf?$AA?3?$AA?2?$AAd?$AAd?$AA?2?$AAv?$AAc?$AAt?$AAo?$AAo?$AAl?$AAs?$AA?2?$AAc?$AAr?$AAt?$AA?2?$AAf?$AAp?$AAw?$AA3?$AA2?$AA?2?$AAc?$AAo?$AAn?$AAv?$AA?2?$AAc?$AAv?$AAt@ 000000018002f320     LIBCMTD:cvt.obj
 0002:00001368       ??_C@_1BE@OLBNEILL@?$AA_?$AAc?$AAf?$AAt?$AAo?$AAe?$AA2?$AA_?$AAl?$AA?$AA@ 000000018002f368     LIBCMTD:cvt.obj
 0002:00001380       ??_C@_1CA@CBMNPEO@?$AAs?$AAi?$AAz?$AAe?$AAI?$AAn?$AAB?$AAy?$AAt?$AAe?$AAs?$AA?5?$AA?$DO?$AA?5?$AA0?$AA?$AA@ 000000018002f380     LIBCMTD:cvt.obj
 0002:000013a0       ??_C@_1HE@NACBNDPP@?$AAs?$AAi?$AAz?$AAe?$AAI?$AAn?$AAB?$AAy?$AAt?$AAe?$AAs?$AA?5?$AA?$DO?$AA?5?$AA?$CI?$AAs?$AAi?$AAz?$AAe?$AA_?$AAt?$AA?$CJ?$AA?$CI?$AA3?$AA?5?$AA?$CL?$AA?5?$AA?$CI?$AAn?$AAd?$AAe?$AAc@ 000000018002f3a0     LIBCMTD:cvt.obj
 0002:00001420       ??_C@_1LE@EOIFGNCJ@?$AAs?$AAt?$AAr?$AAc?$AAp?$AAy?$AA_?$AAs?$AA?$CI?$AAp?$AA?0?$AA?5?$AA?$CI?$AAs?$AAi?$AAz?$AAe?$AAI?$AAn?$AAB?$AAy?$AAt?$AAe?$AAs?$AA?5?$AA?$DN?$AA?$DN?$AA?5?$AA?$CI?$AAs?$AAi?$AAz@ 000000018002f420     LIBCMTD:cvt.obj
 0002:000014d4       ??_C@_05KLBDPFGC@e?$CL000?$AA@ 000000018002f4d4     LIBCMTD:cvt.obj
 0002:000014e0       ??_C@_1BC@INKAPMHI@?$AA_?$AAc?$AAf?$AAt?$AAo?$AAe?$AA_?$AAl?$AA?$AA@ 000000018002f4e0     LIBCMTD:cvt.obj
 0002:000014f8       ??_C@_1BC@JOKPCIC@?$AA_?$AAc?$AAf?$AAt?$AAo?$AAa?$AA_?$AAl?$AA?$AA@ 000000018002f4f8     LIBCMTD:cvt.obj
 0002:00001510       ??_C@_1FC@IKIMAMJB@?$AAs?$AAi?$AAz?$AAe?$AAI?$AAn?$AAB?$AAy?$AAt?$AAe?$AAs?$AA?5?$AA?$DO?$AA?5?$AA?$CI?$AAs?$AAi?$AAz?$AAe?$AA_?$AAt?$AA?$CJ?$AA?$CI?$AA1?$AA?5?$AA?$CL?$AA?5?$AA4?$AA?5?$AA?$CL?$AA?5?$AAn@ 000000018002f510     LIBCMTD:cvt.obj
 0002:00001568       ??_C@_1BE@CKPDLI@?$AA_?$AAc?$AAf?$AAt?$AAo?$AAf?$AA2?$AA_?$AAl?$AA?$AA@ 000000018002f568     LIBCMTD:cvt.obj
 0002:00001580       ??_C@_1BC@DCPPLJL@?$AA_?$AAc?$AAf?$AAt?$AAo?$AAf?$AA_?$AAl?$AA?$AA@ 000000018002f580     LIBCMTD:cvt.obj
 0002:00001598       ??_C@_1BC@MPIFPLAF@?$AA_?$AAc?$AAf?$AAt?$AAo?$AAg?$AA_?$AAl?$AA?$AA@ 000000018002f598     LIBCMTD:cvt.obj
 0002:000015b0       __real@0000000000000000    000000018002f5b0     LIBCMTD:cvt.obj
 0002:000015c0       _XcptActTab                000000018002f5c0     LIBCMTD:winxfltr.obj
 0002:00001680       _XcptActTabCount           000000018002f680     LIBCMTD:winxfltr.obj
 0002:00001684       _XcptActTabSize            000000018002f684     LIBCMTD:winxfltr.obj
 0002:00001688       _First_FPE_Indx            000000018002f688     LIBCMTD:winxfltr.obj
 0002:0000168c       _Num_FPE                   000000018002f68c     LIBCMTD:winxfltr.obj
 0002:00001690       ??_C@_0CM@KPPOKOAI@f?3?2dd?2vctools?2crt?2crtw32?2startup@ 000000018002f690     LIBCMTD:tidtable.obj
 0002:000016c0       ??_C@_1BI@BGOHAHKC@?$AAm?$AAs?$AAc?$AAo?$AAr?$AAe?$AAe?$AA?4?$AAd?$AAl?$AAl?$AA?$AA@ 000000018002f6c0     LIBCMTD:crt0dat.obj
 0002:000016d8       ??_C@_0P@MIGLKIOC@CorExitProcess?$AA@ 000000018002f6d8     LIBCMTD:crt0dat.obj
 0002:000016e8       ??_C@_0CI@BIOGDJKL@f?3?2dd?2vctools?2crt?2crtw32?2lowio?2i@ 000000018002f6e8     LIBCMTD:ioinit.obj
 0002:00001710       ??_C@_0CL@OBKFGCKK@f?3?2dd?2vctools?2crt?2crtw32?2startup@ 000000018002f710     LIBCMTD:stdargv.obj
 0002:00001740       ??_C@_0CL@BJBFGFLH@f?3?2dd?2vctools?2crt?2crtw32?2startup@ 000000018002f740     LIBCMTD:stdenvp.obj
 0002:00001770       ??_C@_1FG@MHBLOJIO@?$AAf?$AA?3?$AA?2?$AAd?$AAd?$AA?2?$AAv?$AAc?$AAt?$AAo?$AAo?$AAl?$AAs?$AA?2?$AAc?$AAr?$AAt?$AA?2?$AAc?$AAr?$AAt?$AAw?$AA3?$AA2?$AA?2?$AAs?$AAt?$AAa?$AAr?$AAt?$AAu?$AAp@ 000000018002f770     LIBCMTD:stdenvp.obj
 0002:000017c8       ??_C@_1BC@GHMCNHHL@?$AA_?$AAs?$AAe?$AAt?$AAe?$AAn?$AAv?$AAp?$AA?$AA@ 000000018002f7c8     LIBCMTD:stdenvp.obj
 0002:000017e0       ??_C@_1DE@MMOGFGHF@?$AAs?$AAt?$AAr?$AAc?$AAp?$AAy?$AA_?$AAs?$AA?$CI?$AA?$CK?$AAe?$AAn?$AAv?$AA?0?$AA?5?$AAc?$AAc?$AAh?$AAa?$AAr?$AAs?$AA?0?$AA?5?$AAp?$AA?$CJ?$AA?$AA@ 000000018002f7e0     LIBCMTD:stdenvp.obj
 0002:00001840       ??_C@_04HJMOFLDF@Free?$AA@ 000000018002f840     LIBCMTD:dbgheap.obj
 0002:00001848       ??_C@_06EFAGIKOH@Normal?$AA@ 000000018002f848     LIBCMTD:dbgheap.obj
 0002:00001850       ??_C@_03OGPFLFLO@CRT?$AA@  000000018002f850     LIBCMTD:dbgheap.obj
 0002:00001854       ??_C@_06KMEJCCGM@Ignore?$AA@ 000000018002f854     LIBCMTD:dbgheap.obj
 0002:0000185c       ??_C@_06PJIGMIJB@Client?$AA@ 000000018002f85c     LIBCMTD:dbgheap.obj
 0002:00001868       ??_C@_1CE@LJFEPPMP@?$AA_?$AAC?$AAr?$AAt?$AAC?$AAh?$AAe?$AAc?$AAk?$AAM?$AAe?$AAm?$AAo?$AAr?$AAy?$AA?$CI?$AA?$CJ?$AA?$AA@ 000000018002f868     LIBCMTD:dbgheap.obj
 0002:00001890       ??_C@_1FA@JKEKCOIC@?$AAf?$AA?3?$AA?2?$AAd?$AAd?$AA?2?$AAv?$AAc?$AAt?$AAo?$AAo?$AAl?$AAs?$AA?2?$AAc?$AAr?$AAt?$AA?2?$AAc?$AAr?$AAt?$AAw?$AA3?$AA2?$AA?2?$AAm?$AAi?$AAs?$AAc?$AA?2?$AAd?$AAb@ 000000018002f890     LIBCMTD:dbgheap.obj
 0002:000018e0       ??_C@_0DF@BBEGIFEK@Client?5hook?5allocation?5failure?5a@ 000000018002f8e0     LIBCMTD:dbgheap.obj
 0002:00001918       ??_C@_0CB@CCLOLAHO@Client?5hook?5allocation?5failure?4?6@ 000000018002f918     LIBCMTD:dbgheap.obj
 0002:0000193c       ??_C@_02DKCKIIND@?$CFs?$AA@ 000000018002f93c     LIBCMTD:dbgheap.obj
 0002:00001940       ??_C@_0CF@BICKFLAF@Invalid?5allocation?5size?3?5?$CFIu?5byt@ 000000018002f940     LIBCMTD:dbgheap.obj
 0002:00001968       ??_C@_0DC@JEMAGEKG@Error?3?5memory?5allocation?3?5bad?5me@ 000000018002f968     LIBCMTD:dbgheap.obj
 0002:000019a0       ??_C@_0DI@KKJPDPGM@Client?5hook?5re?9allocation?5failur@ 000000018002f9a0     LIBCMTD:dbgheap.obj
 0002:000019d8       ??_C@_0CE@DOFMDOL@Client?5hook?5re?9allocation?5failur@ 000000018002f9d8     LIBCMTD:dbgheap.obj
 0002:00001a00       ??_C@_0ED@GPCPBAGP@Invalid?5allocation?5size?3?5?$CFIu?5byt@ 000000018002fa00     LIBCMTD:dbgheap.obj
 0002:00001a50       ??_C@_0FA@EFEIGJKG@Error?3?5memory?5allocation?3?5bad?5me@ 000000018002fa50     LIBCMTD:dbgheap.obj
 0002:00001aa0       ??_C@_0EM@LGFLMAGJ@The?5Block?5at?50x?$CFp?5was?5allocated?5@ 000000018002faa0     LIBCMTD:dbgheap.obj
 0002:00001af0       ??_C@_1EE@GFOPCECE@?$AA_?$AAC?$AAr?$AAt?$AAI?$AAs?$AAV?$AAa?$AAl?$AAi?$AAd?$AAH?$AAe?$AAa?$AAp?$AAP?$AAo?$AAi?$AAn?$AAt?$AAe?$AAr?$AA?$CI?$AAp?$AAU?$AAs?$AAe?$AAr?$AAD?$AAa?$AAt?$AAa@ 000000018002faf0     LIBCMTD:dbgheap.obj
 0002:00001b40       ??_C@_1IK@DCPKDGNH@?$AAp?$AAO?$AAl?$AAd?$AAB?$AAl?$AAo?$AAc?$AAk?$AA?9?$AA?$DO?$AAn?$AAL?$AAi?$AAn?$AAe?$AA?5?$AA?$DN?$AA?$DN?$AA?5?$AAI?$AAG?$AAN?$AAO?$AAR?$AAE?$AA_?$AAL?$AAI?$AAN?$AAE?$AA?5@ 000000018002fb40     LIBCMTD:dbgheap.obj
 0002:00001bd0       ??_C@_0DA@HFBKENN@Error?3?5possible?5heap?5corruption?5@ 000000018002fbd0     LIBCMTD:dbgheap.obj
 0002:00001c00       ??_C@_1GE@PCKLOLAO@?$AAf?$AAR?$AAe?$AAa?$AAl?$AAl?$AAo?$AAc?$AA?5?$AA?$HM?$AA?$HM?$AA?5?$AA?$CI?$AA?$CB?$AAf?$AAR?$AAe?$AAa?$AAl?$AAl?$AAo?$AAc?$AA?5?$AA?$CG?$AA?$CG?$AA?5?$AAp?$AAN?$AAe?$AAw?$AAB?$AAl@ 000000018002fc00     LIBCMTD:dbgheap.obj
 0002:00001c68       ??_C@_1DC@GEFKNOOL@?$AA_?$AAp?$AAL?$AAa?$AAs?$AAt?$AAB?$AAl?$AAo?$AAc?$AAk?$AA?5?$AA?$DN?$AA?$DN?$AA?5?$AAp?$AAO?$AAl?$AAd?$AAB?$AAl?$AAo?$AAc?$AAk?$AA?$AA@ 000000018002fc68     LIBCMTD:dbgheap.obj
 0002:00001ca0       ??_C@_1DE@KOOKLFBB@?$AA_?$AAp?$AAF?$AAi?$AAr?$AAs?$AAt?$AAB?$AAl?$AAo?$AAc?$AAk?$AA?5?$AA?$DN?$AA?$DN?$AA?5?$AAp?$AAO?$AAl?$AAd?$AAB?$AAl?$AAo?$AAc?$AAk?$AA?$AA@ 000000018002fca0     LIBCMTD:dbgheap.obj
 0002:00001cd8       ??_C@_1CE@CJACEFBA@?$AAp?$AAU?$AAs?$AAe?$AAr?$AAD?$AAa?$AAt?$AAa?$AA?5?$AA?$CB?$AA?$DN?$AA?5?$AAN?$AAU?$AAL?$AAL?$AA?$AA@ 000000018002fcd8     LIBCMTD:dbgheap.obj
 0002:00001d00       ??_C@_0EJ@HEIBCIMJ@The?5Block?5at?50x?$CFp?5was?5allocated?5@ 000000018002fd00     LIBCMTD:dbgheap.obj
 0002:00001d50       ??_C@_0BL@KEIPLFAC@Client?5hook?5free?5failure?4?6?$AA@ 000000018002fd50     LIBCMTD:dbgheap.obj
 0002:00001d70       ??_C@_1EO@LHDAJOCM@?$AA_?$AAB?$AAL?$AAO?$AAC?$AAK?$AA_?$AAT?$AAY?$AAP?$AAE?$AA_?$AAI?$AAS?$AA_?$AAV?$AAA?$AAL?$AAI?$AAD?$AA?$CI?$AAp?$AAH?$AAe?$AAa?$AAd?$AA?9?$AA?$DO?$AAn?$AAB?$AAl?$AAo@ 000000018002fd70     LIBCMTD:dbgheap.obj
 0002:00001dc0       ??_C@_0KI@JGFOHMEB@HEAP?5CORRUPTION?5DETECTED?3?5before@ 000000018002fdc0     LIBCMTD:dbgheap.obj
 0002:00001e70       ??_C@_0IK@PJCGLBOB@HEAP?5CORRUPTION?5DETECTED?3?5before@ 000000018002fe70     LIBCMTD:dbgheap.obj
 0002:00001f00       ??_C@_0KE@MBMNHHHN@HEAP?5CORRUPTION?5DETECTED?3?5after?5@ 000000018002ff00     LIBCMTD:dbgheap.obj
 0002:00001fb0       ??_C@_0IG@LEMBDCJK@HEAP?5CORRUPTION?5DETECTED?3?5after?5@ 000000018002ffb0     LIBCMTD:dbgheap.obj
 0002:00002040       ??_C@_1HK@HPCBMDFG@?$AAp?$AAH?$AAe?$AAa?$AAd?$AA?9?$AA?$DO?$AAn?$AAL?$AAi?$AAn?$AAe?$AA?5?$AA?$DN?$AA?$DN?$AA?5?$AAI?$AAG?$AAN?$AAO?$AAR?$AAE?$AA_?$AAL?$AAI?$AAN?$AAE?$AA?5?$AA?$CG?$AA?$CG?$AA?5?$AAp@ 0000000180030040     LIBCMTD:dbgheap.obj
 0002:000020c0       ??_C@_1DM@ODCJIDCP@?$AAp?$AAH?$AAe?$AAa?$AAd?$AA?9?$AA?$DO?$AAn?$AAB?$AAl?$AAo?$AAc?$AAk?$AAU?$AAs?$AAe?$AA?5?$AA?$DN?$AA?$DN?$AA?5?$AAn?$AAB?$AAl?$AAo?$AAc?$AAk?$AAU?$AAs?$AAe?$AA?$AA@ 00000001800300c0     LIBCMTD:dbgheap.obj
 0002:00002100       ??_C@_1CK@DMAGEMBG@?$AA_?$AAp?$AAL?$AAa?$AAs?$AAt?$AAB?$AAl?$AAo?$AAc?$AAk?$AA?5?$AA?$DN?$AA?$DN?$AA?5?$AAp?$AAH?$AAe?$AAa?$AAd?$AA?$AA@ 0000000180030100     LIBCMTD:dbgheap.obj
 0002:00002130       ??_C@_1CM@MMAADDMD@?$AA_?$AAp?$AAF?$AAi?$AAr?$AAs?$AAt?$AAB?$AAl?$AAo?$AAc?$AAk?$AA?5?$AA?$DN?$AA?$DN?$AA?5?$AAp?$AAH?$AAe?$AAa?$AAd?$AA?$AA@ 0000000180030130     LIBCMTD:dbgheap.obj
 0002:00002160       ??_C@_1BG@MBKOGDLD@?$AA_?$AAm?$AAs?$AAi?$AAz?$AAe?$AA_?$AAd?$AAb?$AAg?$AA?$AA@ 0000000180030160     LIBCMTD:dbgheap.obj
 0002:00002178       ??_C@_0CE@MKKHMBMK@_heapchk?5fails?5with?5_HEAPBADBEGI@ 0000000180030178     LIBCMTD:dbgheap.obj
 0002:000021a0       ??_C@_0CD@CPKEAPBD@_heapchk?5fails?5with?5_HEAPBADNODE@ 00000001800301a0     LIBCMTD:dbgheap.obj
 0002:000021c8       ??_C@_0CC@MJGLGBDG@_heapchk?5fails?5with?5_HEAPBADEND?4@ 00000001800301c8     LIBCMTD:dbgheap.obj
 0002:000021f0       ??_C@_0CC@MFFCHFHO@_heapchk?5fails?5with?5_HEAPBADPTR?4@ 00000001800301f0     LIBCMTD:dbgheap.obj
 0002:00002218       ??_C@_0CL@HNNNMKMJ@_heapchk?5fails?5with?5unknown?5retu@ 0000000180030218     LIBCMTD:dbgheap.obj
 0002:00002248       ??_C@_07OHKEFPKJ@DAMAGED?$AA@ 0000000180030248     LIBCMTD:dbgheap.obj
 0002:00002250       ??_C@_0KA@IHNJJKPL@HEAP?5CORRUPTION?5DETECTED?3?5on?5top@ 0000000180030250     LIBCMTD:dbgheap.obj
 0002:000022f0       ??_C@_0IC@BBJIOOJH@HEAP?5CORRUPTION?5DETECTED?3?5on?5top@ 00000001800302f0     LIBCMTD:dbgheap.obj
 0002:00002380       ??_C@_0EG@DGJMPDBH@?$CFhs?5located?5at?50x?$CFp?5is?5?$CFIu?5bytes@ 0000000180030380     LIBCMTD:dbgheap.obj
 0002:000023c8       ??_C@_0CI@JMLBEDHJ@?$CFhs?5located?5at?50x?$CFp?5is?5?$CFIu?5bytes@ 00000001800303c8     LIBCMTD:dbgheap.obj
 0002:000023f0       ??_C@_1BHO@NNANJNF@?$AA?$CI?$AAf?$AAN?$AAe?$AAw?$AAB?$AAi?$AAt?$AAs?$AA?$DN?$AA?$DN?$AA_?$AAC?$AAR?$AAT?$AAD?$AAB?$AAG?$AA_?$AAR?$AAE?$AAP?$AAO?$AAR?$AAT?$AA_?$AAF?$AAL?$AAA?$AAG?$AA?$CJ?$AA?5@ 00000001800303f0     LIBCMTD:dbgheap.obj
 0002:00002570       ??_C@_1BO@GJFDNMNF@?$AA_?$AAC?$AAr?$AAt?$AAS?$AAe?$AAt?$AAD?$AAb?$AAg?$AAF?$AAl?$AAa?$AAg?$AA?$AA@ 0000000180030570     LIBCMTD:dbgheap.obj
 0002:00002590       ??_C@_1BM@MIMANDHC@?$AAs?$AAt?$AAa?$AAt?$AAe?$AA?5?$AA?$CB?$AA?$DN?$AA?5?$AAN?$AAU?$AAL?$AAL?$AA?$AA@ 0000000180030590     LIBCMTD:dbgheap.obj
 0002:000025b0       ??_C@_1CE@NJJKELF@?$AA_?$AAC?$AAr?$AAt?$AAM?$AAe?$AAm?$AAC?$AAh?$AAe?$AAc?$AAk?$AAp?$AAo?$AAi?$AAn?$AAt?$AA?$AA@ 00000001800305b0     LIBCMTD:dbgheap.obj
 0002:000025d8       ??_C@_0DP@LEFMFBOD@Bad?5memory?5block?5found?5at?50x?$CFp?4?6@ 00000001800305d8     LIBCMTD:dbgheap.obj
 0002:00002618       ??_C@_0CB@EAAIGELO@Bad?5memory?5block?5found?5at?50x?$CFp?4?6@ 0000000180030618     LIBCMTD:dbgheap.obj
 0002:0000263c       ??_C@_05MKKEDADM@?$CF?42X?5?$AA@ 000000018003063c     LIBCMTD:dbgheap.obj
 0002:00002648       ??_C@_1CG@LPFIACGM@?$AA_?$AAp?$AAr?$AAi?$AAn?$AAt?$AAM?$AAe?$AAm?$AAB?$AAl?$AAo?$AAc?$AAk?$AAD?$AAa?$AAt?$AAa?$AA?$AA@ 0000000180030648     LIBCMTD:dbgheap.obj
 0002:00002670       ??_C@_1BI@KALLJECN@?$AA?$CI?$AA?$CK?$AA_?$AAe?$AAr?$AAr?$AAn?$AAo?$AA?$CI?$AA?$CJ?$AA?$CJ?$AA?$AA@ 0000000180030670     LIBCMTD:dbgheap.obj
 0002:00002688       ??_C@_0BA@HJBKCELP@?5Data?3?5?$DM?$CFs?$DO?5?$CFs?6?$AA@ 0000000180030688     LIBCMTD:dbgheap.obj
 0002:00002698       ??_C@_0BE@KCIPKCIA@Dumping?5objects?5?9?$DO?6?$AA@ 0000000180030698     LIBCMTD:dbgheap.obj
 0002:000026b0       ??_C@_0BE@OIEFNFL@?$CDFile?5Error?$CD?$CI?$CFd?$CJ?5?3?5?$AA@ 00000001800306b0     LIBCMTD:dbgheap.obj
 0002:000026c8       ??_C@_0L@JMEFFCCJ@?$CFhs?$CI?$CFd?$CJ?5?3?5?$AA@ 00000001800306c8     LIBCMTD:dbgheap.obj
 0002:000026d4       ??_C@_06PKLGBFGM@?$HL?$CFld?$HN?5?$AA@ 00000001800306d4     LIBCMTD:dbgheap.obj
 0002:000026e0       ??_C@_0DD@GHNAAKBB@client?5block?5at?50x?$CFp?0?5subtype?5?$CFx@ 00000001800306e0     LIBCMTD:dbgheap.obj
 0002:00002718       ??_C@_0CH@FAGDDGPN@normal?5block?5at?50x?$CFp?0?5?$CFIu?5bytes?5@ 0000000180030718     LIBCMTD:dbgheap.obj
 0002:00002740       ??_C@_0DA@MDLBNIBM@crt?5block?5at?50x?$CFp?0?5subtype?5?$CFx?0?5?$CF@ 0000000180030740     LIBCMTD:dbgheap.obj
 0002:00002770       ??_C@_0BH@GFGKJDCO@Object?5dump?5complete?4?6?$AA@ 0000000180030770     LIBCMTD:dbgheap.obj
 0002:00002788       ??_C@_0BI@JBFPOEJA@Detected?5memory?5leaks?$CB?6?$AA@ 0000000180030788     LIBCMTD:dbgheap.obj
 0002:000027a0       ??_C@_0CG@NNNNMKLF@f?3?2dd?2vctools?2crt?2crtw32?2misc?2a_@ 00000001800307a0     LIBCMTD:a_env.obj
 0002:000027c8       ??_C@_1BK@MGMFAEKH@?$AAk?$AAe?$AAr?$AAn?$AAe?$AAl?$AA3?$AA2?$AA?4?$AAd?$AAl?$AAl?$AA?$AA@ 00000001800307c8     LIBCMTD:winapisupp.obj
 0002:000027e8       ??_C@_08KNHFBNJ@FlsAlloc?$AA@ 00000001800307e8     LIBCMTD:winapisupp.obj
 0002:000027f8       ??_C@_07PEJMOBNF@FlsFree?$AA@ 00000001800307f8     LIBCMTD:winapisupp.obj
 0002:00002800       ??_C@_0M@GDNOONDI@FlsGetValue?$AA@ 0000000180030800     LIBCMTD:winapisupp.obj
 0002:00002810       ??_C@_0M@JCPCPOEF@FlsSetValue?$AA@ 0000000180030810     LIBCMTD:winapisupp.obj
 0002:00002820       ??_C@_0BM@HCFOFFN@InitializeCriticalSectionEx?$AA@ 0000000180030820     LIBCMTD:winapisupp.obj
 0002:00002840       ??_C@_0P@DLHPPCNH@CreateEventExW?$AA@ 0000000180030840     LIBCMTD:winapisupp.obj
 0002:00002850       ??_C@_0BD@KIEEOEEH@CreateSemaphoreExW?$AA@ 0000000180030850     LIBCMTD:winapisupp.obj
 0002:00002868       ??_C@_0BI@BKLFFAPO@SetThreadStackGuarantee?$AA@ 0000000180030868     LIBCMTD:winapisupp.obj
 0002:00002880       ??_C@_0BG@OGFAJCKC@CreateThreadpoolTimer?$AA@ 0000000180030880     LIBCMTD:winapisupp.obj
 0002:00002898       ??_C@_0BD@LPLEMMDI@SetThreadpoolTimer?$AA@ 0000000180030898     LIBCMTD:winapisupp.obj
 0002:000028b0       ??_C@_0CA@FMNJENH@WaitForThreadpoolTimerCallbacks?$AA@ 00000001800308b0     LIBCMTD:winapisupp.obj
 0002:000028d0       ??_C@_0BF@DCFCCNOC@CloseThreadpoolTimer?$AA@ 00000001800308d0     LIBCMTD:winapisupp.obj
 0002:000028e8       ??_C@_0BF@FLABGKKM@CreateThreadpoolWait?$AA@ 00000001800308e8     LIBCMTD:winapisupp.obj
 0002:00002900       ??_C@_0BC@MGCOHNA@SetThreadpoolWait?$AA@ 0000000180030900     LIBCMTD:winapisupp.obj
 0002:00002918       ??_C@_0BE@OCIOMIMP@CloseThreadpoolWait?$AA@ 0000000180030918     LIBCMTD:winapisupp.obj
 0002:00002930       ??_C@_0BJ@LKGHFHBO@FlushProcessWriteBuffers?$AA@ 0000000180030930     LIBCMTD:winapisupp.obj
 0002:00002950       ??_C@_0BP@KALKKPMO@FreeLibraryWhenCallbackReturns?$AA@ 0000000180030950     LIBCMTD:winapisupp.obj
 0002:00002970       ??_C@_0BK@DFNBACLA@GetCurrentProcessorNumber?$AA@ 0000000180030970     LIBCMTD:winapisupp.obj
 0002:00002990       ??_C@_0BP@KHGALBC@GetLogicalProcessorInformation?$AA@ 0000000180030990     LIBCMTD:winapisupp.obj
 0002:000029b0       ??_C@_0BE@FKKLLFLM@CreateSymbolicLinkW?$AA@ 00000001800309b0     LIBCMTD:winapisupp.obj
 0002:000029c8       ??_C@_0BJ@OHNKDLIJ@SetDefaultDllDirectories?$AA@ 00000001800309c8     LIBCMTD:winapisupp.obj
 0002:000029e8       ??_C@_0BE@LJANKFHF@EnumSystemLocalesEx?$AA@ 00000001800309e8     LIBCMTD:winapisupp.obj
 0002:00002a00       ??_C@_0BA@IHGNDAEB@CompareStringEx?$AA@ 0000000180030a00     LIBCMTD:winapisupp.obj
 0002:00002a10       ??_C@_0BA@EPCJIIPD@GetDateFormatEx?$AA@ 0000000180030a10     LIBCMTD:winapisupp.obj
 0002:00002a20       ??_C@_0BA@ONOKGCMP@GetLocaleInfoEx?$AA@ 0000000180030a20     LIBCMTD:winapisupp.obj
 0002:00002a30       ??_C@_0BA@CIJJKCJJ@GetTimeFormatEx?$AA@ 0000000180030a30     LIBCMTD:winapisupp.obj
 0002:00002a40       ??_C@_0BJ@PBCCBIPI@GetUserDefaultLocaleName?$AA@ 0000000180030a40     LIBCMTD:winapisupp.obj
 0002:00002a60       ??_C@_0BC@CELBKLLA@IsValidLocaleName?$AA@ 0000000180030a60     LIBCMTD:winapisupp.obj
 0002:00002a78       ??_C@_0O@KKBNKAPF@LCMapStringEx?$AA@ 0000000180030a78     LIBCMTD:winapisupp.obj
 0002:00002a88       ??_C@_0BE@JOGNEJCI@GetCurrentPackageId?$AA@ 0000000180030a88     LIBCMTD:winapisupp.obj
 0002:00002aa0       ??_C@_0P@CDHHOHKP@GetTickCount64?$AA@ 0000000180030aa0     LIBCMTD:winapisupp.obj
 0002:00002ab0       ??_C@_0BO@KPCLFDJJ@GetFileInformationByHandleExW?$AA@ 0000000180030ab0     LIBCMTD:winapisupp.obj
 0002:00002ad0       ??_C@_0BM@MHIDLABK@SetFileInformationByHandleW?$AA@ 0000000180030ad0     LIBCMTD:winapisupp.obj
 0002:00002b00       ??_C@_03KHJOGHMM@exp?$AA@  0000000180030b00     LIBCMTD:fpexcept.obj
 0002:00002b04       ??_C@_03JGHBODFD@pow?$AA@  0000000180030b04     LIBCMTD:fpexcept.obj
 0002:00002b08       ??_C@_03MGHMBJCF@log?$AA@  0000000180030b08     LIBCMTD:fpexcept.obj
 0002:00002b0c       ??_C@_05HGHHAHAP@log10?$AA@ 0000000180030b0c     LIBCMTD:fpexcept.obj
 0002:00002b14       ??_C@_04COOMCNPB@sinh?$AA@ 0000000180030b14     LIBCMTD:fpexcept.obj
 0002:00002b1c       ??_C@_04HPJJNFIM@cosh?$AA@ 0000000180030b1c     LIBCMTD:fpexcept.obj
 0002:00002b24       ??_C@_04FJHINJAO@tanh?$AA@ 0000000180030b24     LIBCMTD:fpexcept.obj
 0002:00002b2c       ??_C@_04FIHNOPOL@asin?$AA@ 0000000180030b2c     LIBCMTD:fpexcept.obj
 0002:00002b34       ??_C@_04PDIFKINK@acos?$AA@ 0000000180030b34     LIBCMTD:fpexcept.obj
 0002:00002b3c       ??_C@_04MLLJIGOK@atan?$AA@ 0000000180030b3c     LIBCMTD:fpexcept.obj
 0002:00002b44       ??_C@_05KNGEOGJB@atan2?$AA@ 0000000180030b44     LIBCMTD:fpexcept.obj
 0002:00002b4c       ??_C@_04EIAKFFMI@sqrt?$AA@ 0000000180030b4c     LIBCMTD:fpexcept.obj
 0002:00002b54       ??_C@_04GFPJNGEK@ceil?$AA@ 0000000180030b54     LIBCMTD:fpexcept.obj
 0002:00002b5c       ??_C@_05PBJFFIGL@floor?$AA@ 0000000180030b5c     LIBCMTD:fpexcept.obj
 0002:00002b64       ??_C@_04ODHECPBC@fabs?$AA@ 0000000180030b64     LIBCMTD:fpexcept.obj
 0002:00002b6c       ??_C@_04EHEDPDJG@modf?$AA@ 0000000180030b6c     LIBCMTD:fpexcept.obj
 0002:00002b74       ??_C@_05CEJMAHNP@ldexp?$AA@ 0000000180030b74     LIBCMTD:fpexcept.obj
 0002:00002b7c       ??_C@_05KBKMEMPO@_cabs?$AA@ 0000000180030b7c     LIBCMTD:fpexcept.obj
 0002:00002b84       ??_C@_06MEIMCGCF@_hypot?$AA@ 0000000180030b84     LIBCMTD:fpexcept.obj
 0002:00002b8c       ??_C@_04KEPJIHGP@fmod?$AA@ 0000000180030b8c     LIBCMTD:fpexcept.obj
 0002:00002b94       ??_C@_05GKKHEGJL@frexp?$AA@ 0000000180030b94     LIBCMTD:fpexcept.obj
 0002:00002b9c       ??_C@_03MJLDFKDL@_y0?$AA@  0000000180030b9c     LIBCMTD:fpexcept.obj
 0002:00002ba0       ??_C@_03NAKIGLHK@_y1?$AA@  0000000180030ba0     LIBCMTD:fpexcept.obj
 0002:00002ba4       ??_C@_03ONILCKOB@_yn?$AA@  0000000180030ba4     LIBCMTD:fpexcept.obj
 0002:00002ba8       ??_C@_05JGDBENOH@_logb?$AA@ 0000000180030ba8     LIBCMTD:fpexcept.obj
 0002:00002bb0       ??_C@_0L@KDOEJCKC@_nextafter?$AA@ 0000000180030bb0     LIBCMTD:fpexcept.obj
 0002:00002bc0       ??_C@_1BJK@FEBNHLFF@?$AA?$CI?$AA?$CI?$AAp?$AAt?$AAl?$AAo?$AAc?$AAi?$AA?9?$AA?$DO?$AAl?$AAc?$AA_?$AAc?$AAa?$AAt?$AAe?$AAg?$AAo?$AAr?$AAy?$AA?$FL?$AAc?$AAa?$AAt?$AAe?$AAg?$AAo?$AAr?$AAy?$AA?$FN?$AA?4@ 0000000180030bc0     LIBCMTD:localref.obj
 0002:00002d60       ??_C@_1FC@HINIIGNO@?$AAf?$AA?3?$AA?2?$AAd?$AAd?$AA?2?$AAv?$AAc?$AAt?$AAo?$AAo?$AAl?$AAs?$AA?2?$AAc?$AAr?$AAt?$AA?2?$AAc?$AAr?$AAt?$AAw?$AA3?$AA2?$AA?2?$AAm?$AAi?$AAs?$AAc?$AA?2?$AAl?$AAo@ 0000000180030d60     LIBCMTD:localref.obj
 0002:00002dd8       ??_C@_1M@HPNHIDJI@?$AAj?$AAa?$AA?9?$AAJ?$AAP?$AA?$AA@ 0000000180030dd8     LIBCMTD:mbctype.obj
 0002:00002de8       ??_C@_1M@BIBDDEMK@?$AAz?$AAh?$AA?9?$AAC?$AAN?$AA?$AA@ 0000000180030de8     LIBCMTD:mbctype.obj
 0002:00002df8       ??_C@_1M@JLOOOEGK@?$AAk?$AAo?$AA?9?$AAK?$AAR?$AA?$AA@ 0000000180030df8     LIBCMTD:mbctype.obj
 0002:00002e08       ??_C@_1M@CLNBBOPM@?$AAz?$AAh?$AA?9?$AAT?$AAW?$AA?$AA@ 0000000180030e08     LIBCMTD:mbctype.obj
 0002:00002e40       ??_C@_0CM@BEDCPGGG@f?3?2dd?2vctools?2crt?2crtw32?2mbstrin@ 0000000180030e40     LIBCMTD:mbctype.obj
 0002:00002e70       ??_C@_1FC@NCPEPIBI@?$AA?$CI?$AA?$CI?$AA_?$AAD?$AAs?$AAt?$AA?$CJ?$AA?$CJ?$AA?5?$AA?$CB?$AA?$DN?$AA?5?$AAN?$AAU?$AAL?$AAL?$AA?5?$AA?$CG?$AA?$CG?$AA?5?$AA?$CI?$AA?$CI?$AA_?$AAS?$AAi?$AAz?$AAe?$AAI?$AAn?$AAB?$AAy?$AAt@ 0000000180030e70     LIBCMTD:strcpy_s.obj
 0002:00002ed0       ??_C@_1FA@ILDLFIFE@?$AAf?$AA?3?$AA?2?$AAd?$AAd?$AA?2?$AAv?$AAc?$AAt?$AAo?$AAo?$AAl?$AAs?$AA?2?$AAc?$AAr?$AAt?$AA?2?$AAc?$AAr?$AAt?$AAw?$AA3?$AA2?$AA?2?$AAh?$AA?2?$AAt?$AAc?$AAs?$AAc?$AAp@ 0000000180030ed0     LIBCMTD:strcpy_s.obj
 0002:00002f20       ??_C@_1BC@CFJEPFGF@?$AAs?$AAt?$AAr?$AAc?$AAp?$AAy?$AA_?$AAs?$AA?$AA@ 0000000180030f20     LIBCMTD:strcpy_s.obj
 0002:00002f38       ??_C@_1CG@OFBJMIGJ@?$AA?$CI?$AA?$CI?$AA?$CI?$AA_?$AAS?$AAr?$AAc?$AA?$CJ?$AA?$CJ?$AA?$CJ?$AA?5?$AA?$CB?$AA?$DN?$AA?5?$AAN?$AAU?$AAL?$AAL?$AA?$AA@ 0000000180030f38     LIBCMTD:strcpy_s.obj
 0002:00002f60       ??_C@_1CI@HCPHDDLE@?$AAB?$AAu?$AAf?$AAf?$AAe?$AAr?$AA?5?$AAi?$AAs?$AA?5?$AAt?$AAo?$AAo?$AA?5?$AAs?$AAm?$AAa?$AAl?$AAl?$AA?$AA@ 0000000180030f60     LIBCMTD:strcpy_s.obj
 0002:00002f88       ??_C@_1DM@MADKGDLO@?$AA?$CI?$AAL?$AA?$CC?$AAB?$AAu?$AAf?$AAf?$AAe?$AAr?$AA?5?$AAi?$AAs?$AA?5?$AAt?$AAo?$AAo?$AA?5?$AAs?$AAm?$AAa?$AAl?$AAl?$AA?$CC?$AA?5?$AA?$CG?$AA?$CG?$AA?5?$AA0?$AA?$CJ?$AA?$AA@ 0000000180030f88     LIBCMTD:strcpy_s.obj
 0002:00002fd0       ??_C@_1FI@JBLIKEIM@?$AAf?$AA?3?$AA?2?$AAd?$AAd?$AA?2?$AAv?$AAc?$AAt?$AAo?$AAo?$AAl?$AAs?$AA?2?$AAc?$AAr?$AAt?$AA?2?$AAc?$AAr?$AAt?$AAw?$AA3?$AA2?$AA?2?$AAc?$AAo?$AAn?$AAv?$AAe?$AAr?$AAt@ 0000000180030fd0     LIBCMTD:_fptostr.obj
 0002:00003028       ??_C@_1BC@OPALLEB@?$AA_?$AAf?$AAp?$AAt?$AAo?$AAs?$AAt?$AAr?$AA?$AA@ 0000000180031028     LIBCMTD:_fptostr.obj
 0002:00003040       ??_C@_1GM@CEDLGDDI@?$AAs?$AAi?$AAz?$AAe?$AAI?$AAn?$AAB?$AAy?$AAt?$AAe?$AAs?$AA?5?$AA?$DO?$AA?5?$AA?$CI?$AAs?$AAi?$AAz?$AAe?$AA_?$AAt?$AA?$CJ?$AA?$CI?$AA?$CI?$AAd?$AAi?$AAg?$AAi?$AAt?$AAs?$AA?5?$AA?$DO@ 0000000180031040     LIBCMTD:_fptostr.obj
 0002:000030b0       ??_C@_1BK@CLIEHFDF@?$AAp?$AAf?$AAl?$AAt?$AA?5?$AA?$CB?$AA?$DN?$AA?5?$AAN?$AAU?$AAL?$AAL?$AA?$AA@ 00000001800310b0     LIBCMTD:_fptostr.obj
 0002:000030d0       ??_C@_1EK@LJBJCHGA@?$AAf?$AA?3?$AA?2?$AAd?$AAd?$AA?2?$AAv?$AAc?$AAt?$AAo?$AAo?$AAl?$AAs?$AA?2?$AAc?$AAr?$AAt?$AA?2?$AAf?$AAp?$AAw?$AA3?$AA2?$AA?2?$AAc?$AAo?$AAn?$AAv?$AA?2?$AAc?$AAf?$AAo@ 00000001800310d0     LIBCMTD:cfout.obj
 0002:00003120       ??_C@_1BC@BPMMEHLK@?$AA_?$AAf?$AAl?$AAt?$AAo?$AAu?$AAt?$AA2?$AA?$AA@ 0000000180031120     LIBCMTD:cfout.obj
 0002:00003140       ??_C@_1FK@KODCOBKF@?$AAs?$AAt?$AAr?$AAc?$AAp?$AAy?$AA_?$AAs?$AA?$CI?$AAr?$AAe?$AAs?$AAu?$AAl?$AAt?$AAs?$AAt?$AAr?$AA?0?$AA?5?$AAr?$AAe?$AAs?$AAu?$AAl?$AAt?$AAs?$AAi?$AAz?$AAe?$AA?0?$AA?5@ 0000000180031140     LIBCMTD:cfout.obj
 0002:000031b8       ??_C@_1BA@GLMCNLEM@?$AAW?$AAa?$AAr?$AAn?$AAi?$AAn?$AAg?$AA?$AA@ 00000001800311b8     LIBCMTD:dbgrptw.obj
 0002:000031c8       ??_C@_1M@ILHOPKA@?$AAE?$AAr?$AAr?$AAo?$AAr?$AA?$AA@ 00000001800311c8     LIBCMTD:dbgrptw.obj
 0002:000031d8       ??_C@_1CC@CGHMNGDG@?$AAA?$AAs?$AAs?$AAe?$AAr?$AAt?$AAi?$AAo?$AAn?$AA?5?$AAF?$AAa?$AAi?$AAl?$AAe?$AAd?$AA?$AA@ 00000001800311d8     LIBCMTD:dbgrptw.obj
 0002:00003200       ??_C@_17LGKOMLJ@?$AA?4?$AA?4?$AA?4?$AA?$AA@ 0000000180031200     LIBCMTD:dbgrptw.obj
 0002:00003210       ??_C@_1EO@JACJHHCK@?$AAf?$AA?3?$AA?2?$AAd?$AAd?$AA?2?$AAv?$AAc?$AAt?$AAo?$AAo?$AAl?$AAs?$AA?2?$AAc?$AAr?$AAt?$AA?2?$AAc?$AAr?$AAt?$AAw?$AA3?$AA2?$AA?2?$AAm?$AAi?$AAs?$AAc?$AA?2?$AAd?$AAb@ 0000000180031210     LIBCMTD:dbgrptw.obj
 0002:00003260       ??_C@_1CI@PGJIFDEK@?$AA_?$AA_?$AAc?$AAr?$AAt?$AAM?$AAe?$AAs?$AAs?$AAa?$AAg?$AAe?$AAW?$AAi?$AAn?$AAd?$AAo?$AAw?$AAW?$AA?$AA@ 0000000180031260     LIBCMTD:dbgrptw.obj
 0002:00003290       ??_C@_1GI@DEDNNLCI@?$AAw?$AAc?$AAs?$AAc?$AAp?$AAy?$AA_?$AAs?$AA?$CI?$AAs?$AAz?$AAE?$AAx?$AAe?$AAN?$AAa?$AAm?$AAe?$AA?0?$AA?5?$AA2?$AA6?$AA0?$AA?0?$AA?5?$AAL?$AA?$CC?$AA?$DM?$AAp?$AAr?$AAo?$AAg@ 0000000180031290     LIBCMTD:dbgrptw.obj
 0002:000032f8       ??_C@_1CO@EAEJAADC@?$AA?$DM?$AAp?$AAr?$AAo?$AAg?$AAr?$AAa?$AAm?$AA?5?$AAn?$AAa?$AAm?$AAe?$AA?5?$AAu?$AAn?$AAk?$AAn?$AAo?$AAw?$AAn?$AA?$DO?$AA?$AA@ 00000001800312f8     LIBCMTD:dbgrptw.obj
 0002:00003330       ??_C@_1NO@LECLLHOL@?$AAm?$AAe?$AAm?$AAc?$AAp?$AAy?$AA_?$AAs?$AA?$CI?$AAs?$AAz?$AAS?$AAh?$AAo?$AAr?$AAt?$AAP?$AAr?$AAo?$AAg?$AAN?$AAa?$AAm?$AAe?$AA?0?$AA?5?$AAs?$AAi?$AAz?$AAe?$AAo?$AAf@ 0000000180031330     LIBCMTD:dbgrptw.obj
 0002:00003410       ??_C@_1OG@PMPPFHAF@?$AA?6?$AA?6?$AAF?$AAo?$AAr?$AA?5?$AAi?$AAn?$AAf?$AAo?$AAr?$AAm?$AAa?$AAt?$AAi?$AAo?$AAn?$AA?5?$AAo?$AAn?$AA?5?$AAh?$AAo?$AAw?$AA?5?$AAy?$AAo?$AAu?$AAr?$AA?5?$AAp?$AAr@ 0000000180031410     LIBCMTD:dbgrptw.obj
 0002:000034f8       ??_C@_11LOCGONAA@?$AA?$AA@ 00000001800314f8     LIBCMTD:dbgrptw.obj
 0002:00003500       ??_C@_1BK@PEDCIPMA@?$AAE?$AAx?$AAp?$AAr?$AAe?$AAs?$AAs?$AAi?$AAo?$AAn?$AA?3?$AA?5?$AA?$AA@ 0000000180031500     LIBCMTD:dbgrptw.obj
 0002:0000351c       ??_C@_15IABLJNFO@?$AA?6?$AA?6?$AA?$AA@ 000000018003151c     LIBCMTD:dbgrptw.obj
 0002:00003528       ??_C@_1BA@GLLGCPCK@?$AA?6?$AAL?$AAi?$AAn?$AAe?$AA?3?$AA?5?$AA?$AA@ 0000000180031528     LIBCMTD:dbgrptw.obj
 0002:00003538       ??_C@_1BA@LNHECFIM@?$AA?6?$AAF?$AAi?$AAl?$AAe?$AA?3?$AA?5?$AA?$AA@ 0000000180031538     LIBCMTD:dbgrptw.obj
 0002:00003548       ??_C@_1BE@CGCJKGHI@?$AA?6?$AAM?$AAo?$AAd?$AAu?$AAl?$AAe?$AA?3?$AA?5?$AA?$AA@ 0000000180031548     LIBCMTD:dbgrptw.obj
 0002:00003560       ??_C@_1KM@HNMIBKJH@?$AAD?$AAe?$AAb?$AAu?$AAg?$AA?5?$AA?$CF?$AAs?$AA?$CB?$AA?6?$AA?6?$AAP?$AAr?$AAo?$AAg?$AAr?$AAa?$AAm?$AA?3?$AA?5?$AA?$CF?$AAs?$AA?$CF?$AAs?$AA?$CF?$AAs?$AA?$CF?$AAs?$AA?$CF?$AAs?$AA?$CF?$AAs@ 0000000180031560     LIBCMTD:dbgrptw.obj
 0002:00003610       ??_C@_1JI@EACPGHID@?$AAw?$AAc?$AAs?$AAc?$AAp?$AAy?$AA_?$AAs?$AA?$CI?$AAs?$AAz?$AAO?$AAu?$AAt?$AAM?$AAe?$AAs?$AAs?$AAa?$AAg?$AAe?$AA?0?$AA?5?$AA4?$AA0?$AA9?$AA6?$AA?0?$AA?5?$AAL?$AA?$CC?$AA_@ 0000000180031610     LIBCMTD:dbgrptw.obj
 0002:000036b0       ??_C@_1FG@BBOLDHGF@?$AA_?$AAC?$AAr?$AAt?$AAD?$AAb?$AAg?$AAR?$AAe?$AAp?$AAo?$AAr?$AAt?$AA?3?$AA?5?$AAS?$AAt?$AAr?$AAi?$AAn?$AAg?$AA?5?$AAt?$AAo?$AAo?$AA?5?$AAl?$AAo?$AAn?$AAg?$AA?5?$AAo@ 00000001800316b0     LIBCMTD:dbgrptw.obj
 0002:00003710       ??_C@_1EK@MBDPDCGA@?$AAM?$AAi?$AAc?$AAr?$AAo?$AAs?$AAo?$AAf?$AAt?$AA?5?$AAV?$AAi?$AAs?$AAu?$AAa?$AAl?$AA?5?$AAC?$AA?$CL?$AA?$CL?$AA?5?$AAR?$AAu?$AAn?$AAt?$AAi?$AAm?$AAe?$AA?5?$AAL?$AAi?$AAb@ 0000000180031710     LIBCMTD:dbgrptw.obj
 0002:0000375c       ??_C@_03KOEHGMDN@Sun?$AA@  000000018003175c     LIBCMTD:nlsdata.obj
 0002:00003760       ??_C@_03PDAGKDH@Mon?$AA@   0000000180031760     LIBCMTD:nlsdata.obj
 0002:00003764       ??_C@_03NAGEINEP@Tue?$AA@  0000000180031764     LIBCMTD:nlsdata.obj
 0002:00003768       ??_C@_03MHOMLAJA@Wed?$AA@  0000000180031768     LIBCMTD:nlsdata.obj
 0002:0000376c       ??_C@_03IOFIKPDN@Thu?$AA@  000000018003176c     LIBCMTD:nlsdata.obj
 0002:00003770       ??_C@_03IDIOELNC@Fri?$AA@  0000000180031770     LIBCMTD:nlsdata.obj
 0002:00003774       ??_C@_03FEFJNEK@Sat?$AA@   0000000180031774     LIBCMTD:nlsdata.obj
 0002:00003778       ??_C@_06OOPIFAJ@Sunday?$AA@ 0000000180031778     LIBCMTD:nlsdata.obj
 0002:00003780       ??_C@_06JLEDEDGH@Monday?$AA@ 0000000180031780     LIBCMTD:nlsdata.obj
 0002:00003788       ??_C@_07BAAGCFCM@Tuesday?$AA@ 0000000180031788     LIBCMTD:nlsdata.obj
 0002:00003790       ??_C@_09DLIGFAKA@Wednesday?$AA@ 0000000180031790     LIBCMTD:nlsdata.obj
 0002:000037a0       ??_C@_08HACCIKIA@Thursday?$AA@ 00000001800317a0     LIBCMTD:nlsdata.obj
 0002:000037ac       ??_C@_06JECMNKMI@Friday?$AA@ 00000001800317ac     LIBCMTD:nlsdata.obj
 0002:000037b8       ??_C@_08INBOOONO@Saturday?$AA@ 00000001800317b8     LIBCMTD:nlsdata.obj
 0002:000037c4       ??_C@_03JIHJHPIE@Jan?$AA@  00000001800317c4     LIBCMTD:nlsdata.obj
 0002:000037c8       ??_C@_03HJBDCHOM@Feb?$AA@  00000001800317c8     LIBCMTD:nlsdata.obj
 0002:000037cc       ??_C@_03ODNJBKGA@Mar?$AA@  00000001800317cc     LIBCMTD:nlsdata.obj
 0002:000037d0       ??_C@_03LEOLGMJP@Apr?$AA@  00000001800317d0     LIBCMTD:nlsdata.obj
 0002:000037d4       ??_C@_03CNMDKL@May?$AA@    00000001800317d4     LIBCMTD:nlsdata.obj
 0002:000037d8       ??_C@_03IDFGHECI@Jun?$AA@  00000001800317d8     LIBCMTD:nlsdata.obj
 0002:000037dc       ??_C@_03LBGABGKK@Jul?$AA@  00000001800317dc     LIBCMTD:nlsdata.obj
 0002:000037e0       ??_C@_03IFJFEIGA@Aug?$AA@  00000001800317e0     LIBCMTD:nlsdata.obj
 0002:000037e4       ??_C@_03GGCAPAJC@Sep?$AA@  00000001800317e4     LIBCMTD:nlsdata.obj
 0002:000037e8       ??_C@_03BMAOKBAD@Oct?$AA@  00000001800317e8     LIBCMTD:nlsdata.obj
 0002:000037ec       ??_C@_03JPJOFNIA@Nov?$AA@  00000001800317ec     LIBCMTD:nlsdata.obj
 0002:000037f0       ??_C@_03MKABNOCG@Dec?$AA@  00000001800317f0     LIBCMTD:nlsdata.obj
 0002:000037f8       ??_C@_07CGJPFGJA@January?$AA@ 00000001800317f8     LIBCMTD:nlsdata.obj
 0002:00003800       ??_C@_08GNJGEPFN@February?$AA@ 0000000180031800     LIBCMTD:nlsdata.obj
 0002:0000380c       ??_C@_05HPCKOFNC@March?$AA@ 000000018003180c     LIBCMTD:nlsdata.obj
[...]
 0004:00000bc4       $pdata$_GetImageBase       0000000180045bc4     LIBCMTD:trnsctrl.obj
 0004:00000bd0       $pdata$_GetThrowImageBase  0000000180045bd0     LIBCMTD:trnsctrl.obj
 0004:00000bdc       $pdata$_IsExceptionObjectToBeDestroyed 0000000180045bdc     LIBCMTD:trnsctrl.obj
 0004:00000be8       $pdata$_SetImageBase       0000000180045be8     LIBCMTD:trnsctrl.obj
 0004:00000bf4       $pdata$_SetThrowImageBase  0000000180045bf4     LIBCMTD:trnsctrl.obj
 0004:00000c00       $pdata$_UnwindNestedFrames 0000000180045c00     LIBCMTD:trnsctrl.obj
 0004:00000c0c       $pdata$__CxxFrameHandler3  0000000180045c0c     LIBCMTD:trnsctrl.obj
 0004:00000c18       $pdata$_locterm            0000000180045c18     LIBCMTD:wsetloca.obj
 0004:00000c24       $pdata$_isleadbyte_l       0000000180045c24     LIBCMTD:_wctype.obj
 0004:00000c30       $pdata$isleadbyte          0000000180045c30     LIBCMTD:_wctype.obj
 0004:00000c3c       $pdata$_CopyMan            0000000180045c3c     LIBCMTD:intrncvt.obj
 0004:00000c48       $pdata$_FillZeroMan        0000000180045c48     LIBCMTD:intrncvt.obj
 0004:00000c54       $pdata$_IncMan             0000000180045c54     LIBCMTD:intrncvt.obj
 0004:00000c60       $pdata$_IsZeroMan          0000000180045c60     LIBCMTD:intrncvt.obj
 0004:00000c6c       $pdata$_RoundMan           0000000180045c6c     LIBCMTD:intrncvt.obj
 0004:00000c78       $pdata$_ShrMan             0000000180045c78     LIBCMTD:intrncvt.obj
 0004:00000c84       $pdata$_ZeroTail           0000000180045c84     LIBCMTD:intrncvt.obj
 0004:00000c90       $pdata$__addl              0000000180045c90     LIBCMTD:intrncvt.obj
 0004:00000c9c       $pdata$_ld12cvt            0000000180045c9c     LIBCMTD:intrncvt.obj
 0004:00000ca8       $pdata$_ld12tod            0000000180045ca8     LIBCMTD:intrncvt.obj
 0004:00000cb4       $pdata$_ld12tof            0000000180045cb4     LIBCMTD:intrncvt.obj
 0004:00000cc0       $pdata$__ld12mul           0000000180045cc0     LIBCMTD:strgtold.obj
 0004:00000ccc       $pdata$__multtenpow12      0000000180045ccc     LIBCMTD:strgtold.obj
 0004:00000cd8       $pdata$__shl_12            0000000180045cd8     LIBCMTD:strgtold.obj
 0004:00000ce4       $pdata$__shr_12            0000000180045ce4     LIBCMTD:strgtold.obj
 0004:00000cf0       $pdata$__strgtold12_l      0000000180045cf0     LIBCMTD:strgtold.obj
 0004:00000cfc       $pdata$$I10_OUTPUT         0000000180045cfc     LIBCMTD:x10fout.obj
 0004:00000d08       $pdata$__add_12            0000000180045d08     LIBCMTD:x10fout.obj
 0004:00000d14       $pdata$memcpy_s            0000000180045d14     LIBCMTD:memcpy_s.obj
 0004:00000d20       $pdata$wcscpy_s            0000000180045d20     LIBCMTD:wcscpy_s.obj
 0004:00000d2c       $pdata$wcslen              0000000180045d2c     LIBCMTD:wcslen.obj
 0004:00000d38       $pdata$_snwprintf_s        0000000180045d38     LIBCMTD:swprintf.obj
 0004:00000d44       $pdata$__crtMessageBoxW    0000000180045d44     LIBCMTD:crtmboxw.obj
 0004:00000d50       $pdata$__crtMessageBoxWaitThreadW 0000000180045d50     LIBCMTD:crtmboxw.obj
 0004:00000d5c       $pdata$_VCrtDbgReportA     0000000180045d5c     LIBCMTD:dbgrptt.obj
 0004:00000d68       $pdata$_VCrtDbgReportW     0000000180045d68     LIBCMTD:dbgrptt.obj
 0004:00000d80       $pdata$wcscat_s            0000000180045d80     LIBCMTD:wcscat_s.obj
 0004:00000d8c       $pdata$wcsncpy_s           0000000180045d8c     LIBCMTD:wcsncpy_s.obj
 0004:00000d98       $pdata$_set_error_mode     0000000180045d98     LIBCMTD:errmode.obj
 0004:00000da4       $pdata$abort               0000000180045da4     LIBCMTD:abort.obj
 0004:00000db0       $pdata$GetTableIndexFromLocaleName 0000000180045db0     LIBCMTD:winapinls.obj
 0004:00000dbc       $pdata$__crtDownlevelLocaleNameToLCID 0000000180045dbc     LIBCMTD:winapinls.obj
 0004:00000dc8       $pdata$__crtLCMapStringEx  0000000180045dc8     LIBCMTD:winapinls.obj
 0004:00000dd4       $pdata$__wcsnicmp_ascii    0000000180045dd4     LIBCMTD:winapinls.obj
 0004:00000de0       $pdata$_fileno             0000000180045de0     LIBCMTD:fileno.obj
 0004:00000dec       $pdata$_isatty             0000000180045dec     LIBCMTD:isatty.obj
 0004:00000df8       $pdata$_fflush_nolock      0000000180045df8     LIBCMTD:fflush.obj
 0004:00000e04       $pdata$_flush              0000000180045e04     LIBCMTD:fflush.obj
 0004:00000e10       $pdata$_flushall           0000000180045e10     LIBCMTD:fflush.obj
 0004:00000e1c       $pdata$flsall              0000000180045e1c     LIBCMTD:fflush.obj
 0004:00000e28       $pdata$_fcloseall          0000000180045e28     LIBCMTD:closeall.obj
 0004:00000e34       $pdata$_flsbuf             0000000180045e34     LIBCMTD:_flsbuf.obj
 0004:00000e40       $pdata$_vsnprintf_helper   0000000180045e40     LIBCMTD:vsnprnc.obj
 0004:00000e4c       $pdata$_vsnprintf_s        0000000180045e4c     LIBCMTD:vsnprnc.obj
 0004:00000e58       $pdata$_vsnprintf_s_l      0000000180045e58     LIBCMTD:vsnprnc.obj
 0004:00000e64       $pdata$_vsprintf_s_l       0000000180045e64     LIBCMTD:vsnprnc.obj
 0004:00000e70       $pdata$get_int64_arg       0000000180045e70     LIBCMTD:output.obj
 0004:00000e7c       $pdata$get_int_arg         0000000180045e7c     LIBCMTD:output.obj
 0004:00000e88       $pdata$get_short_arg       0000000180045e88     LIBCMTD:output.obj
 0004:00000e94       $pdata$free                0000000180045e94     LIBCMTD:dbgfree.obj
 0004:00000ea0       $pdata$malloc              0000000180045ea0     LIBCMTD:dbgmalloc.obj
 0004:00000eac       $pdata$__DestructExceptionObject 0000000180045eac     LIBCMTD:frame.obj
 0004:00000eb8       $pdata$??0bad_exception@std@@QEAA@AEBV01@@Z 0000000180045eb8     LIBCMTD:frame.obj
 0004:00000ec4       $pdata$??0bad_exception@std@@QEAA@PEBD@Z 0000000180045ec4     LIBCMTD:frame.obj
 0004:00000ed0       $pdata$??1bad_exception@std@@UEAA@XZ 0000000180045ed0     LIBCMTD:frame.obj
 0004:00000edc       $pdata$??_Gbad_exception@std@@UEAAPEAXI@Z 0000000180045edc     LIBCMTD:frame.obj
 0004:00000ee8       $pdata$?CatchIt@@YAXPEAUEHExceptionRecord@@PEA_KPEAU_CONTEXT@@PEAU_xDISPATCHER_CONTEXT@@PEBU_s_FuncInfo@@PEBU_s_HandlerType@@PEBU_s_CatchableType@@PEBU_s_TryBlockMapEntry@@H1EE@Z 0000000180045ee8     LIBCMTD:frame.obj
 0004:00000ef4       $pdata$?ExFilterRethrow@@YAHPEAU_EXCEPTION_POINTERS@@PEAUEHExceptionRecord@@PEAH@Z 0000000180045ef4     LIBCMTD:frame.obj
 0004:00000f00       $pdata$?FindHandler@@YAXPEAUEHExceptionRecord@@PEA_KPEAU_CONTEXT@@PEAU_xDISPATCHER_CONTEXT@@PEBU_s_FuncInfo@@EH1@Z 0000000180045f00     LIBCMTD:frame.obj
 0004:00000f0c       $pdata$?FindHandlerForForeignException@@YAXPEAUEHExceptionRecord@@PEA_KPEAU_CONTEXT@@PEAU_xDISPATCHER_CONTEXT@@PEBU_s_FuncInfo@@HH1@Z 0000000180045f0c     LIBCMTD:frame.obj
 0004:00000f18       $pdata$?IsInExceptionSpec@@YAEPEAUEHExceptionRecord@@PEBU_s_ESTypeList@@@Z 0000000180045f18     LIBCMTD:frame.obj
 0004:00000f24       $pdata$?Is_bad_exception_allowed@@YAEPEBU_s_ESTypeList@@@Z 0000000180045f24     LIBCMTD:frame.obj
 0004:00000f30       $pdata$?__RethrowException@@YAXPEAUEHExceptionRecord@@@Z 0000000180045f30     LIBCMTD:frame.obj
 0004:00000f3c       $pdata$__AdjustPointer     0000000180045f3c     LIBCMTD:frame.obj
 0004:00000f48       $pdata$__BuildCatchObject  0000000180045f48     LIBCMTD:frame.obj
 0004:00000f54       $pdata$__BuildCatchObjectHelper 0000000180045f54     LIBCMTD:frame.obj
 0004:00000f60       $pdata$__CxxCallCatchBlock 0000000180045f60     LIBCMTD:frame.obj
 0004:00000f6c       $pdata$__FrameUnwindFilter 0000000180045f6c     LIBCMTD:frame.obj
 0004:00000f78       $pdata$__FrameUnwindToState 0000000180045f78     LIBCMTD:frame.obj
 0004:00000f84       $pdata$__InternalCxxFrameHandler 0000000180045f84     LIBCMTD:frame.obj
 0004:00000f90       $pdata$__TypeMatch         0000000180045f90     LIBCMTD:frame.obj
 0004:00000f9c       $pdata$?__GetCurrentState@@YAHPEA_KPEAU_xDISPATCHER_CONTEXT@@PEBU_s_FuncInfo@@@Z 0000000180045f9c     LIBCMTD:ehstate.obj
 0004:00000fa8       $pdata$?__GetUnwindTryBlock@@YAHPEA_KPEAU_xDISPATCHER_CONTEXT@@PEBU_s_FuncInfo@@@Z 0000000180045fa8     LIBCMTD:ehstate.obj
 0004:00000fb4       $pdata$?__SetUnwindTryBlock@@YAXPEA_KPEAU_xDISPATCHER_CONTEXT@@PEBU_s_FuncInfo@@H@Z 0000000180045fb4     LIBCMTD:ehstate.obj
 0004:00000fc0       $pdata$?__StateFromControlPc@@YAHPEBU_s_FuncInfo@@PEAU_xDISPATCHER_CONTEXT@@@Z 0000000180045fc0     LIBCMTD:ehstate.obj
 0004:00000fcc       $pdata$?__StateFromIp@@YAHPEBU_s_FuncInfo@@PEAU_xDISPATCHER_CONTEXT@@_J@Z 0000000180045fcc     LIBCMTD:ehstate.obj
 0004:00000fe4       $pdata$__mtold12           0000000180045fe4     LIBCMTD:mantold.obj
 0004:00000ff0       $pdata$_vsnwprintf_s       0000000180045ff0     LIBCMTD:vswprnc.obj
 0004:00000ffc       $pdata$_vsnwprintf_s_l     0000000180045ffc     LIBCMTD:vswprnc.obj
 0004:00001008       $pdata$_vswprintf_helper   0000000180046008     LIBCMTD:vswprnc.obj
 0004:00001014       $pdata$strcat_s            0000000180046014     LIBCMTD:strcat_s.obj
 0004:00001020       $pdata$_itoa_s             0000000180046020     LIBCMTD:xtoas.obj
 0004:0000102c       $pdata$xtoa_s              000000018004602c     LIBCMTD:xtoas.obj
 0004:00001038       $pdata$_mbstowcs_l_helper  0000000180046038     LIBCMTD:mbstowcs.obj
 0004:00001044       $pdata$_mbstowcs_s_l       0000000180046044     LIBCMTD:mbstowcs.obj
 0004:00001050       $pdata$mbstowcs_s          0000000180046050     LIBCMTD:mbstowcs.obj
 0004:0000105c       $pdata$?wcsncnt@@YA_KPEB_W_K@Z 000000018004605c     LIBCMTD:wcstombs.obj
 0004:00001068       $pdata$_wcstombs_l_helper  0000000180046068     LIBCMTD:wcstombs.obj
 0004:00001074       $pdata$_wcstombs_s_l       0000000180046074     LIBCMTD:wcstombs.obj
 0004:00001080       $pdata$wcstombs_s          0000000180046080     LIBCMTD:wcstombs.obj
 0004:0000108c       $pdata$_itow_s             000000018004608c     LIBCMTD:xtows.obj
 0004:00001098       $pdata$xtow_s              0000000180046098     LIBCMTD:xtows.obj
 0004:000010a4       $pdata$__GSHandlerCheck_SEH 00000001800460a4     LIBCMTD:gshandlerseh.obj
 0004:000010b0       $pdata$_commit             00000001800460b0     LIBCMTD:commit.obj
 0004:000010bc       $pdata$_write              00000001800460bc     LIBCMTD:write.obj
 0004:000010c8       $pdata$_write_nolock       00000001800460c8     LIBCMTD:write.obj
 0004:000010d4       $pdata$_fclose_nolock      00000001800460d4     LIBCMTD:fclose.obj
 0004:000010e0       $pdata$fclose              00000001800460e0     LIBCMTD:fclose.obj
 0004:000010ec       $pdata$_lseeki64           00000001800460ec     LIBCMTD:lseeki64.obj
 0004:000010f8       $pdata$_lseeki64_nolock    00000001800460f8     LIBCMTD:lseeki64.obj
 0004:00001104       $pdata$_getbuf             0000000180046104     LIBCMTD:_getbuf.obj
 0004:00001110       $pdata$_output_s_l         0000000180046110     LIBCMTD:outputs.obj
 0004:0000111c       $pdata$write_char          000000018004611c     LIBCMTD:outputs.obj
 0004:00001128       $pdata$write_multi_char    0000000180046128     LIBCMTD:outputs.obj
 0004:00001134       $pdata$write_string        0000000180046134     LIBCMTD:outputs.obj
 0004:00001140       $pdata$_get_printf_count_output 0000000180046140     LIBCMTD:printf.obj
 0004:0000114c       $pdata$_wctomb_s_l         000000018004614c     LIBCMTD:wctomb.obj
 0004:00001158       $pdata$wctomb_s            0000000180046158     LIBCMTD:wctomb.obj
 0004:00001164       $pdata$??3@YAXPEAX@Z       0000000180046164     LIBCMTD:dbgdel.obj
 0004:0000117c       $pdata$?_ValidateExecute@@YAHP6A_JXZ@Z 000000018004617c     LIBCMTD:validate.obj
 0004:00001188       $pdata$?_ValidateWrite@@YAHPEAXI@Z 0000000180046188     LIBCMTD:validate.obj
 0004:00001188       $pdata$?_ValidateRead@@YAHPEBXI@Z 0000000180046188     LIBCMTD:validate.obj
 0004:000011a0       $pdata$??1type_info@@UEAA@XZ 00000001800461a0     LIBCMTD:typinfo.obj
 0004:000011ac       $pdata$??8type_info@@QEBA_NAEBV0@@Z 00000001800461ac     LIBCMTD:typinfo.obj
 0004:000011b8       $pdata$??_Gtype_info@@UEAAPEAXI@Z 00000001800461b8     LIBCMTD:typinfo.obj
 0004:000011c4       $pdata$??0exception@std@@QEAA@AEBQEBD@Z 00000001800461c4     LIBCMTD:stdexcpt.obj
 0004:000011d0       $pdata$??0exception@std@@QEAA@AEBV01@@Z 00000001800461d0     LIBCMTD:stdexcpt.obj
 0004:000011dc       $pdata$??1exception@std@@UEAA@XZ 00000001800461dc     LIBCMTD:stdexcpt.obj
 0004:000011e8       $pdata$??4exception@std@@QEAAAEAV01@AEBV01@@Z 00000001800461e8     LIBCMTD:stdexcpt.obj
 0004:000011f4       $pdata$??_Gexception@std@@UEAAPEAXI@Z 00000001800461f4     LIBCMTD:stdexcpt.obj
 0004:00001200       $pdata$?_Copy_str@exception@std@@AEAAXPEBD@Z 0000000180046200     LIBCMTD:stdexcpt.obj
 0004:0000120c       $pdata$?_Tidy@exception@std@@AEAAXXZ 000000018004620c     LIBCMTD:stdexcpt.obj
 0004:00001218       $pdata$?what@exception@std@@UEBAPEBDXZ 0000000180046218     LIBCMTD:stdexcpt.obj
 0004:00001224       $pdata$_CxxThrowException  0000000180046224     LIBCMTD:throw.obj
 0004:00001230       $pdata$_woutput_s_l        0000000180046230     LIBCMTD:woutputs.obj
 0004:0000123c       $pdata$write_char          000000018004623c     LIBCMTD:woutputs.obj
 0004:00001248       $pdata$write_multi_char    0000000180046248     LIBCMTD:woutputs.obj
 0004:00001254       $pdata$write_string        0000000180046254     LIBCMTD:woutputs.obj
 0004:00001260       $pdata$_fputwc_nolock      0000000180046260     LIBCMTD:fputwc.obj
 0004:0000126c       $pdata$_mbtowc_l           000000018004626c     LIBCMTD:mbtowc.obj
 0004:00001278       $pdata$mbtowc              0000000180046278     LIBCMTD:mbtowc.obj
 0004:00001284       $pdata$__lock_fhandle      0000000180046284     LIBCMTD:osfinfo.obj
 0004:00001290       $pdata$_free_osfhnd        0000000180046290     LIBCMTD:osfinfo.obj
 0004:0000129c       $pdata$_get_osfhandle      000000018004629c     LIBCMTD:osfinfo.obj
 0004:000012a8       $pdata$_unlock_fhandle     00000001800462a8     LIBCMTD:osfinfo.obj
 0004:000012b4       $pdata$_putwch_nolock      00000001800462b4     LIBCMTD:putwch.obj
 0004:000012c0       $pdata$_close              00000001800462c0     LIBCMTD:close.obj
 0004:000012cc       $pdata$_close_nolock       00000001800462cc     LIBCMTD:close.obj
 0004:000012d8       $pdata$_freebuf            00000001800462d8     LIBCMTD:_freebuf.obj
 0004:000012e4       $pdata$?_Type_info_dtor@type_info@@CAXPEAV1@@Z 00000001800462e4     LIBCMTD:typname.obj
 0004:000012f0       $pdata$_flswbuf            00000001800462f0     LIBCMTD:_flswbuf.obj
 0004:000012fc       $pdata$__termconout        00000001800462fc     LIBCMTD:initcon.obj
 0004:00001308       $pdata$__initconout        0000000180046308     LIBCMTD:initcon.obj
 0004:00001314       $pdata$_CRT_INIT$fin$0     0000000180046314     LIBCMTD:dllcrt0.obj
 0004:00001320       $pdata$__DllMainCRTStartup$filt$0 0000000180046320     LIBCMTD:dllcrt0.obj
 0004:0000132c       $pdata$_ctrlfp$filt$0      000000018004632c     LIBCMTD:fpctrl.obj
 0004:00001338       $pdata$_freefls$fin$0      0000000180046338     LIBCMTD:tidtable.obj
 0004:00001338       $pdata$_initptd$fin$0      0000000180046338     LIBCMTD:tidtable.obj
 0004:00001344       $pdata$_initptd$fin$1      0000000180046344     LIBCMTD:tidtable.obj
 0004:00001344       $pdata$_freefls$fin$1      0000000180046344     LIBCMTD:tidtable.obj
 0004:00001350       $pdata$doexit$fin$0        0000000180046350     LIBCMTD:crt0dat.obj
 0004:0000135c       $pdata$_ioinit$fin$0       000000018004635c     LIBCMTD:ioinit.obj
 0004:00001368       $pdata$_CrtCheckMemory$fin$0 0000000180046368     LIBCMTD:dbgheap.obj
 0004:00001374       $pdata$?fin$0@?0??_CrtMemDumpAllObjectsSince_stat@@YAXPEBU_CrtMemState@@PEAUlocaleinfo_struct@@@Z@4HA 0000000180046374     LIBCMTD:dbgheap.obj
 0004:00001374       $pdata$_heap_alloc_dbg_impl$fin$0 0000000180046374     LIBCMTD:dbgheap.obj
 0004:00001374       $pdata$_CrtMemCheckpoint$fin$0 0000000180046374     LIBCMTD:dbgheap.obj
 0004:00001380       $pdata$_free_dbg$fin$0     0000000180046380     LIBCMTD:dbgheap.obj
 0004:0000138c       $pdata$_locterm$fin$0      000000018004638c     LIBCMTD:localref.obj
 0004:0000138c       $pdata$__updatetlocinfo$fin$0 000000018004638c     LIBCMTD:localref.obj
 0004:00001398       $pdata$?dtor$0@?0??getSystemCP@@YAHH@Z@4HA 0000000180046398     LIBCMTD:mbctype.obj
 0004:000013a4       $pdata$__updatetmbcinfo$fin$0 00000001800463a4     LIBCMTD:mbctype.obj
 0004:000013a4       $pdata$_setmbcp$fin$0      00000001800463a4     LIBCMTD:mbctype.obj
 0004:000013b0       $pdata$_mtinitlocknum$fin$0 00000001800463b0     LIBCMTD:mlock.obj
 0004:000013b0       $pdata$__lock_fhandle$fin$0 00000001800463b0     LIBCMTD:mlock.obj
 0004:000013bc       $pdata$_IsNonwritableInCurrentImage$filt$0 00000001800463bc     LIBCMTD:pesect.obj
 0004:000013c8       $pdata$_onexit$fin$0       00000001800463c8     LIBCMTD:onexit.obj
 0004:000013d4       $pdata$raise$fin$0         00000001800463d4     LIBCMTD:winsig.obj
 0004:000013e0       $pdata$?dtor$0@?0??x_ismbbtype_l@@YAHPEAUlocaleinfo_struct@@IHH@Z@4HA 00000001800463e0     LIBCMTD:ismbbyte.obj
 0004:000013ec       $pdata$_CallSETranslator$filt$0 00000001800463ec     LIBCMTD:trnsctrl.obj
 0004:000013f8       $pdata$_VCrtDbgReportA$fin$0 00000001800463f8     LIBCMTD:dbgrptt.obj
 0004:00001404       $pdata$_VCrtDbgReportA$fin$1 0000000180046404     LIBCMTD:dbgrptt.obj
 0004:00001410       $pdata$_VCrtDbgReportW$fin$0 0000000180046410     LIBCMTD:dbgrptt.obj
 0004:0000141c       $pdata$_VCrtDbgReportW$fin$1 000000018004641c     LIBCMTD:dbgrptt.obj
 0004:00001428       $pdata$flsall$fin$0        0000000180046428     LIBCMTD:fflush.obj
 0004:00001434       $pdata$flsall$fin$1        0000000180046434     LIBCMTD:fflush.obj
 0004:00001440       $pdata$_fcloseall$fin$0    0000000180046440     LIBCMTD:closeall.obj
 0004:0000144c       $pdata$?filt$0@?0??__crtIsBadReadPtr@@YAHPEBX_K@Z@4HA 000000018004644c     LIBCMTD:frame.obj
 0004:0000144c       $pdata$?filt$0@?0??_inconsistency@@YAXXZ@4HA 000000018004644c     LIBCMTD:frame.obj
 0004:0000144c       $pdata$?filt$0@?0??terminate@@YAXXZ@4HA 000000018004644c     LIBCMTD:frame.obj
 0004:0000144c       $pdata$__BuildCatchObject$filt$0 000000018004644c     LIBCMTD:frame.obj
 0004:0000144c       $pdata$__BuildCatchObjectHelper$filt$0 000000018004644c     LIBCMTD:frame.obj
 0004:00001458       $pdata$__CxxCallCatchBlock$filt$0 0000000180046458     LIBCMTD:frame.obj
 0004:00001464       $pdata$__CxxCallCatchBlock$fin$1 0000000180046464     LIBCMTD:frame.obj
 0004:00001470       $pdata$__DestructExceptionObject$filt$0 0000000180046470     LIBCMTD:frame.obj
 0004:0000147c       $pdata$__FrameUnwindToState$filt$0 000000018004647c     LIBCMTD:frame.obj
 0004:00001488       $pdata$__FrameUnwindToState$fin$1 0000000180046488     LIBCMTD:frame.obj
 0004:00001494       $pdata$_commit$fin$0       0000000180046494     LIBCMTD:commit.obj
 0004:00001494       $pdata$_write$fin$0        0000000180046494     LIBCMTD:commit.obj
 0004:00001494       $pdata$_close$fin$0        0000000180046494     LIBCMTD:commit.obj
 0004:00001494       $pdata$_lseeki64$fin$0     0000000180046494     LIBCMTD:commit.obj
 0004:000014a0       $pdata$fclose$fin$0        00000001800464a0     LIBCMTD:fclose.obj
 0004:000014ac       $pdata$_CrtSetDbgFlag$fin$0 00000001800464ac     LIBCMTD:dbgdel.obj
 0004:000014ac       $pdata$?fin$0@?0???3@YAXPEAX@Z@4HA 00000001800464ac     LIBCMTD:dbgdel.obj
 0004:000014ac       $pdata$_realloc_dbg$fin$0  00000001800464ac     LIBCMTD:dbgdel.obj
 0004:000014ac       $pdata$_msize_dbg$fin$0    00000001800464ac     LIBCMTD:dbgdel.obj
 0004:000014b8       $pdata$?fin$0@?0??_Type_info_dtor@type_info@@CAXPEAV1@@Z@4HA 00000001800464b8     LIBCMTD:typname.obj
