 kiwi

 Timestamp is 5af1bde4 (Tue May 08 11:10:28 2018)

 Preferred load address is 0000000180000000

 Start         Length     Name                   Class
 0001:00000000 0002b79cH .text$mn                CODE
 0001:0002b7a0 0000060bH .text$x                 CODE
 0002:00000000 00000238H .idata$5                DATA
 0002:00000238 00000008H .CRT$XCA                DATA
 0002:00000240 00000008H .CRT$XCZ                DATA
 0002:00000248 00000008H .CRT$XIA                DATA
 0002:00000250 00000028H .CRT$XIC                DATA
 0002:00000278 00000008H .CRT$XIZ                DATA
 0002:00000280 00000008H .CRT$XPA                DATA
 0002:00000288 00000010H .CRT$XPX                DATA
 0002:00000298 00000008H .CRT$XPXA               DATA
 0002:000002a0 00000008H .CRT$XPZ                DATA
 0002:000002a8 00000008H .CRT$XTA                DATA
 0002:000002b0 00000008H .CRT$XTZ                DATA
 0002:000002c0 0000b9d0H .rdata                  DATA
 0002:0000bc90 00000050H .rdata$debug            DATA
 0002:0000bce0 0000016cH .rdata$r                DATA
 0002:0000be50 00000008H .rtc$IAA                DATA
 0002:0000be58 00000008H .rtc$IZZ                DATA
 0002:0000be60 00000008H .rtc$TAA                DATA
 0002:0000be68 00000008H .rtc$TZZ                DATA
 0002:0000be70 00000d14H .xdata                  DATA
 0002:0000cb88 00000084H .xdata$x                DATA
 0002:0000cc10 0000004fH .edata                  DATA
 0002:0000cc60 00000014H .idata$2                DATA
 0002:0000cc74 00000014H .idata$3                DATA
 0002:0000cc88 00000238H .idata$4                DATA
 0002:0000cec0 0000053aH .idata$6                DATA
 0003:00000000 00006988H .data                   DATA
 0003:00006988 00000070H .data$r                 DATA
 0003:00006a00 000024d8H .bss                    DATA
 0004:00000000 000014d0H .pdata                  DATA

  Address         Publics by Value              Rva+Base               Lib:Object

 0000:00000000       __guard_fids_count         0000000000000000     <absolute>
 0000:00000000       ___safe_se_handler_count   0000000000000000     <absolute>
 0000:00000000       __guard_flags              0000000000000000     <absolute>
 0000:00000000       __guard_fids_table         0000000000000000     <absolute>
 0000:00000000       ___safe_se_handler_table   0000000000000000     <absolute>
 0000:00000000       __ImageBase                0000000180000000     <linker-defined>
 0001:00000000       ??D@YA?ATv4@@T0@Um4@@@Z    0000000180001000 f i kiwi.obj
 0001:000001c0       ??D@YA?AUm4@@U0@0@Z        00000001800011c0 f i kiwi.obj
 0001:00000320       ?BubbleSort@@YAXPEAMPEAII@Z 0000000180001320 f i kiwi.obj
 0001:000004c0       ?ExecuteCommands@@YAXPEAUrender_state@@@Z 00000001800014c0 f i kiwi.obj
 0001:000015f0       ?InitRenderState@@YA?AUrender_state@@IIPEAUmem_arena@@@Z 00000001800025f0 f i kiwi.obj
 0001:00001b70       ?PushModel@@YAXPEAUrender_state@@PEAUasset_model@@Um4@@@Z 0000000180002b70 f i kiwi.obj
 0001:00001cb0       ?RotationMat@@YA?AUm4@@MMM@Z 0000000180002cb0 f i kiwi.obj
 0001:00002030       GameUpdateAndRender        0000000180003030 f   kiwi.obj
 0001:000024a0       __GSHandlerCheck           00000001800034a0 f   LIBCMTD:gshandler.obj
 0001:000024e0       __GSHandlerCheckCommon     00000001800034e0 f   LIBCMTD:gshandler.obj
 0001:000025f0       __security_check_cookie    00000001800035f0 f   LIBCMTD:amdsecgs.obj
 0001:00002610       atan2f                     0000000180003610 f   LIBCMTD:atan2f.obj
 0001:00003230       cosf                       0000000180004230 f   LIBCMTD:cosf.obj
 0001:00003740       memset                     0000000180004740 f   LIBCMTD:memset.obj
 0001:00003970       sinf                       0000000180004970 f   LIBCMTD:sinf.obj
 0001:00004040       tanf                       0000000180005040 f   LIBCMTD:tanf.obj
 0001:00004680       _fpmath                    0000000180005680 f   LIBCMTD:fpinit.obj
 0001:000046a0       _cfltcvt_init              00000001800056a0 f   LIBCMTD:fpinit.obj
 0001:000047b0       _CRT_INIT                  00000001800057b0 f   LIBCMTD:dllcrt0.obj
 0001:000049d0       _DllMainCRTStartup         00000001800059d0 f   LIBCMTD:dllcrt0.obj
 0001:00004b70       __DllXcptFilter            0000000180005b70 f   LIBCMTD:dllcrt0.obj
 0001:00004bc0       __raise_securityfailure    0000000180005bc0 f   LIBCMTD:gs_report.obj
 0001:00004c10       __report_gsfailure         0000000180005c10 f   LIBCMTD:gs_report.obj
 0001:00004cf0       __report_rangecheckfailure 0000000180005cf0 f   LIBCMTD:gs_report.obj
 0001:00004d10       __report_securityfailure   0000000180005d10 f   LIBCMTD:gs_report.obj
 0001:00004db0       _clrfp                     0000000180005db0 f   LIBCMTD:fpctrl.obj
 0001:00004de0       _ctrlfp                    0000000180005de0 f   LIBCMTD:fpctrl.obj
 0001:00004e90       _set_statfp                0000000180005e90 f   LIBCMTD:fpctrl.obj
 0001:00004ed0       _statfp                    0000000180005ed0 f   LIBCMTD:fpctrl.obj
 0001:000050d0       _handle_errorf             00000001800060d0 f   LIBCMTD:libm_error.obj
 0001:00005250       __remainder_piby2d2f_forAsm 0000000180006250 f   LIBCMTD:remainder_piby2f_forAsm.obj
 0001:000053a0       __remainder_piby2_fma3     00000001800063a0 f   LIBCMTD:remainder_piby2_forFMA3.obj
 0001:00005590       __remainder_piby2_fma3_bdl 0000000180006590 f   LIBCMTD:remainder_piby2_forFMA3.obj
 0001:00005610       _cosf_special              0000000180006610 f   LIBCMTD:sincos_special.obj
 0001:00005640       _sincosf_special           0000000180006640 f   LIBCMTD:sincos_special.obj
 0001:00005840       _sinf_special              0000000180006840 f   LIBCMTD:sincos_special.obj
 0001:00005870       _tanf_special              0000000180006870 f   LIBCMTD:sincos_special.obj
 0001:000058a0       __fma3_lib_init            00000001800068a0 f   LIBCMTD:fma3_available.obj
 0001:00005920       __isa_available_init       0000000180006920 f   LIBCMTD:cpu_disp.obj
 0001:00005c60       __remainder_piby2d2f_forC  0000000180006c60 f   LIBCMTD:remainder_piby2f_forC.obj
 0001:00005df0       ??0_LocaleUpdate@@QEAA@PEAUlocaleinfo_struct@@@Z 0000000180006df0 f i LIBCMTD:cvt.obj
 0001:00005f30       ??1_LocaleUpdate@@QEAA@XZ  0000000180006f30 f i LIBCMTD:cvt.obj
 0001:00005f70       ?GetLocaleT@_LocaleUpdate@@QEAAPEAUlocaleinfo_struct@@XZ 0000000180006f70 f i LIBCMTD:cvt.obj
 0001:00005f80       ?strrchr@@YAPEADPEADH@Z    0000000180006f80 f i LIBCMTD:cvt.obj
 0001:00005fa0       _cfltcvt                   0000000180006fa0 f   LIBCMTD:cvt.obj
 0001:00005ff0       _cfltcvt_l                 0000000180006ff0 f   LIBCMTD:cvt.obj
 0001:00006110       _cftoa_l                   0000000180007110 f   LIBCMTD:cvt.obj
 0001:00006c10       _cftoe                     0000000180007c10 f   LIBCMTD:cvt.obj
 0001:00007230       _cftoe_l                   0000000180008230 f   LIBCMTD:cvt.obj
 0001:00007930       _cftof_l                   0000000180008930 f   LIBCMTD:cvt.obj
 0001:00007c10       _cftog_l                   0000000180008c10 f   LIBCMTD:cvt.obj
 0001:00007fd0       _cropzeros                 0000000180008fd0 f   LIBCMTD:cvt.obj
 0001:00007ff0       _cropzeros_l               0000000180008ff0 f   LIBCMTD:cvt.obj
 0001:00008170       _fassign                   0000000180009170 f   LIBCMTD:cvt.obj
 0001:000081a0       _fassign_l                 00000001800091a0 f   LIBCMTD:cvt.obj
 0001:00008210       _forcdecpt                 0000000180009210 f   LIBCMTD:cvt.obj
 0001:00008230       _forcdecpt_l               0000000180009230 f   LIBCMTD:cvt.obj
 0001:00008330       _invoke_watson_if_error    0000000180009330 f i LIBCMTD:cvt.obj
 0001:00008380       _positive                  0000000180009380 f   LIBCMTD:cvt.obj
 0001:00008410       _initp_misc_cfltcvt_tab    0000000180009410 f   LIBCMTD:cmiscdat.obj
 0001:00008460       _XcptFilter                0000000180009460 f   LIBCMTD:winxfltr.obj
 0001:00008700       __CppXcptFilter            0000000180009700 f   LIBCMTD:winxfltr.obj
 0001:000087c0       _freefls                   00000001800097c0 f   LIBCMTD:tidtable.obj
 0001:000089d0       _freeptd                   00000001800099d0 f   LIBCMTD:tidtable.obj
 0001:00008a20       _getptd                    0000000180009a20 f   LIBCMTD:tidtable.obj
 0001:00008a50       _getptd_noexit             0000000180009a50 f   LIBCMTD:tidtable.obj
 0001:00008b20       _initptd                   0000000180009b20 f   LIBCMTD:tidtable.obj
 0001:00008c50       _mtinit                    0000000180009c50 f   LIBCMTD:tidtable.obj
 0001:00008d10       _mtterm                    0000000180009d10 f   LIBCMTD:tidtable.obj
 0001:00008d40       __crtCorExitProcess        0000000180009d40 f   LIBCMTD:crt0dat.obj
 0001:00008d90       __crtExitProcess           0000000180009d90 f   LIBCMTD:crt0dat.obj
 0001:00008db0       __freeCrtMemory            0000000180009db0 f   LIBCMTD:crt0dat.obj
 0001:00008fe0       _amsg_exit                 0000000180009fe0 f   LIBCMTD:crt0dat.obj
 0001:00009010       _cexit                     000000018000a010 f   LIBCMTD:crt0dat.obj
 0001:00009030       _cinit                     000000018000a030 f   LIBCMTD:crt0dat.obj
 0001:000090e0       _exit                      000000018000a0e0 f   LIBCMTD:crt0dat.obj
 0001:00009100       _init_pointers             000000018000a100 f   LIBCMTD:crt0dat.obj
 0001:000091b0       _initterm_e                000000018000a1b0 f   LIBCMTD:crt0dat.obj
 0001:00009210       _lockexit                  000000018000a210 f   LIBCMTD:crt0dat.obj
 0001:00009230       _unlockexit                000000018000a230 f   LIBCMTD:crt0dat.obj
 0001:00009460       _heap_init                 000000018000a460 f   LIBCMTD:heapinit.obj
 0001:00009490       _heap_term                 000000018000a490 f   LIBCMTD:heapinit.obj
 0001:000094a0       _ioinit                    000000018000a4a0 f   LIBCMTD:ioinit.obj
 0001:00009a80       _ioterm                    000000018000aa80 f   LIBCMTD:ioinit.obj
 0001:00009b60       _set_pgmptr                000000018000ab60 f i LIBCMTD:stdargv.obj
 0001:00009b80       _setargv                   000000018000ab80 f   LIBCMTD:stdargv.obj
 0001:0000a1e0       _setenvp                   000000018000b1e0 f   LIBCMTD:stdenvp.obj
 0001:0000a920       _CrtCheckMemory            000000018000b920 f   LIBCMTD:dbgheap.obj
 0001:0000aec0       _CrtDumpMemoryLeaks        000000018000bec0 f   LIBCMTD:dbgheap.obj
 0001:0000af80       _CrtGetCheckCount          000000018000bf80 f   LIBCMTD:dbgheap.obj
 0001:0000af90       _CrtIsValidHeapPointer     000000018000bf90 f   LIBCMTD:dbgheap.obj
 0001:0000aff0       _CrtIsValidPointer         000000018000bff0 f   LIBCMTD:dbgheap.obj
 0001:0000b030       _CrtMemCheckpoint          000000018000c030 f   LIBCMTD:dbgheap.obj
 0001:0000b2c0       _CrtMemDumpAllObjectsSince 000000018000c2c0 f   LIBCMTD:dbgheap.obj
 0001:0000b310       _CrtSetCheckCount          000000018000c310 f   LIBCMTD:dbgheap.obj
 0001:0000b330       _CrtSetDbgFlag             000000018000c330 f   LIBCMTD:dbgheap.obj
 0001:0000b470       _CrtSetDumpClient          000000018000c470 f   LIBCMTD:dbgheap.obj
 0001:0000b4a0       _calloc_dbg                000000018000c4a0 f   LIBCMTD:dbgheap.obj
 0001:0000b520       _calloc_dbg_impl           000000018000c520 f   LIBCMTD:dbgheap.obj
 0001:0000b5d0       _free_dbg                  000000018000c5d0 f   LIBCMTD:dbgheap.obj
 0001:0000b610       _free_dbg_nolock           000000018000c610 f   LIBCMTD:dbgheap.obj
 0001:0000c1a0       _invoke_watson_if_oneof    000000018000d1a0 f i LIBCMTD:dbgheap.obj
 0001:0000c210       _malloc_dbg                000000018000d210 f   LIBCMTD:dbgheap.obj
 0001:0000c260       _msize_dbg                 000000018000d260 f   LIBCMTD:dbgheap.obj
 0001:0000c4b0       _nh_malloc_dbg             000000018000d4b0 f   LIBCMTD:dbgheap.obj
 0001:0000c840       _realloc_dbg               000000018000d840 f   LIBCMTD:dbgheap.obj
 0001:0000d1b0       __security_init_cookie     000000018000e1b0 f   LIBCMTD:gs_support.obj
 0001:0000d2d0       DllMain                    000000018000e2d0 f   LIBCMTD:dllmain.obj
 0001:0000d2f0       __crtGetEnvironmentStringsA 000000018000e2f0 f   LIBCMTD:a_env.obj
 0001:0000d4d0       __crtCaptureCurrentContext 000000018000e4d0 f   LIBCMTD:winapisupp.obj
 0001:0000d570       __crtCapturePreviousContext 000000018000e570 f   LIBCMTD:winapisupp.obj
 0001:0000d630       __crtFlsAlloc              000000018000e630 f   LIBCMTD:winapisupp.obj
 0001:0000d680       __crtFlsFree               000000018000e680 f   LIBCMTD:winapisupp.obj
 0001:0000d6d0       __crtFlsGetValue           000000018000e6d0 f   LIBCMTD:winapisupp.obj
 0001:0000d720       __crtFlsSetValue           000000018000e720 f   LIBCMTD:winapisupp.obj
 0001:0000d780       __crtInitializeCriticalSectionEx 000000018000e780 f   LIBCMTD:winapisupp.obj
 0001:0000d7f0       __crtIsPackagedApp         000000018000e7f0 f   LIBCMTD:winapisupp.obj
 0001:0000d830       __crtLoadWinApiPointers    000000018000e830 f   LIBCMTD:winapisupp.obj
 0001:0000de20       __crtTerminateProcess      000000018000ee20 f   LIBCMTD:winapisupp.obj
 0001:0000de40       __crtUnhandledException    000000018000ee40 f   LIBCMTD:winapisupp.obj
 0001:0000de70       _RTC_Initialize            000000018000ee70 f   LIBCMTD:initsect.obj
 0001:0000deb0       _RTC_Terminate             000000018000eeb0 f   LIBCMTD:initsect.obj
 0001:0000def0       __C_specific_handler       000000018000eef0 f   LIBCMTD:chandler.obj
 0001:0000e310       _CrtDefaultAllocHook       000000018000f310 f   LIBCMTD:dbghook.obj
 0001:0000e330       __crt_debugger_hook        000000018000f330 f   LIBCMTD:dbghook.obj
 0001:0000e350       _get_fpsr                  000000018000f350 f   LIBCMTD:fpsr.obj
 0001:0000e360       _set_fpsr                  000000018000f360 f   LIBCMTD:fpsr.obj
 0001:0000e36a       _fclrf                     000000018000f36a f   LIBCMTD:fpsr.obj
 0001:0000e37e       _frnd                      000000018000f37e f   LIBCMTD:fpsr.obj
 0001:0000e3a0       _raise_exc_ex              000000018000f3a0 f   LIBCMTD:fpexcept.obj
 0001:0000ea20       _raise_excf                000000018000fa20 f   LIBCMTD:fpexcept.obj
 0001:0000ea80       _set_errno_from_matherr    000000018000fa80 f   LIBCMTD:fpexcept.obj
 0001:0000ead0       _matherr                   000000018000fad0 f   LIBCMTD:matherr.obj
 0001:0000eae0       _call_reportfault          000000018000fae0 f   LIBCMTD:invarg.obj
 0001:0000ec10       _initp_misc_invarg         000000018000fc10 f   LIBCMTD:invarg.obj
 0001:0000ec30       _invalid_parameter         000000018000fc30 f   LIBCMTD:invarg.obj
 0001:0000ecc0       _invoke_watson             000000018000fcc0 f   LIBCMTD:invarg.obj
 0001:0000ed20       __addlocaleref             000000018000fd20 f   LIBCMTD:localref.obj
 0001:0000ee70       __freetlocinfo             000000018000fe70 f   LIBCMTD:localref.obj
 0001:0000f220       __removelocaleref          0000000180010220 f   LIBCMTD:localref.obj
 0001:0000f380       __updatetlocinfo           0000000180010380 f   LIBCMTD:localref.obj
 0001:0000f420       _updatetlocinfoEx_nolock   0000000180010420 f   LIBCMTD:localref.obj
 0001:0000f4c0       __initmbctable             00000001800104c0 f   LIBCMTD:mbctype.obj
 0001:0000fb50       __updatetmbcinfo           0000000180010b50 f   LIBCMTD:mbctype.obj
 0001:0000fc60       _setmbcp                   0000000180010c60 f   LIBCMTD:mbctype.obj
 0001:0000ff50       _setmbcp_nolock            0000000180010f50 f   LIBCMTD:mbctype.obj
 0001:000103a0       _isdigit_l                 00000001800113a0 f i LIBCMTD:_ctype.obj
 0001:00010440       isdigit                    0000000180011440 f i LIBCMTD:_ctype.obj
 0001:00010480       _tolower_l                 0000000180011480 f   LIBCMTD:tolower.obj
 0001:000107e0       tolower                    00000001800117e0 f   LIBCMTD:tolower.obj
 0001:00010830       strcpy_s                   0000000180011830 f   LIBCMTD:strcpy_s.obj
 0001:00010ce0       strlen                     0000000180011ce0 f   LIBCMTD:strlen.obj
 0001:00010da0       memcpy                     0000000180011da0 f   LIBCMTD:memcpy.obj
 0001:00010da0       memmove                    0000000180011da0 f   LIBCMTD:memcpy.obj
 0001:00011310       strrchr                    0000000180012310 f   LIBCMTD:strrchr.obj
 0001:00011730       _fptostr                   0000000180012730 f   LIBCMTD:_fptostr.obj
 0001:00011b90       __crt_atoflt_l             0000000180012b90 f   LIBCMTD:atodbl.obj
 0001:00011d30       _atodbl_l                  0000000180012d30 f   LIBCMTD:atodbl.obj
 0001:00011eb0       _atoflt_l                  0000000180012eb0 f   LIBCMTD:atodbl.obj
 0001:00011ee0       __dtold                    0000000180012ee0 f   LIBCMTD:cfout.obj
 0001:00012090       _fltout2                   0000000180013090 f   LIBCMTD:cfout.obj
 0001:000121a0       __doserrno                 00000001800131a0 f   LIBCMTD:dosmap.obj
 0001:000121d0       _dosmaperr                 00000001800131d0 f   LIBCMTD:dosmap.obj
 0001:00012200       _errno                     0000000180013200 f   LIBCMTD:dosmap.obj
 0001:00012230       _get_errno_from_oserr      0000000180013230 f   LIBCMTD:dosmap.obj
 0001:000122c0       _CrtDbgReportW             00000001800132c0 f   LIBCMTD:dbgrptw.obj
 0001:00012340       _CrtDbgReportWV            0000000180013340 f i LIBCMTD:dbgrptw.obj
 0001:000123a0       __crtMessageWindowW        00000001800133a0 f   LIBCMTD:dbgrptw.obj
 0001:00012a20       _fptrap                    0000000180013a20 f   LIBCMTD:crt0fp.obj
 0001:00012a40       _lock                      0000000180013a40 f   LIBCMTD:mlock.obj
 0001:00012aa0       _mtdeletelocks             0000000180013aa0 f   LIBCMTD:mlock.obj
 0001:00012bc0       _mtinitlocknum             0000000180013bc0 f   LIBCMTD:mlock.obj
 0001:00012cc0       _mtinitlocks               0000000180013cc0 f   LIBCMTD:mlock.obj
 0001:00012d60       _unlock                    0000000180013d60 f   LIBCMTD:mlock.obj
 0001:00012d90       _FF_MSGBANNER              0000000180013d90 f   LIBCMTD:crt0msg.obj
 0001:00012de0       _GET_RTERRMSG              0000000180013de0 f   LIBCMTD:crt0msg.obj
 0001:00012e40       _NMSG_WRITE                0000000180013e40 f   LIBCMTD:crt0msg.obj
 0001:00013270       _FindPESection             0000000180014270 f   LIBCMTD:pesect.obj
 0001:00013320       _IsNonwritableInCurrentImage 0000000180014320 f   LIBCMTD:pesect.obj
 0001:000133b0       _ValidateImageBase         00000001800143b0 f   LIBCMTD:pesect.obj
 0001:00013430       __onexitinit               0000000180014430 f   LIBCMTD:onexit.obj
 0001:000134a0       _onexit                    00000001800144a0 f   LIBCMTD:onexit.obj
 0001:000136b0       atexit                     00000001800146b0 f   LIBCMTD:onexit.obj
 0001:000136f0       ?_inconsistency@@YAXXZ     00000001800146f0 f   LIBCMTD:hooks.obj
 0001:00013720       ?terminate@@YAXXZ          0000000180014720 f   LIBCMTD:hooks.obj
 0001:00013750       _initp_eh_hooks            0000000180014750 f   LIBCMTD:hooks.obj
 0001:00013780       _callnewh                  0000000180014780 f   LIBCMTD:handler.obj
 0001:000137c0       _initp_heap_handler        00000001800147c0 f   LIBCMTD:handler.obj
 0001:000137e0       _initp_misc_purevirt       00000001800147e0 f   LIBCMTD:inithelp.obj
 0001:00013800       __get_sigabrt              0000000180014800 f   LIBCMTD:winsig.obj
 0001:00013820       _initp_misc_winsig         0000000180014820 f   LIBCMTD:winsig.obj
 0001:00013860       raise                      0000000180014860 f   LIBCMTD:winsig.obj
 0001:00013cd0       _initp_misc_rand_s         0000000180014cd0 f   LIBCMTD:rand_s.obj
 0001:00013d00       _local_unwind              0000000180014d00 f   LIBCMTD:jmpuwind.obj
 0001:00013d30       _NLG_Notify                0000000180014d30 f   LIBCMTD:jmpuwind.obj
 0001:00013d50       __NLG_Dispatch2            0000000180014d50 f   LIBCMTD:jmpuwind.obj
 0001:00013d60       __NLG_Return2              0000000180014d60 f   LIBCMTD:jmpuwind.obj
 0001:00013d70       __initstdio                0000000180014d70 f   LIBCMTD:_file.obj
 0001:00013e70       __endstdio                 0000000180014e70 f   LIBCMTD:_file.obj
 0001:00013eb0       __iob_func                 0000000180014eb0 f   LIBCMTD:_file.obj
 0001:00013ec0       _lock_file                 0000000180014ec0 f   LIBCMTD:_file.obj
 0001:00013f50       _lock_file2                0000000180014f50 f   LIBCMTD:_file.obj
 0001:00013fa0       _unlock_file               0000000180014fa0 f   LIBCMTD:_file.obj
 0001:00014030       _unlock_file2              0000000180015030 f   LIBCMTD:_file.obj
 0001:00014150       _ismbblead                 0000000180015150 f   LIBCMTD:ismbbyte.obj
 0001:00014180       _chvalidator               0000000180015180 f   LIBCMTD:isctype.obj
 0001:000141f0       _chvalidator_l             00000001800151f0 f   LIBCMTD:isctype.obj
 0001:00014300       _isctype_l                 0000000180015300 f   LIBCMTD:isctype.obj
 0001:000144e0       _free_base                 00000001800154e0 f   LIBCMTD:free.obj
 0001:00014540       _realloc_base              0000000180015540 f   LIBCMTD:realloc.obj
 0001:00014660       _expand_base               0000000180015660 f   LIBCMTD:expand.obj
 0001:00014840       _CrtDbgReport              0000000180015840 f   LIBCMTD:dbgrpt.obj
 0001:000148c0       _CrtDbgReportV             00000001800158c0 f i LIBCMTD:dbgrpt.obj
 0001:00014920       __crtMessageWindowA        0000000180015920 f   LIBCMTD:dbgrpt.obj
 0001:00014fa0       _heapchk                   0000000180015fa0 f   LIBCMTD:heapchk.obj
 0001:00014fe0       _snprintf_s                0000000180015fe0 f   LIBCMTD:sprintf.obj
 0001:00015040       sprintf_s                  0000000180016040 f   LIBCMTD:sprintf.obj
 0001:00015090       _heap_alloc_base           0000000180016090 f i LIBCMTD:malloc.obj
 0001:00015100       _malloc_base               0000000180016100 f   LIBCMTD:malloc.obj
 0001:000151a0       __free_lconv_mon           00000001800161a0 f   LIBCMTD:initmon.obj
 0001:000153b0       __free_lconv_num           00000001800163b0 f   LIBCMTD:initnum.obj
 0001:00015490       __free_lc_time             0000000180016490 f   LIBCMTD:inittime.obj
 0001:000163d0       _MallocaIsSizeInRange      00000001800173d0 f i LIBCMTD:a_map.obj
 0001:00016410       _MarkAllocaS               0000000180017410 f i LIBCMTD:a_map.obj
 0001:00016440       __crtLCMapStringA          0000000180017440 f   LIBCMTD:a_map.obj
 0001:000164f0       _freea                     00000001800174f0 f i LIBCMTD:a_map.obj
 0001:00016740       __crtGetStringTypeA        0000000180017740 f   LIBCMTD:a_str.obj
 0001:00016860       ?_GetEstablisherFrame@@YAPEA_KPEA_KPEAU_xDISPATCHER_CONTEXT@@PEBU_s_FuncInfo@@0@Z 0000000180017860 f   LIBCMTD:trnsctrl.obj
 0001:000169d0       ?_GetRangeOfTrysToCheck@@YAPEBU_s_TryBlockMapEntry@@PEA_KPEBU_s_FuncInfo@@HHPEAI2PEAU_xDISPATCHER_CONTEXT@@@Z 00000001800179d0 f   LIBCMTD:trnsctrl.obj
 0001:00016bf0       ?__FrameUnwindToEmptyState@@YAXPEA_KPEAU_xDISPATCHER_CONTEXT@@PEBU_s_FuncInfo@@@Z 0000000180017bf0 f   LIBCMTD:trnsctrl.obj
 0001:00016c90       ?__SehTransFilter@@YAHPEAU_EXCEPTION_POINTERS@@PEAUEHExceptionRecord@@PEA_KPEAU_CONTEXT@@PEAU_xDISPATCHER_CONTEXT@@PEBU_s_FuncInfo@@PEAH@Z 0000000180017c90 f   LIBCMTD:trnsctrl.obj
 0001:00016d50       _CallSETranslator          0000000180017d50 f   LIBCMTD:trnsctrl.obj
 0001:00016dd0       _CreateFrameInfo           0000000180017dd0 f   LIBCMTD:trnsctrl.obj
 0001:00016e50       _FindAndUnlinkFrame        0000000180017e50 f   LIBCMTD:trnsctrl.obj
 0001:00016ee0       _GetImageBase              0000000180017ee0 f   LIBCMTD:trnsctrl.obj
 0001:00016f00       _GetThrowImageBase         0000000180017f00 f   LIBCMTD:trnsctrl.obj
 0001:00016f20       _IsExceptionObjectToBeDestroyed 0000000180017f20 f   LIBCMTD:trnsctrl.obj
 0001:00016f80       _SetImageBase              0000000180017f80 f   LIBCMTD:trnsctrl.obj
 0001:00016fa0       _SetThrowImageBase         0000000180017fa0 f   LIBCMTD:trnsctrl.obj
 0001:00016fc0       _UnwindNestedFrames        0000000180017fc0 f   LIBCMTD:trnsctrl.obj
 0001:00017130       __CxxFrameHandler3         0000000180018130 f   LIBCMTD:trnsctrl.obj
 0001:000171f0       _locterm                   00000001800181f0 f   LIBCMTD:wsetloca.obj
 0001:00017240       _isleadbyte_l              0000000180018240 f i LIBCMTD:_wctype.obj
 0001:000172a0       isleadbyte                 00000001800182a0 f i LIBCMTD:_wctype.obj
 0001:000172c0       _CopyMan                   00000001800182c0 f i LIBCMTD:intrncvt.obj
 0001:00017330       _FillZeroMan               0000000180018330 f i LIBCMTD:intrncvt.obj
 0001:00017370       _IncMan                    0000000180018370 f i LIBCMTD:intrncvt.obj
 0001:00017450       _IsZeroMan                 0000000180018450 f i LIBCMTD:intrncvt.obj
 0001:00017490       _RoundMan                  0000000180018490 f i LIBCMTD:intrncvt.obj
 0001:000175a0       _ShrMan                    00000001800185a0 f i LIBCMTD:intrncvt.obj
 0001:000176e0       _ZeroTail                  00000001800186e0 f i LIBCMTD:intrncvt.obj
 0001:00017790       __addl                     0000000180018790 f i LIBCMTD:intrncvt.obj
 0001:000177f0       _ld12cvt                   00000001800187f0 f i LIBCMTD:intrncvt.obj
 0001:00017b60       _ld12tod                   0000000180018b60 f   LIBCMTD:intrncvt.obj
 0001:00017b90       _ld12tof                   0000000180018b90 f   LIBCMTD:intrncvt.obj
 0001:00017bc0       __ld12mul                  0000000180018bc0 f i LIBCMTD:strgtold.obj
 0001:00018130       __multtenpow12             0000000180019130 f i LIBCMTD:strgtold.obj
 0001:00018260       __shl_12                   0000000180019260 f i LIBCMTD:strgtold.obj
 0001:00018300       __shr_12                   0000000180019300 f i LIBCMTD:strgtold.obj
 0001:000183a0       __strgtold12_l             00000001800193a0 f   LIBCMTD:strgtold.obj
 0001:00019180       $I10_OUTPUT                000000018001a180 f   LIBCMTD:x10fout.obj
 0001:00019a40       __add_12                   000000018001aa40 f i LIBCMTD:x10fout.obj
 0001:00019b20       memcpy_s                   000000018001ab20 f   LIBCMTD:memcpy_s.obj
 0001:00019d90       wcscpy_s                   000000018001ad90 f   LIBCMTD:wcscpy_s.obj
 0001:0001a240       wcslen                     000000018001b240 f   LIBCMTD:wcslen.obj
 0001:0001a290       _snwprintf_s               000000018001b290 f   LIBCMTD:swprintf.obj
 0001:0001a2f0       __crtMessageBoxW           000000018001b2f0 f   LIBCMTD:crtmboxw.obj
 0001:0001a760       __crtMessageBoxWaitThreadW 000000018001b760 f   LIBCMTD:crtmboxw.obj
 0001:0001a7b0       _CrtDbgBreak               000000018001b7b0 f   LIBCMTD:dbgrptt.obj
 0001:0001a7c0       _VCrtDbgReportA            000000018001b7c0 f   LIBCMTD:dbgrptt.obj
 0001:0001b190       _VCrtDbgReportW            000000018001c190 f   LIBCMTD:dbgrptt.obj
 0001:0001bce0       __chkstk                   000000018001cce0 f   LIBCMTD:chkstk.obj
 0001:0001bce0       _alloca_probe              000000018001cce0 f   LIBCMTD:chkstk.obj
 0001:0001bd30       wcscat_s                   000000018001cd30 f   LIBCMTD:wcscat_s.obj
 0001:0001c360       wcsncpy_s                  000000018001d360 f   LIBCMTD:wcsncpy_s.obj
 0001:0001ca00       _set_error_mode            000000018001da00 f   LIBCMTD:errmode.obj
 0001:0001cb10       abort                      000000018001db10 f   LIBCMTD:abort.obj
 0001:0001cba0       GetTableIndexFromLocaleName 000000018001dba0 f   LIBCMTD:winapinls.obj
 0001:0001cc50       __crtDownlevelLocaleNameToLCID 000000018001dc50 f   LIBCMTD:winapinls.obj
 0001:0001ccb0       __crtLCMapStringEx         000000018001dcb0 f   LIBCMTD:winapinls.obj
 0001:0001cd90       __wcsnicmp_ascii           000000018001dd90 f   LIBCMTD:winapinls.obj
 0001:0001cea0       _fileno                    000000018001dea0 f   LIBCMTD:fileno.obj
 0001:0001cf60       _isatty                    000000018001df60 f   LIBCMTD:isatty.obj
 0001:0001d070       _fflush_nolock             000000018001e070 f   LIBCMTD:fflush.obj
 0001:0001d0f0       _flush                     000000018001e0f0 f   LIBCMTD:fflush.obj
 0001:0001d1e0       _flushall                  000000018001e1e0 f   LIBCMTD:fflush.obj
 0001:0001d370       _fcloseall                 000000018001e370 f   LIBCMTD:closeall.obj
 0001:0001d470       _flsbuf                    000000018001e470 f   LIBCMTD:_flsbuf.obj
 0001:0001d810       _vsnprintf_helper          000000018001e810 f   LIBCMTD:vsnprnc.obj
 0001:0001daf0       _vsnprintf_s               000000018001eaf0 f   LIBCMTD:vsnprnc.obj
 0001:0001db40       _vsnprintf_s_l             000000018001eb40 f   LIBCMTD:vsnprnc.obj
 0001:0001e0e0       _vsprintf_s_l              000000018001f0e0 f   LIBCMTD:vsnprnc.obj
 0001:0001e470       get_int64_arg              000000018001f470 f i LIBCMTD:output.obj
 0001:0001e4e0       get_int_arg                000000018001f4e0 f i LIBCMTD:output.obj
 0001:0001e540       get_short_arg              000000018001f540 f i LIBCMTD:output.obj
 0001:0001e5b0       free                       000000018001f5b0 f   LIBCMTD:dbgfree.obj
 0001:0001e5d0       malloc                     000000018001f5d0 f   LIBCMTD:dbgmalloc.obj
 0001:0001e610       __DestructExceptionObject  000000018001f610 f   LIBCMTD:frame.obj
 0001:0001e700       ??0bad_exception@std@@QEAA@AEBV01@@Z 000000018001f700 f i LIBCMTD:frame.obj
 0001:0001e740       ??0bad_exception@std@@QEAA@PEBD@Z 000000018001f740 f i LIBCMTD:frame.obj
 0001:0001e780       ??1bad_exception@std@@UEAA@XZ 000000018001f780 f i LIBCMTD:frame.obj
 0001:0001e7b0       ??_Gbad_exception@std@@UEAAPEAXI@Z 000000018001f7b0 f i LIBCMTD:frame.obj
 0001:0001e7b0       ??_Ebad_exception@std@@UEAAPEAXI@Z 000000018001f7b0 f i LIBCMTD:frame.obj
 0001:0001f780       __AdjustPointer            0000000180020780 f   LIBCMTD:frame.obj
 0001:0001f800       __BuildCatchObject         0000000180020800 f   LIBCMTD:frame.obj
 0001:0001f940       __BuildCatchObjectHelper   0000000180020940 f   LIBCMTD:frame.obj
 0001:0001fd70       __CxxCallCatchBlock        0000000180020d70 f   LIBCMTD:frame.obj
 0001:0001ffe0       __FrameUnwindFilter        0000000180020fe0 f   LIBCMTD:frame.obj
 0001:00020070       __FrameUnwindToState       0000000180021070 f   LIBCMTD:frame.obj
 0001:000202d0       __InternalCxxFrameHandler  00000001800212d0 f   LIBCMTD:frame.obj
 0001:000206f0       __TypeMatch                00000001800216f0 f   LIBCMTD:frame.obj
 0001:000208e0       ?__GetCurrentState@@YAHPEA_KPEAU_xDISPATCHER_CONTEXT@@PEBU_s_FuncInfo@@@Z 00000001800218e0 f   LIBCMTD:ehstate.obj
 0001:00020940       ?__GetUnwindTryBlock@@YAHPEA_KPEAU_xDISPATCHER_CONTEXT@@PEBU_s_FuncInfo@@@Z 0000000180021940 f   LIBCMTD:ehstate.obj
 0001:00020990       ?__SetState@@YAXPEA_KPEAU_xDISPATCHER_CONTEXT@@PEBU_s_FuncInfo@@H@Z 0000000180021990 f   LIBCMTD:ehstate.obj
 0001:000209c0       ?__SetUnwindTryBlock@@YAXPEA_KPEAU_xDISPATCHER_CONTEXT@@PEBU_s_FuncInfo@@H@Z 00000001800219c0 f   LIBCMTD:ehstate.obj
 0001:00020a30       ?__StateFromControlPc@@YAHPEBU_s_FuncInfo@@PEAU_xDISPATCHER_CONTEXT@@@Z 0000000180021a30 f   LIBCMTD:ehstate.obj
 0001:00020a60       ?__StateFromIp@@YAHPEBU_s_FuncInfo@@PEAU_xDISPATCHER_CONTEXT@@_J@Z 0000000180021a60 f   LIBCMTD:ehstate.obj
 0001:00020b50       memcmp                     0000000180021b50 f   LIBCMTD:memcmp.obj
 0001:00020c20       __mtold12                  0000000180021c20 f   LIBCMTD:mantold.obj
 0001:00020db0       _vsnwprintf_s              0000000180021db0 f   LIBCMTD:vswprnc.obj
 0001:00020e00       _vsnwprintf_s_l            0000000180021e00 f   LIBCMTD:vswprnc.obj
 0001:000213b0       _vswprintf_helper          00000001800223b0 f   LIBCMTD:vswprnc.obj
 0001:00021700       strcat_s                   0000000180022700 f   LIBCMTD:strcat_s.obj
 0001:00021d10       _itoa_s                    0000000180022d10 f   LIBCMTD:xtoas.obj
 0001:00022340       _mbstowcs_l_helper         0000000180023340 f   LIBCMTD:mbstowcs.obj
 0001:000228b0       _mbstowcs_s_l              00000001800238b0 f   LIBCMTD:mbstowcs.obj
 0001:00022e40       mbstowcs_s                 0000000180023e40 f   LIBCMTD:mbstowcs.obj
 0001:00022f20       _wcstombs_l_helper         0000000180023f20 f   LIBCMTD:wcstombs.obj
 0001:00023730       _wcstombs_s_l              0000000180024730 f   LIBCMTD:wcstombs.obj
 0001:00023c30       wcstombs_s                 0000000180024c30 f   LIBCMTD:wcstombs.obj
 0001:00023c80       _itow_s                    0000000180024c80 f   LIBCMTD:xtows.obj
 0001:000242d0       __GSHandlerCheck_SEH       00000001800252d0 f   LIBCMTD:gshandlerseh.obj
 0001:00024390       _commit                    0000000180025390 f   LIBCMTD:commit.obj
 0001:00024620       _write                     0000000180025620 f   LIBCMTD:write.obj
 0001:000248c0       _write_nolock              00000001800258c0 f   LIBCMTD:write.obj
 0001:00025a00       _fclose_nolock             0000000180026a00 f   LIBCMTD:fclose.obj
 0001:00025b50       fclose                     0000000180026b50 f   LIBCMTD:fclose.obj
 0001:00025c50       _lseeki64                  0000000180026c50 f   LIBCMTD:lseeki64.obj
 0001:00025f00       _lseeki64_nolock           0000000180026f00 f   LIBCMTD:lseeki64.obj
 0001:00026020       _getbuf                    0000000180027020 f   LIBCMTD:_getbuf.obj
 0001:00026130       _output_s_l                0000000180027130 f   LIBCMTD:outputs.obj
 0001:00027d10       _get_printf_count_output   0000000180028d10 f   LIBCMTD:printf.obj
 0001:00027d40       _wctomb_s_l                0000000180028d40 f   LIBCMTD:wctomb.obj
 0001:000281e0       wctomb_s                   00000001800291e0 f   LIBCMTD:wctomb.obj
 0001:00028230       ??3@YAXPEAX@Z              0000000180029230 f   LIBCMTD:dbgdel.obj
 0001:00028310       strcmp                     0000000180029310 f   LIBCMTD:strcmp.obj
 0001:00028380       ?_ValidateExecute@@YAHP6A_JXZ@Z 0000000180029380 f   LIBCMTD:validate.obj
 0001:000283b0       ?_ValidateRead@@YAHPEBXI@Z 00000001800293b0 f   LIBCMTD:validate.obj
 0001:000283b0       ?_ValidateWrite@@YAHPEAXI@Z 00000001800293b0 f   LIBCMTD:validate.obj
 0001:000283f0       _CallSettingFrame          00000001800293f0 f   LIBCMTD:handlers.obj
 0001:00028430       _GetNextInstrOffset        0000000180029430 f   LIBCMTD:handlers.obj
 0001:00028440       ??1type_info@@UEAA@XZ      0000000180029440 f   LIBCMTD:typinfo.obj
 0001:00028470       ??8type_info@@QEBA_NAEBV0@@Z 0000000180029470 f   LIBCMTD:typinfo.obj
 0001:000284c0       ??_Etype_info@@UEAAPEAXI@Z 00000001800294c0 f i LIBCMTD:typinfo.obj
 0001:000284c0       ??_Gtype_info@@UEAAPEAXI@Z 00000001800294c0 f i LIBCMTD:typinfo.obj
 0001:00028500       ??0exception@std@@QEAA@AEBQEBD@Z 0000000180029500 f   LIBCMTD:stdexcpt.obj
 0001:00028550       ??0exception@std@@QEAA@AEBV01@@Z 0000000180029550 f   LIBCMTD:stdexcpt.obj
 0001:000285a0       ??1exception@std@@UEAA@XZ  00000001800295a0 f   LIBCMTD:stdexcpt.obj
 0001:000285d0       ??4exception@std@@QEAAAEAV01@AEBV01@@Z 00000001800295d0 f   LIBCMTD:stdexcpt.obj
 0001:00028640       ??_Gexception@std@@UEAAPEAXI@Z 0000000180029640 f i LIBCMTD:stdexcpt.obj
 0001:00028640       ??_Eexception@std@@UEAAPEAXI@Z 0000000180029640 f i LIBCMTD:stdexcpt.obj
 0001:00028680       ?_Copy_str@exception@std@@AEAAXPEBD@Z 0000000180029680 f   LIBCMTD:stdexcpt.obj
 0001:000286f0       ?_Tidy@exception@std@@AEAAXXZ 00000001800296f0 f   LIBCMTD:stdexcpt.obj
 0001:00028730       ?what@exception@std@@UEBAPEBDXZ 0000000180029730 f   LIBCMTD:stdexcpt.obj
 0001:00028770       _CxxThrowException         0000000180029770 f   LIBCMTD:throw.obj
 0001:00028890       _woutput_s_l               0000000180029890 f   LIBCMTD:woutputs.obj
 0001:0002a180       _fputwc_nolock             000000018002b180 f   LIBCMTD:fputwc.obj
 0001:0002a5e0       _mbtowc_l                  000000018002b5e0 f   LIBCMTD:mbtowc.obj
 0001:0002a920       mbtowc                     000000018002b920 f   LIBCMTD:mbtowc.obj
 0001:0002a950       __lock_fhandle             000000018002b950 f   LIBCMTD:osfinfo.obj
 0001:0002aa20       _free_osfhnd               000000018002ba20 f   LIBCMTD:osfinfo.obj
 0001:0002ab50       _get_osfhandle             000000018002bb50 f   LIBCMTD:osfinfo.obj
 0001:0002ad50       _unlock_fhandle            000000018002bd50 f   LIBCMTD:osfinfo.obj
 0001:0002ad90       _putwch_nolock             000000018002bd90 f   LIBCMTD:putwch.obj
 0001:0002ae00       _close                     000000018002be00 f   LIBCMTD:close.obj
 0001:0002b080       _close_nolock              000000018002c080 f   LIBCMTD:close.obj
 0001:0002b190       _freebuf                   000000018002c190 f   LIBCMTD:_freebuf.obj
 0001:0002b250       ?_Type_info_dtor@type_info@@CAXPEAV1@@Z 000000018002c250 f   LIBCMTD:typname.obj
 0001:0002b360       _flswbuf                   000000018002c360 f   LIBCMTD:_flswbuf.obj
 0001:0002b710       __termconout               000000018002c710 f   LIBCMTD:initcon.obj
 0001:0002b740       __initconout               000000018002c740 f   LIBCMTD:initcon.obj
 0001:0002b790       IsProcessorFeaturePresent  000000018002c790 f   kernel32:KERNEL32.dll
 0001:0002b796       RtlUnwindEx                000000018002c796 f   kernel32:KERNEL32.dll
 0002:00000000       __imp_GetCommandLineA      000000018002d000     kernel32:KERNEL32.dll
 0002:00000008       __imp_GetCurrentThreadId   000000018002d008     kernel32:KERNEL32.dll
 0002:00000010       __imp_IsDebuggerPresent    000000018002d010     kernel32:KERNEL32.dll
 0002:00000018       __imp_IsProcessorFeaturePresent 000000018002d018     kernel32:KERNEL32.dll
 0002:00000020       __imp_EncodePointer        000000018002d020     kernel32:KERNEL32.dll
 0002:00000028       __imp_GetLastError         000000018002d028     kernel32:KERNEL32.dll
 0002:00000030       __imp_SetLastError         000000018002d030     kernel32:KERNEL32.dll
 0002:00000038       __imp_DecodePointer        000000018002d038     kernel32:KERNEL32.dll
 0002:00000040       __imp_ExitProcess          000000018002d040     kernel32:KERNEL32.dll
 0002:00000048       __imp_GetModuleHandleExW   000000018002d048     kernel32:KERNEL32.dll
 0002:00000050       __imp_GetProcAddress       000000018002d050     kernel32:KERNEL32.dll
 0002:00000058       __imp_MultiByteToWideChar  000000018002d058     kernel32:KERNEL32.dll
 0002:00000060       __imp_WideCharToMultiByte  000000018002d060     kernel32:KERNEL32.dll
 0002:00000068       __imp_GetProcessHeap       000000018002d068     kernel32:KERNEL32.dll
 0002:00000070       __imp_GetStdHandle         000000018002d070     kernel32:KERNEL32.dll
 0002:00000078       __imp_GetFileType          000000018002d078     kernel32:KERNEL32.dll
 0002:00000080       __imp_DeleteCriticalSection 000000018002d080     kernel32:KERNEL32.dll
 0002:00000088       __imp_GetStartupInfoW      000000018002d088     kernel32:KERNEL32.dll
 0002:00000090       __imp_GetModuleFileNameA   000000018002d090     kernel32:KERNEL32.dll
 0002:00000098       __imp_HeapSize             000000018002d098     kernel32:KERNEL32.dll
 0002:000000a0       __imp_HeapValidate         000000018002d0a0     kernel32:KERNEL32.dll
 0002:000000a8       __imp_GetSystemInfo        000000018002d0a8     kernel32:KERNEL32.dll
 0002:000000b0       __imp_QueryPerformanceCounter 000000018002d0b0     kernel32:KERNEL32.dll
 0002:000000b8       __imp_GetCurrentProcessId  000000018002d0b8     kernel32:KERNEL32.dll
 0002:000000c0       __imp_GetSystemTimeAsFileTime 000000018002d0c0     kernel32:KERNEL32.dll
 0002:000000c8       __imp_GetEnvironmentStringsW 000000018002d0c8     kernel32:KERNEL32.dll
 0002:000000d0       __imp_FreeEnvironmentStringsW 000000018002d0d0     kernel32:KERNEL32.dll
 0002:000000d8       __imp_RtlCaptureContext    000000018002d0d8     kernel32:KERNEL32.dll
 0002:000000e0       __imp_RtlLookupFunctionEntry 000000018002d0e0     kernel32:KERNEL32.dll
 0002:000000e8       __imp_RtlVirtualUnwind     000000018002d0e8     kernel32:KERNEL32.dll
 0002:000000f0       __imp_UnhandledExceptionFilter 000000018002d0f0     kernel32:KERNEL32.dll
 0002:000000f8       __imp_SetUnhandledExceptionFilter 000000018002d0f8     kernel32:KERNEL32.dll
 0002:00000100       __imp_InitializeCriticalSectionAndSpinCount 000000018002d100     kernel32:KERNEL32.dll
 0002:00000108       __imp_GetCurrentProcess    000000018002d108     kernel32:KERNEL32.dll
 0002:00000110       __imp_TerminateProcess     000000018002d110     kernel32:KERNEL32.dll
 0002:00000118       __imp_TlsAlloc             000000018002d118     kernel32:KERNEL32.dll
 0002:00000120       __imp_TlsGetValue          000000018002d120     kernel32:KERNEL32.dll
 0002:00000128       __imp_TlsSetValue          000000018002d128     kernel32:KERNEL32.dll
 0002:00000130       __imp_TlsFree              000000018002d130     kernel32:KERNEL32.dll
 0002:00000138       __imp_GetModuleHandleW     000000018002d138     kernel32:KERNEL32.dll
 0002:00000140       __imp_RtlUnwindEx          000000018002d140     kernel32:KERNEL32.dll
 0002:00000148       __imp_RaiseException       000000018002d148     kernel32:KERNEL32.dll
 0002:00000150       __imp_IsValidCodePage      000000018002d150     kernel32:KERNEL32.dll
 0002:00000158       __imp_GetACP               000000018002d158     kernel32:KERNEL32.dll
 0002:00000160       __imp_GetOEMCP             000000018002d160     kernel32:KERNEL32.dll
 0002:00000168       __imp_GetCPInfo            000000018002d168     kernel32:KERNEL32.dll
 0002:00000170       __imp_GetModuleFileNameW   000000018002d170     kernel32:KERNEL32.dll
 0002:00000178       __imp_EnterCriticalSection 000000018002d178     kernel32:KERNEL32.dll
 0002:00000180       __imp_LeaveCriticalSection 000000018002d180     kernel32:KERNEL32.dll
 0002:00000188       __imp_WriteFile            000000018002d188     kernel32:KERNEL32.dll
 0002:00000190       __imp_LoadLibraryExW       000000018002d190     kernel32:KERNEL32.dll
 0002:00000198       __imp_HeapFree             000000018002d198     kernel32:KERNEL32.dll
 0002:000001a0       __imp_HeapReAlloc          000000018002d1a0     kernel32:KERNEL32.dll
 0002:000001a8       __imp_HeapQueryInformation 000000018002d1a8     kernel32:KERNEL32.dll
 0002:000001b0       __imp_HeapAlloc            000000018002d1b0     kernel32:KERNEL32.dll
 0002:000001b8       __imp_GetStringTypeW       000000018002d1b8     kernel32:KERNEL32.dll
 0002:000001c0       __imp_OutputDebugStringW   000000018002d1c0     kernel32:KERNEL32.dll
 0002:000001c8       __imp_WaitForSingleObjectEx 000000018002d1c8     kernel32:KERNEL32.dll
 0002:000001d0       __imp_CreateThread         000000018002d1d0     kernel32:KERNEL32.dll
 0002:000001d8       __imp_OutputDebugStringA   000000018002d1d8     kernel32:KERNEL32.dll
 0002:000001e0       __imp_WriteConsoleW        000000018002d1e0     kernel32:KERNEL32.dll
 0002:000001e8       __imp_LCMapStringW         000000018002d1e8     kernel32:KERNEL32.dll
 0002:000001f0       __imp_RtlPcToFileHeader    000000018002d1f0     kernel32:KERNEL32.dll
 0002:000001f8       __imp_FlushFileBuffers     000000018002d1f8     kernel32:KERNEL32.dll
 0002:00000200       __imp_GetConsoleCP         000000018002d200     kernel32:KERNEL32.dll
 0002:00000208       __imp_GetConsoleMode       000000018002d208     kernel32:KERNEL32.dll
 0002:00000210       __imp_SetFilePointerEx     000000018002d210     kernel32:KERNEL32.dll
 0002:00000218       __imp_SetStdHandle         000000018002d218     kernel32:KERNEL32.dll
 0002:00000220       __imp_CloseHandle          000000018002d220     kernel32:KERNEL32.dll
 0002:00000228       __imp_CreateFileW          000000018002d228     kernel32:KERNEL32.dll
 0002:00000230       \177KERNEL32_NULL_THUNK_DATA 000000018002d230     kernel32:KERNEL32.dll
 0002:00000238       __xc_a                     000000018002d238     LIBCMTD:crt0init.obj
 0002:00000240       __xc_z                     000000018002d240     LIBCMTD:crt0init.obj
 0002:00000248       __xi_a                     000000018002d248     LIBCMTD:crt0init.obj
 0002:00000278       __xi_z                     000000018002d278     LIBCMTD:crt0init.obj
 0002:00000280       __xp_a                     000000018002d280     LIBCMTD:crt0init.obj
 0002:000002a0       __xp_z                     000000018002d2a0     LIBCMTD:crt0init.obj
 0002:000002a8       __xt_a                     000000018002d2a8     LIBCMTD:crt0init.obj
 0002:000002b0       __xt_z                     000000018002d2b0     LIBCMTD:crt0init.obj
 0002:000002f8       __real@3c23d70a            000000018002d2f8     kiwi.obj
 0002:000002fc       __real@3eaaaaab            000000018002d2fc     kiwi.obj
 0002:00000300       __real@3f000000            000000018002d300     kiwi.obj
 0002:00000304       __real@3f490fdb            000000018002d304     kiwi.obj
 0002:00000308       __real@3f800000            000000018002d308     kiwi.obj
 0002:0000030c       __real@40000000            000000018002d30c     kiwi.obj
 0002:00000310       __real@40c90fdb            000000018002d310     kiwi.obj
 0002:00000314       __real@437f0000            000000018002d314     kiwi.obj
 0002:00000320       __xmm@80000000800000008000000080000000 000000018002d320     kiwi.obj
 0002:00000ab8       ??_C@_06LEACALBF@atan2f?$AA@ 000000018002dab8     LIBCMTD:atan2f.obj
 0002:00000ac0       __real@3f1a36e2eb1c432d    000000018002dac0     LIBCMTD:atan2f.obj
 0002:00000ac8       __real@3fb0000000000000    000000018002dac8     LIBCMTD:atan2f.obj
 0002:00000ad0       __real@3fc2492482bd6be1    000000018002dad0     LIBCMTD:atan2f.obj
 0002:00000ad8       __real@3fc99999999643a3    000000018002dad8     LIBCMTD:atan2f.obj
 0002:00000ae0       __real@3fd5555555550877    000000018002dae0     LIBCMTD:atan2f.obj
 0002:00000ae8       __real@3fd5555555555538    000000018002dae8     LIBCMTD:atan2f.obj
 0002:00000af0       __real@3fe0000000000000    000000018002daf0     LIBCMTD:atan2f.obj
 0002:00000af8       __real@4070000000000000    000000018002daf8     LIBCMTD:atan2f.obj
 0002:00000b00       __real@80000000            000000018002db00     LIBCMTD:atan2f.obj
 0002:00000b10       __xmm@80000000000000008000000000000000 000000018002db10     LIBCMTD:atan2f.obj
 0002:00000e30       _FPinit                    000000018002de30     LIBCMTD:fpinit.obj
 0002:00000e38       _pDefaultRawDllMain        000000018002de38     LIBCMTD:dllcrt0.obj
 0002:00000e38       _pRawDllMain               000000018002de38     LIBCMTD:dllcrt0.obj
 0002:00000e40       ??_C@_0CL@OOIKPIHN@f?3?2dd?2vctools?2crt?2crtw32?2startup@ 000000018002de40     LIBCMTD:dllcrt0.obj
 0002:00000ff0       ??_C@_04LAGPAAHP@sinf?$AA@ 000000018002dff0     LIBCMTD:sincos_special.obj
 0002:00000ff8       ??_C@_03BLEJJJBH@sin?$AA@  000000018002dff8     LIBCMTD:sincos_special.obj
 0002:00000ffc       ??_C@_04OBBKPIAC@cosf?$AA@ 000000018002dffc     LIBCMTD:sincos_special.obj
 0002:00001004       ??_C@_03LALBNOCG@cos?$AA@  000000018002e004     LIBCMTD:sincos_special.obj
 0002:00001008       ??_C@_03IIINPABG@tan?$AA@  000000018002e008     LIBCMTD:sincos_special.obj
 0002:0000100c       ??_C@_04MHPLPEIA@tanf?$AA@ 000000018002e00c     LIBCMTD:sincos_special.obj
 0002:00001020       __Lcosfarray               000000018002e020     LIBCMTD:Lsincosf_array.obj
 0002:00001050       __Lsinfarray               000000018002e050     LIBCMTD:Lsincosf_array.obj
 0002:00001070       __L_2_by_pi_bits           000000018002e070     LIBCMTD:L2_by_pi_bits.obj
 0002:000011c0       ??_C@_1BI@ICGGMGLK@?$AAb?$AAu?$AAf?$AA?5?$AA?$CB?$AA?$DN?$AA?5?$AAN?$AAU?$AAL?$AAL?$AA?$AA@ 000000018002e1c0     LIBCMTD:cvt.obj
 0002:000011d8       ??_C@_15GANGMFKL@?$AA?$CF?$AAs?$AA?$AA@ 000000018002e1d8     LIBCMTD:cvt.obj
 0002:000011e0       ??_C@_1EG@OHONNKNN@?$AAf?$AA?3?$AA?2?$AAd?$AAd?$AA?2?$AAv?$AAc?$AAt?$AAo?$AAo?$AAl?$AAs?$AA?2?$AAc?$AAr?$AAt?$AA?2?$AAf?$AAp?$AAw?$AA3?$AA2?$AA?2?$AAc?$AAo?$AAn?$AAv?$AA?2?$AAc?$AAv?$AAt@ 000000018002e1e0     LIBCMTD:cvt.obj
 0002:00001228       ??_C@_1BE@OLBNEILL@?$AA_?$AAc?$AAf?$AAt?$AAo?$AAe?$AA2?$AA_?$AAl?$AA?$AA@ 000000018002e228     LIBCMTD:cvt.obj
 0002:00001240       ??_C@_1CA@CBMNPEO@?$AAs?$AAi?$AAz?$AAe?$AAI?$AAn?$AAB?$AAy?$AAt?$AAe?$AAs?$AA?5?$AA?$DO?$AA?5?$AA0?$AA?$AA@ 000000018002e240     LIBCMTD:cvt.obj
 0002:00001260       ??_C@_1HE@NACBNDPP@?$AAs?$AAi?$AAz?$AAe?$AAI?$AAn?$AAB?$AAy?$AAt?$AAe?$AAs?$AA?5?$AA?$DO?$AA?5?$AA?$CI?$AAs?$AAi?$AAz?$AAe?$AA_?$AAt?$AA?$CJ?$AA?$CI?$AA3?$AA?5?$AA?$CL?$AA?5?$AA?$CI?$AAn?$AAd?$AAe?$AAc@ 000000018002e260     LIBCMTD:cvt.obj
 0002:000012e0       ??_C@_1LE@EOIFGNCJ@?$AAs?$AAt?$AAr?$AAc?$AAp?$AAy?$AA_?$AAs?$AA?$CI?$AAp?$AA?0?$AA?5?$AA?$CI?$AAs?$AAi?$AAz?$AAe?$AAI?$AAn?$AAB?$AAy?$AAt?$AAe?$AAs?$AA?5?$AA?$DN?$AA?$DN?$AA?5?$AA?$CI?$AAs?$AAi?$AAz@ 000000018002e2e0     LIBCMTD:cvt.obj
 0002:00001394       ??_C@_05KLBDPFGC@e?$CL000?$AA@ 000000018002e394     LIBCMTD:cvt.obj
 0002:000013a0       ??_C@_1BC@INKAPMHI@?$AA_?$AAc?$AAf?$AAt?$AAo?$AAe?$AA_?$AAl?$AA?$AA@ 000000018002e3a0     LIBCMTD:cvt.obj
 0002:000013b8       ??_C@_1BC@JOKPCIC@?$AA_?$AAc?$AAf?$AAt?$AAo?$AAa?$AA_?$AAl?$AA?$AA@ 000000018002e3b8     LIBCMTD:cvt.obj
 0002:000013d0       ??_C@_1FC@IKIMAMJB@?$AAs?$AAi?$AAz?$AAe?$AAI?$AAn?$AAB?$AAy?$AAt?$AAe?$AAs?$AA?5?$AA?$DO?$AA?5?$AA?$CI?$AAs?$AAi?$AAz?$AAe?$AA_?$AAt?$AA?$CJ?$AA?$CI?$AA1?$AA?5?$AA?$CL?$AA?5?$AA4?$AA?5?$AA?$CL?$AA?5?$AAn@ 000000018002e3d0     LIBCMTD:cvt.obj
 0002:00001428       ??_C@_1BE@CKPDLI@?$AA_?$AAc?$AAf?$AAt?$AAo?$AAf?$AA2?$AA_?$AAl?$AA?$AA@ 000000018002e428     LIBCMTD:cvt.obj
 0002:00001440       ??_C@_1BC@DCPPLJL@?$AA_?$AAc?$AAf?$AAt?$AAo?$AAf?$AA_?$AAl?$AA?$AA@ 000000018002e440     LIBCMTD:cvt.obj
 0002:00001458       ??_C@_1BC@MPIFPLAF@?$AA_?$AAc?$AAf?$AAt?$AAo?$AAg?$AA_?$AAl?$AA?$AA@ 000000018002e458     LIBCMTD:cvt.obj
 0002:00001470       __real@0000000000000000    000000018002e470     LIBCMTD:cvt.obj
 0002:00001480       _XcptActTab                000000018002e480     LIBCMTD:winxfltr.obj
 0002:00001540       _XcptActTabCount           000000018002e540     LIBCMTD:winxfltr.obj
 0002:00001544       _XcptActTabSize            000000018002e544     LIBCMTD:winxfltr.obj
 0002:00001548       _First_FPE_Indx            000000018002e548     LIBCMTD:winxfltr.obj
 0002:0000154c       _Num_FPE                   000000018002e54c     LIBCMTD:winxfltr.obj
 0002:00001550       ??_C@_0CM@KPPOKOAI@f?3?2dd?2vctools?2crt?2crtw32?2startup@ 000000018002e550     LIBCMTD:tidtable.obj
 0002:00001580       ??_C@_1BI@BGOHAHKC@?$AAm?$AAs?$AAc?$AAo?$AAr?$AAe?$AAe?$AA?4?$AAd?$AAl?$AAl?$AA?$AA@ 000000018002e580     LIBCMTD:crt0dat.obj
 0002:00001598       ??_C@_0P@MIGLKIOC@CorExitProcess?$AA@ 000000018002e598     LIBCMTD:crt0dat.obj
 0002:000015a8       ??_C@_0CI@BIOGDJKL@f?3?2dd?2vctools?2crt?2crtw32?2lowio?2i@ 000000018002e5a8     LIBCMTD:ioinit.obj
 0002:000015d0       ??_C@_0CL@OBKFGCKK@f?3?2dd?2vctools?2crt?2crtw32?2startup@ 000000018002e5d0     LIBCMTD:stdargv.obj
 0002:00001600       ??_C@_0CL@BJBFGFLH@f?3?2dd?2vctools?2crt?2crtw32?2startup@ 000000018002e600     LIBCMTD:stdenvp.obj
 0002:00001630       ??_C@_1FG@MHBLOJIO@?$AAf?$AA?3?$AA?2?$AAd?$AAd?$AA?2?$AAv?$AAc?$AAt?$AAo?$AAo?$AAl?$AAs?$AA?2?$AAc?$AAr?$AAt?$AA?2?$AAc?$AAr?$AAt?$AAw?$AA3?$AA2?$AA?2?$AAs?$AAt?$AAa?$AAr?$AAt?$AAu?$AAp@ 000000018002e630     LIBCMTD:stdenvp.obj
 0002:00001688       ??_C@_1BC@GHMCNHHL@?$AA_?$AAs?$AAe?$AAt?$AAe?$AAn?$AAv?$AAp?$AA?$AA@ 000000018002e688     LIBCMTD:stdenvp.obj
 0002:000016a0       ??_C@_1DE@MMOGFGHF@?$AAs?$AAt?$AAr?$AAc?$AAp?$AAy?$AA_?$AAs?$AA?$CI?$AA?$CK?$AAe?$AAn?$AAv?$AA?0?$AA?5?$AAc?$AAc?$AAh?$AAa?$AAr?$AAs?$AA?0?$AA?5?$AAp?$AA?$CJ?$AA?$AA@ 000000018002e6a0     LIBCMTD:stdenvp.obj
 0002:00001700       ??_C@_04HJMOFLDF@Free?$AA@ 000000018002e700     LIBCMTD:dbgheap.obj
 0002:00001708       ??_C@_06EFAGIKOH@Normal?$AA@ 000000018002e708     LIBCMTD:dbgheap.obj
 0002:00001710       ??_C@_03OGPFLFLO@CRT?$AA@  000000018002e710     LIBCMTD:dbgheap.obj
 0002:00001714       ??_C@_06KMEJCCGM@Ignore?$AA@ 000000018002e714     LIBCMTD:dbgheap.obj
 0002:0000171c       ??_C@_06PJIGMIJB@Client?$AA@ 000000018002e71c     LIBCMTD:dbgheap.obj
 0002:00001728       ??_C@_1CE@LJFEPPMP@?$AA_?$AAC?$AAr?$AAt?$AAC?$AAh?$AAe?$AAc?$AAk?$AAM?$AAe?$AAm?$AAo?$AAr?$AAy?$AA?$CI?$AA?$CJ?$AA?$AA@ 000000018002e728     LIBCMTD:dbgheap.obj
 0002:00001750       ??_C@_1FA@JKEKCOIC@?$AAf?$AA?3?$AA?2?$AAd?$AAd?$AA?2?$AAv?$AAc?$AAt?$AAo?$AAo?$AAl?$AAs?$AA?2?$AAc?$AAr?$AAt?$AA?2?$AAc?$AAr?$AAt?$AAw?$AA3?$AA2?$AA?2?$AAm?$AAi?$AAs?$AAc?$AA?2?$AAd?$AAb@ 000000018002e750     LIBCMTD:dbgheap.obj
 0002:000017a0       ??_C@_0DF@BBEGIFEK@Client?5hook?5allocation?5failure?5a@ 000000018002e7a0     LIBCMTD:dbgheap.obj
 0002:000017d8       ??_C@_0CB@CCLOLAHO@Client?5hook?5allocation?5failure?4?6@ 000000018002e7d8     LIBCMTD:dbgheap.obj
 0002:000017fc       ??_C@_02DKCKIIND@?$CFs?$AA@ 000000018002e7fc     LIBCMTD:dbgheap.obj
 0002:00001800       ??_C@_0CF@BICKFLAF@Invalid?5allocation?5size?3?5?$CFIu?5byt@ 000000018002e800     LIBCMTD:dbgheap.obj
 0002:00001828       ??_C@_0DC@JEMAGEKG@Error?3?5memory?5allocation?3?5bad?5me@ 000000018002e828     LIBCMTD:dbgheap.obj
 0002:00001860       ??_C@_0DI@KKJPDPGM@Client?5hook?5re?9allocation?5failur@ 000000018002e860     LIBCMTD:dbgheap.obj
 0002:00001898       ??_C@_0CE@DOFMDOL@Client?5hook?5re?9allocation?5failur@ 000000018002e898     LIBCMTD:dbgheap.obj
 0002:000018c0       ??_C@_0ED@GPCPBAGP@Invalid?5allocation?5size?3?5?$CFIu?5byt@ 000000018002e8c0     LIBCMTD:dbgheap.obj
 0002:00001910       ??_C@_0FA@EFEIGJKG@Error?3?5memory?5allocation?3?5bad?5me@ 000000018002e910     LIBCMTD:dbgheap.obj
 0002:00001960       ??_C@_0EM@LGFLMAGJ@The?5Block?5at?50x?$CFp?5was?5allocated?5@ 000000018002e960     LIBCMTD:dbgheap.obj
 0002:000019b0       ??_C@_1EE@GFOPCECE@?$AA_?$AAC?$AAr?$AAt?$AAI?$AAs?$AAV?$AAa?$AAl?$AAi?$AAd?$AAH?$AAe?$AAa?$AAp?$AAP?$AAo?$AAi?$AAn?$AAt?$AAe?$AAr?$AA?$CI?$AAp?$AAU?$AAs?$AAe?$AAr?$AAD?$AAa?$AAt?$AAa@ 000000018002e9b0     LIBCMTD:dbgheap.obj
 0002:00001a00       ??_C@_1IK@DCPKDGNH@?$AAp?$AAO?$AAl?$AAd?$AAB?$AAl?$AAo?$AAc?$AAk?$AA?9?$AA?$DO?$AAn?$AAL?$AAi?$AAn?$AAe?$AA?5?$AA?$DN?$AA?$DN?$AA?5?$AAI?$AAG?$AAN?$AAO?$AAR?$AAE?$AA_?$AAL?$AAI?$AAN?$AAE?$AA?5@ 000000018002ea00     LIBCMTD:dbgheap.obj
 0002:00001a90       ??_C@_0DA@HFBKENN@Error?3?5possible?5heap?5corruption?5@ 000000018002ea90     LIBCMTD:dbgheap.obj
 0002:00001ac0       ??_C@_1GE@PCKLOLAO@?$AAf?$AAR?$AAe?$AAa?$AAl?$AAl?$AAo?$AAc?$AA?5?$AA?$HM?$AA?$HM?$AA?5?$AA?$CI?$AA?$CB?$AAf?$AAR?$AAe?$AAa?$AAl?$AAl?$AAo?$AAc?$AA?5?$AA?$CG?$AA?$CG?$AA?5?$AAp?$AAN?$AAe?$AAw?$AAB?$AAl@ 000000018002eac0     LIBCMTD:dbgheap.obj
 0002:00001b28       ??_C@_1DC@GEFKNOOL@?$AA_?$AAp?$AAL?$AAa?$AAs?$AAt?$AAB?$AAl?$AAo?$AAc?$AAk?$AA?5?$AA?$DN?$AA?$DN?$AA?5?$AAp?$AAO?$AAl?$AAd?$AAB?$AAl?$AAo?$AAc?$AAk?$AA?$AA@ 000000018002eb28     LIBCMTD:dbgheap.obj
 0002:00001b60       ??_C@_1DE@KOOKLFBB@?$AA_?$AAp?$AAF?$AAi?$AAr?$AAs?$AAt?$AAB?$AAl?$AAo?$AAc?$AAk?$AA?5?$AA?$DN?$AA?$DN?$AA?5?$AAp?$AAO?$AAl?$AAd?$AAB?$AAl?$AAo?$AAc?$AAk?$AA?$AA@ 000000018002eb60     LIBCMTD:dbgheap.obj
 0002:00001b98       ??_C@_1CE@CJACEFBA@?$AAp?$AAU?$AAs?$AAe?$AAr?$AAD?$AAa?$AAt?$AAa?$AA?5?$AA?$CB?$AA?$DN?$AA?5?$AAN?$AAU?$AAL?$AAL?$AA?$AA@ 000000018002eb98     LIBCMTD:dbgheap.obj
 0002:00001bc0       ??_C@_0EJ@HEIBCIMJ@The?5Block?5at?50x?$CFp?5was?5allocated?5@ 000000018002ebc0     LIBCMTD:dbgheap.obj
 0002:00001c10       ??_C@_0BL@KEIPLFAC@Client?5hook?5free?5failure?4?6?$AA@ 000000018002ec10     LIBCMTD:dbgheap.obj
 0002:00001c30       ??_C@_1EO@LHDAJOCM@?$AA_?$AAB?$AAL?$AAO?$AAC?$AAK?$AA_?$AAT?$AAY?$AAP?$AAE?$AA_?$AAI?$AAS?$AA_?$AAV?$AAA?$AAL?$AAI?$AAD?$AA?$CI?$AAp?$AAH?$AAe?$AAa?$AAd?$AA?9?$AA?$DO?$AAn?$AAB?$AAl?$AAo@ 000000018002ec30     LIBCMTD:dbgheap.obj
 0002:00001c80       ??_C@_0KI@JGFOHMEB@HEAP?5CORRUPTION?5DETECTED?3?5before@ 000000018002ec80     LIBCMTD:dbgheap.obj
 0002:00001d30       ??_C@_0IK@PJCGLBOB@HEAP?5CORRUPTION?5DETECTED?3?5before@ 000000018002ed30     LIBCMTD:dbgheap.obj
 0002:00001dc0       ??_C@_0KE@MBMNHHHN@HEAP?5CORRUPTION?5DETECTED?3?5after?5@ 000000018002edc0     LIBCMTD:dbgheap.obj
 0002:00001e70       ??_C@_0IG@LEMBDCJK@HEAP?5CORRUPTION?5DETECTED?3?5after?5@ 000000018002ee70     LIBCMTD:dbgheap.obj
 0002:00001f00       ??_C@_1HK@HPCBMDFG@?$AAp?$AAH?$AAe?$AAa?$AAd?$AA?9?$AA?$DO?$AAn?$AAL?$AAi?$AAn?$AAe?$AA?5?$AA?$DN?$AA?$DN?$AA?5?$AAI?$AAG?$AAN?$AAO?$AAR?$AAE?$AA_?$AAL?$AAI?$AAN?$AAE?$AA?5?$AA?$CG?$AA?$CG?$AA?5?$AAp@ 000000018002ef00     LIBCMTD:dbgheap.obj
 0002:00001f80       ??_C@_1DM@ODCJIDCP@?$AAp?$AAH?$AAe?$AAa?$AAd?$AA?9?$AA?$DO?$AAn?$AAB?$AAl?$AAo?$AAc?$AAk?$AAU?$AAs?$AAe?$AA?5?$AA?$DN?$AA?$DN?$AA?5?$AAn?$AAB?$AAl?$AAo?$AAc?$AAk?$AAU?$AAs?$AAe?$AA?$AA@ 000000018002ef80     LIBCMTD:dbgheap.obj
 0002:00001fc0       ??_C@_1CK@DMAGEMBG@?$AA_?$AAp?$AAL?$AAa?$AAs?$AAt?$AAB?$AAl?$AAo?$AAc?$AAk?$AA?5?$AA?$DN?$AA?$DN?$AA?5?$AAp?$AAH?$AAe?$AAa?$AAd?$AA?$AA@ 000000018002efc0     LIBCMTD:dbgheap.obj
 0002:00001ff0       ??_C@_1CM@MMAADDMD@?$AA_?$AAp?$AAF?$AAi?$AAr?$AAs?$AAt?$AAB?$AAl?$AAo?$AAc?$AAk?$AA?5?$AA?$DN?$AA?$DN?$AA?5?$AAp?$AAH?$AAe?$AAa?$AAd?$AA?$AA@ 000000018002eff0     LIBCMTD:dbgheap.obj
 0002:00002020       ??_C@_1BG@MBKOGDLD@?$AA_?$AAm?$AAs?$AAi?$AAz?$AAe?$AA_?$AAd?$AAb?$AAg?$AA?$AA@ 000000018002f020     LIBCMTD:dbgheap.obj
 0002:00002038       ??_C@_0CE@MKKHMBMK@_heapchk?5fails?5with?5_HEAPBADBEGI@ 000000018002f038     LIBCMTD:dbgheap.obj
 0002:00002060       ??_C@_0CD@CPKEAPBD@_heapchk?5fails?5with?5_HEAPBADNODE@ 000000018002f060     LIBCMTD:dbgheap.obj
 0002:00002088       ??_C@_0CC@MJGLGBDG@_heapchk?5fails?5with?5_HEAPBADEND?4@ 000000018002f088     LIBCMTD:dbgheap.obj
 0002:000020b0       ??_C@_0CC@MFFCHFHO@_heapchk?5fails?5with?5_HEAPBADPTR?4@ 000000018002f0b0     LIBCMTD:dbgheap.obj
 0002:000020d8       ??_C@_0CL@HNNNMKMJ@_heapchk?5fails?5with?5unknown?5retu@ 000000018002f0d8     LIBCMTD:dbgheap.obj
 0002:00002108       ??_C@_07OHKEFPKJ@DAMAGED?$AA@ 000000018002f108     LIBCMTD:dbgheap.obj
 0002:00002110       ??_C@_0KA@IHNJJKPL@HEAP?5CORRUPTION?5DETECTED?3?5on?5top@ 000000018002f110     LIBCMTD:dbgheap.obj
 0002:000021b0       ??_C@_0IC@BBJIOOJH@HEAP?5CORRUPTION?5DETECTED?3?5on?5top@ 000000018002f1b0     LIBCMTD:dbgheap.obj
 0002:00002240       ??_C@_0EG@DGJMPDBH@?$CFhs?5located?5at?50x?$CFp?5is?5?$CFIu?5bytes@ 000000018002f240     LIBCMTD:dbgheap.obj
 0002:00002288       ??_C@_0CI@JMLBEDHJ@?$CFhs?5located?5at?50x?$CFp?5is?5?$CFIu?5bytes@ 000000018002f288     LIBCMTD:dbgheap.obj
 0002:000022b0       ??_C@_1BHO@NNANJNF@?$AA?$CI?$AAf?$AAN?$AAe?$AAw?$AAB?$AAi?$AAt?$AAs?$AA?$DN?$AA?$DN?$AA_?$AAC?$AAR?$AAT?$AAD?$AAB?$AAG?$AA_?$AAR?$AAE?$AAP?$AAO?$AAR?$AAT?$AA_?$AAF?$AAL?$AAA?$AAG?$AA?$CJ?$AA?5@ 000000018002f2b0     LIBCMTD:dbgheap.obj
 0002:00002430       ??_C@_1BO@GJFDNMNF@?$AA_?$AAC?$AAr?$AAt?$AAS?$AAe?$AAt?$AAD?$AAb?$AAg?$AAF?$AAl?$AAa?$AAg?$AA?$AA@ 000000018002f430     LIBCMTD:dbgheap.obj
 0002:00002450       ??_C@_1BM@MIMANDHC@?$AAs?$AAt?$AAa?$AAt?$AAe?$AA?5?$AA?$CB?$AA?$DN?$AA?5?$AAN?$AAU?$AAL?$AAL?$AA?$AA@ 000000018002f450     LIBCMTD:dbgheap.obj
 0002:00002470       ??_C@_1CE@NJJKELF@?$AA_?$AAC?$AAr?$AAt?$AAM?$AAe?$AAm?$AAC?$AAh?$AAe?$AAc?$AAk?$AAp?$AAo?$AAi?$AAn?$AAt?$AA?$AA@ 000000018002f470     LIBCMTD:dbgheap.obj
 0002:00002498       ??_C@_0DP@LEFMFBOD@Bad?5memory?5block?5found?5at?50x?$CFp?4?6@ 000000018002f498     LIBCMTD:dbgheap.obj
 0002:000024d8       ??_C@_0CB@EAAIGELO@Bad?5memory?5block?5found?5at?50x?$CFp?4?6@ 000000018002f4d8     LIBCMTD:dbgheap.obj
 0002:000024fc       ??_C@_05MKKEDADM@?$CF?42X?5?$AA@ 000000018002f4fc     LIBCMTD:dbgheap.obj
 0002:00002508       ??_C@_1CG@LPFIACGM@?$AA_?$AAp?$AAr?$AAi?$AAn?$AAt?$AAM?$AAe?$AAm?$AAB?$AAl?$AAo?$AAc?$AAk?$AAD?$AAa?$AAt?$AAa?$AA?$AA@ 000000018002f508     LIBCMTD:dbgheap.obj
 0002:00002530       ??_C@_1BI@KALLJECN@?$AA?$CI?$AA?$CK?$AA_?$AAe?$AAr?$AAr?$AAn?$AAo?$AA?$CI?$AA?$CJ?$AA?$CJ?$AA?$AA@ 000000018002f530     LIBCMTD:dbgheap.obj
 0002:00002548       ??_C@_0BA@HJBKCELP@?5Data?3?5?$DM?$CFs?$DO?5?$CFs?6?$AA@ 000000018002f548     LIBCMTD:dbgheap.obj
 0002:00002558       ??_C@_0BE@KCIPKCIA@Dumping?5objects?5?9?$DO?6?$AA@ 000000018002f558     LIBCMTD:dbgheap.obj
 0002:00002570       ??_C@_0BE@OIEFNFL@?$CDFile?5Error?$CD?$CI?$CFd?$CJ?5?3?5?$AA@ 000000018002f570     LIBCMTD:dbgheap.obj
 0002:00002588       ??_C@_0L@JMEFFCCJ@?$CFhs?$CI?$CFd?$CJ?5?3?5?$AA@ 000000018002f588     LIBCMTD:dbgheap.obj
 0002:00002594       ??_C@_06PKLGBFGM@?$HL?$CFld?$HN?5?$AA@ 000000018002f594     LIBCMTD:dbgheap.obj
 0002:000025a0       ??_C@_0DD@GHNAAKBB@client?5block?5at?50x?$CFp?0?5subtype?5?$CFx@ 000000018002f5a0     LIBCMTD:dbgheap.obj
 0002:000025d8       ??_C@_0CH@FAGDDGPN@normal?5block?5at?50x?$CFp?0?5?$CFIu?5bytes?5@ 000000018002f5d8     LIBCMTD:dbgheap.obj
 0002:00002600       ??_C@_0DA@MDLBNIBM@crt?5block?5at?50x?$CFp?0?5subtype?5?$CFx?0?5?$CF@ 000000018002f600     LIBCMTD:dbgheap.obj
 0002:00002630       ??_C@_0BH@GFGKJDCO@Object?5dump?5complete?4?6?$AA@ 000000018002f630     LIBCMTD:dbgheap.obj
 0002:00002648       ??_C@_0BI@JBFPOEJA@Detected?5memory?5leaks?$CB?6?$AA@ 000000018002f648     LIBCMTD:dbgheap.obj
 0002:00002660       ??_C@_0CG@NNNNMKLF@f?3?2dd?2vctools?2crt?2crtw32?2misc?2a_@ 000000018002f660     LIBCMTD:a_env.obj
 0002:00002688       ??_C@_1BK@MGMFAEKH@?$AAk?$AAe?$AAr?$AAn?$AAe?$AAl?$AA3?$AA2?$AA?4?$AAd?$AAl?$AAl?$AA?$AA@ 000000018002f688     LIBCMTD:winapisupp.obj
 0002:000026a8       ??_C@_08KNHFBNJ@FlsAlloc?$AA@ 000000018002f6a8     LIBCMTD:winapisupp.obj
 0002:000026b8       ??_C@_07PEJMOBNF@FlsFree?$AA@ 000000018002f6b8     LIBCMTD:winapisupp.obj
 0002:000026c0       ??_C@_0M@GDNOONDI@FlsGetValue?$AA@ 000000018002f6c0     LIBCMTD:winapisupp.obj
 0002:000026d0       ??_C@_0M@JCPCPOEF@FlsSetValue?$AA@ 000000018002f6d0     LIBCMTD:winapisupp.obj
 0002:000026e0       ??_C@_0BM@HCFOFFN@InitializeCriticalSectionEx?$AA@ 000000018002f6e0     LIBCMTD:winapisupp.obj
 0002:00002700       ??_C@_0P@DLHPPCNH@CreateEventExW?$AA@ 000000018002f700     LIBCMTD:winapisupp.obj
 0002:00002710       ??_C@_0BD@KIEEOEEH@CreateSemaphoreExW?$AA@ 000000018002f710     LIBCMTD:winapisupp.obj
 0002:00002728       ??_C@_0BI@BKLFFAPO@SetThreadStackGuarantee?$AA@ 000000018002f728     LIBCMTD:winapisupp.obj
 0002:00002740       ??_C@_0BG@OGFAJCKC@CreateThreadpoolTimer?$AA@ 000000018002f740     LIBCMTD:winapisupp.obj
 0002:00002758       ??_C@_0BD@LPLEMMDI@SetThreadpoolTimer?$AA@ 000000018002f758     LIBCMTD:winapisupp.obj
 0002:00002770       ??_C@_0CA@FMNJENH@WaitForThreadpoolTimerCallbacks?$AA@ 000000018002f770     LIBCMTD:winapisupp.obj
 0002:00002790       ??_C@_0BF@DCFCCNOC@CloseThreadpoolTimer?$AA@ 000000018002f790     LIBCMTD:winapisupp.obj
 0002:000027a8       ??_C@_0BF@FLABGKKM@CreateThreadpoolWait?$AA@ 000000018002f7a8     LIBCMTD:winapisupp.obj
 0002:000027c0       ??_C@_0BC@MGCOHNA@SetThreadpoolWait?$AA@ 000000018002f7c0     LIBCMTD:winapisupp.obj
 0002:000027d8       ??_C@_0BE@OCIOMIMP@CloseThreadpoolWait?$AA@ 000000018002f7d8     LIBCMTD:winapisupp.obj
 0002:000027f0       ??_C@_0BJ@LKGHFHBO@FlushProcessWriteBuffers?$AA@ 000000018002f7f0     LIBCMTD:winapisupp.obj
 0002:00002810       ??_C@_0BP@KALKKPMO@FreeLibraryWhenCallbackReturns?$AA@ 000000018002f810     LIBCMTD:winapisupp.obj
 0002:00002830       ??_C@_0BK@DFNBACLA@GetCurrentProcessorNumber?$AA@ 000000018002f830     LIBCMTD:winapisupp.obj
 0002:00002850       ??_C@_0BP@KHGALBC@GetLogicalProcessorInformation?$AA@ 000000018002f850     LIBCMTD:winapisupp.obj
 0002:00002870       ??_C@_0BE@FKKLLFLM@CreateSymbolicLinkW?$AA@ 000000018002f870     LIBCMTD:winapisupp.obj
 0002:00002888       ??_C@_0BJ@OHNKDLIJ@SetDefaultDllDirectories?$AA@ 000000018002f888     LIBCMTD:winapisupp.obj
 0002:000028a8       ??_C@_0BE@LJANKFHF@EnumSystemLocalesEx?$AA@ 000000018002f8a8     LIBCMTD:winapisupp.obj
 0002:000028c0       ??_C@_0BA@IHGNDAEB@CompareStringEx?$AA@ 000000018002f8c0     LIBCMTD:winapisupp.obj
 0002:000028d0       ??_C@_0BA@EPCJIIPD@GetDateFormatEx?$AA@ 000000018002f8d0     LIBCMTD:winapisupp.obj
 0002:000028e0       ??_C@_0BA@ONOKGCMP@GetLocaleInfoEx?$AA@ 000000018002f8e0     LIBCMTD:winapisupp.obj
 0002:000028f0       ??_C@_0BA@CIJJKCJJ@GetTimeFormatEx?$AA@ 000000018002f8f0     LIBCMTD:winapisupp.obj
 0002:00002900       ??_C@_0BJ@PBCCBIPI@GetUserDefaultLocaleName?$AA@ 000000018002f900     LIBCMTD:winapisupp.obj
 0002:00002920       ??_C@_0BC@CELBKLLA@IsValidLocaleName?$AA@ 000000018002f920     LIBCMTD:winapisupp.obj
 0002:00002938       ??_C@_0O@KKBNKAPF@LCMapStringEx?$AA@ 000000018002f938     LIBCMTD:winapisupp.obj
 0002:00002948       ??_C@_0BE@JOGNEJCI@GetCurrentPackageId?$AA@ 000000018002f948     LIBCMTD:winapisupp.obj
 0002:00002960       ??_C@_0P@CDHHOHKP@GetTickCount64?$AA@ 000000018002f960     LIBCMTD:winapisupp.obj
 0002:00002970       ??_C@_0BO@KPCLFDJJ@GetFileInformationByHandleExW?$AA@ 000000018002f970     LIBCMTD:winapisupp.obj
 0002:00002990       ??_C@_0BM@MHIDLABK@SetFileInformationByHandleW?$AA@ 000000018002f990     LIBCMTD:winapisupp.obj
 0002:000029c0       ??_C@_03KHJOGHMM@exp?$AA@  000000018002f9c0     LIBCMTD:fpexcept.obj
 0002:000029c4       ??_C@_03JGHBODFD@pow?$AA@  000000018002f9c4     LIBCMTD:fpexcept.obj
 0002:000029c8       ??_C@_03MGHMBJCF@log?$AA@  000000018002f9c8     LIBCMTD:fpexcept.obj
 0002:000029cc       ??_C@_05HGHHAHAP@log10?$AA@ 000000018002f9cc     LIBCMTD:fpexcept.obj
 0002:000029d4       ??_C@_04COOMCNPB@sinh?$AA@ 000000018002f9d4     LIBCMTD:fpexcept.obj
 0002:000029dc       ??_C@_04HPJJNFIM@cosh?$AA@ 000000018002f9dc     LIBCMTD:fpexcept.obj
 0002:000029e4       ??_C@_04FJHINJAO@tanh?$AA@ 000000018002f9e4     LIBCMTD:fpexcept.obj
 0002:000029ec       ??_C@_04FIHNOPOL@asin?$AA@ 000000018002f9ec     LIBCMTD:fpexcept.obj
 0002:000029f4       ??_C@_04PDIFKINK@acos?$AA@ 000000018002f9f4     LIBCMTD:fpexcept.obj
 0002:000029fc       ??_C@_04MLLJIGOK@atan?$AA@ 000000018002f9fc     LIBCMTD:fpexcept.obj
 0002:00002a04       ??_C@_05KNGEOGJB@atan2?$AA@ 000000018002fa04     LIBCMTD:fpexcept.obj
 0002:00002a0c       ??_C@_04EIAKFFMI@sqrt?$AA@ 000000018002fa0c     LIBCMTD:fpexcept.obj
 0002:00002a14       ??_C@_04GFPJNGEK@ceil?$AA@ 000000018002fa14     LIBCMTD:fpexcept.obj
 0002:00002a1c       ??_C@_05PBJFFIGL@floor?$AA@ 000000018002fa1c     LIBCMTD:fpexcept.obj
 0002:00002a24       ??_C@_04ODHECPBC@fabs?$AA@ 000000018002fa24     LIBCMTD:fpexcept.obj
 0002:00002a2c       ??_C@_04EHEDPDJG@modf?$AA@ 000000018002fa2c     LIBCMTD:fpexcept.obj
 0002:00002a34       ??_C@_05CEJMAHNP@ldexp?$AA@ 000000018002fa34     LIBCMTD:fpexcept.obj
 0002:00002a3c       ??_C@_05KBKMEMPO@_cabs?$AA@ 000000018002fa3c     LIBCMTD:fpexcept.obj
 0002:00002a44       ??_C@_06MEIMCGCF@_hypot?$AA@ 000000018002fa44     LIBCMTD:fpexcept.obj
 0002:00002a4c       ??_C@_04KEPJIHGP@fmod?$AA@ 000000018002fa4c     LIBCMTD:fpexcept.obj
 0002:00002a54       ??_C@_05GKKHEGJL@frexp?$AA@ 000000018002fa54     LIBCMTD:fpexcept.obj
 0002:00002a5c       ??_C@_03MJLDFKDL@_y0?$AA@  000000018002fa5c     LIBCMTD:fpexcept.obj
 0002:00002a60       ??_C@_03NAKIGLHK@_y1?$AA@  000000018002fa60     LIBCMTD:fpexcept.obj
 0002:00002a64       ??_C@_03ONILCKOB@_yn?$AA@  000000018002fa64     LIBCMTD:fpexcept.obj
 0002:00002a68       ??_C@_05JGDBENOH@_logb?$AA@ 000000018002fa68     LIBCMTD:fpexcept.obj
 0002:00002a70       ??_C@_0L@KDOEJCKC@_nextafter?$AA@ 000000018002fa70     LIBCMTD:fpexcept.obj
 0002:00002a80       ??_C@_1BJK@FEBNHLFF@?$AA?$CI?$AA?$CI?$AAp?$AAt?$AAl?$AAo?$AAc?$AAi?$AA?9?$AA?$DO?$AAl?$AAc?$AA_?$AAc?$AAa?$AAt?$AAe?$AAg?$AAo?$AAr?$AAy?$AA?$FL?$AAc?$AAa?$AAt?$AAe?$AAg?$AAo?$AAr?$AAy?$AA?$FN?$AA?4@ 000000018002fa80     LIBCMTD:localref.obj
 0002:00002c20       ??_C@_1FC@HINIIGNO@?$AAf?$AA?3?$AA?2?$AAd?$AAd?$AA?2?$AAv?$AAc?$AAt?$AAo?$AAo?$AAl?$AAs?$AA?2?$AAc?$AAr?$AAt?$AA?2?$AAc?$AAr?$AAt?$AAw?$AA3?$AA2?$AA?2?$AAm?$AAi?$AAs?$AAc?$AA?2?$AAl?$AAo@ 000000018002fc20     LIBCMTD:localref.obj
 0002:00002c98       ??_C@_1M@HPNHIDJI@?$AAj?$AAa?$AA?9?$AAJ?$AAP?$AA?$AA@ 000000018002fc98     LIBCMTD:mbctype.obj
 0002:00002ca8       ??_C@_1M@BIBDDEMK@?$AAz?$AAh?$AA?9?$AAC?$AAN?$AA?$AA@ 000000018002fca8     LIBCMTD:mbctype.obj
 0002:00002cb8       ??_C@_1M@JLOOOEGK@?$AAk?$AAo?$AA?9?$AAK?$AAR?$AA?$AA@ 000000018002fcb8     LIBCMTD:mbctype.obj
 0002:00002cc8       ??_C@_1M@CLNBBOPM@?$AAz?$AAh?$AA?9?$AAT?$AAW?$AA?$AA@ 000000018002fcc8     LIBCMTD:mbctype.obj
 0002:00002d00       ??_C@_0CM@BEDCPGGG@f?3?2dd?2vctools?2crt?2crtw32?2mbstrin@ 000000018002fd00     LIBCMTD:mbctype.obj
 0002:00002d30       ??_C@_1FC@NCPEPIBI@?$AA?$CI?$AA?$CI?$AA_?$AAD?$AAs?$AAt?$AA?$CJ?$AA?$CJ?$AA?5?$AA?$CB?$AA?$DN?$AA?5?$AAN?$AAU?$AAL?$AAL?$AA?5?$AA?$CG?$AA?$CG?$AA?5?$AA?$CI?$AA?$CI?$AA_?$AAS?$AAi?$AAz?$AAe?$AAI?$AAn?$AAB?$AAy?$AAt@ 000000018002fd30     LIBCMTD:strcpy_s.obj
 0002:00002d90       ??_C@_1FA@ILDLFIFE@?$AAf?$AA?3?$AA?2?$AAd?$AAd?$AA?2?$AAv?$AAc?$AAt?$AAo?$AAo?$AAl?$AAs?$AA?2?$AAc?$AAr?$AAt?$AA?2?$AAc?$AAr?$AAt?$AAw?$AA3?$AA2?$AA?2?$AAh?$AA?2?$AAt?$AAc?$AAs?$AAc?$AAp@ 000000018002fd90     LIBCMTD:strcpy_s.obj
 0002:00002de0       ??_C@_1BC@CFJEPFGF@?$AAs?$AAt?$AAr?$AAc?$AAp?$AAy?$AA_?$AAs?$AA?$AA@ 000000018002fde0     LIBCMTD:strcpy_s.obj
 0002:00002df8       ??_C@_1CG@OFBJMIGJ@?$AA?$CI?$AA?$CI?$AA?$CI?$AA_?$AAS?$AAr?$AAc?$AA?$CJ?$AA?$CJ?$AA?$CJ?$AA?5?$AA?$CB?$AA?$DN?$AA?5?$AAN?$AAU?$AAL?$AAL?$AA?$AA@ 000000018002fdf8     LIBCMTD:strcpy_s.obj
 0002:00002e20       ??_C@_1CI@HCPHDDLE@?$AAB?$AAu?$AAf?$AAf?$AAe?$AAr?$AA?5?$AAi?$AAs?$AA?5?$AAt?$AAo?$AAo?$AA?5?$AAs?$AAm?$AAa?$AAl?$AAl?$AA?$AA@ 000000018002fe20     LIBCMTD:strcpy_s.obj
 0002:00002e48       ??_C@_1DM@MADKGDLO@?$AA?$CI?$AAL?$AA?$CC?$AAB?$AAu?$AAf?$AAf?$AAe?$AAr?$AA?5?$AAi?$AAs?$AA?5?$AAt?$AAo?$AAo?$AA?5?$AAs?$AAm?$AAa?$AAl?$AAl?$AA?$CC?$AA?5?$AA?$CG?$AA?$CG?$AA?5?$AA0?$AA?$CJ?$AA?$AA@ 000000018002fe48     LIBCMTD:strcpy_s.obj
 0002:00002e90       ??_C@_1FI@JBLIKEIM@?$AAf?$AA?3?$AA?2?$AAd?$AAd?$AA?2?$AAv?$AAc?$AAt?$AAo?$AAo?$AAl?$AAs?$AA?2?$AAc?$AAr?$AAt?$AA?2?$AAc?$AAr?$AAt?$AAw?$AA3?$AA2?$AA?2?$AAc?$AAo?$AAn?$AAv?$AAe?$AAr?$AAt@ 000000018002fe90     LIBCMTD:_fptostr.obj
 0002:00002ee8       ??_C@_1BC@OPALLEB@?$AA_?$AAf?$AAp?$AAt?$AAo?$AAs?$AAt?$AAr?$AA?$AA@ 000000018002fee8     LIBCMTD:_fptostr.obj
 0002:00002f00       ??_C@_1GM@CEDLGDDI@?$AAs?$AAi?$AAz?$AAe?$AAI?$AAn?$AAB?$AAy?$AAt?$AAe?$AAs?$AA?5?$AA?$DO?$AA?5?$AA?$CI?$AAs?$AAi?$AAz?$AAe?$AA_?$AAt?$AA?$CJ?$AA?$CI?$AA?$CI?$AAd?$AAi?$AAg?$AAi?$AAt?$AAs?$AA?5?$AA?$DO@ 000000018002ff00     LIBCMTD:_fptostr.obj
 0002:00002f70       ??_C@_1BK@CLIEHFDF@?$AAp?$AAf?$AAl?$AAt?$AA?5?$AA?$CB?$AA?$DN?$AA?5?$AAN?$AAU?$AAL?$AAL?$AA?$AA@ 000000018002ff70     LIBCMTD:_fptostr.obj
 0002:00002f90       ??_C@_1EK@LJBJCHGA@?$AAf?$AA?3?$AA?2?$AAd?$AAd?$AA?2?$AAv?$AAc?$AAt?$AAo?$AAo?$AAl?$AAs?$AA?2?$AAc?$AAr?$AAt?$AA?2?$AAf?$AAp?$AAw?$AA3?$AA2?$AA?2?$AAc?$AAo?$AAn?$AAv?$AA?2?$AAc?$AAf?$AAo@ 000000018002ff90     LIBCMTD:cfout.obj
 0002:00002fe0       ??_C@_1BC@BPMMEHLK@?$AA_?$AAf?$AAl?$AAt?$AAo?$AAu?$AAt?$AA2?$AA?$AA@ 000000018002ffe0     LIBCMTD:cfout.obj
 0002:00003000       ??_C@_1FK@KODCOBKF@?$AAs?$AAt?$AAr?$AAc?$AAp?$AAy?$AA_?$AAs?$AA?$CI?$AAr?$AAe?$AAs?$AAu?$AAl?$AAt?$AAs?$AAt?$AAr?$AA?0?$AA?5?$AAr?$AAe?$AAs?$AAu?$AAl?$AAt?$AAs?$AAi?$AAz?$AAe?$AA?0?$AA?5@ 0000000180030000     LIBCMTD:cfout.obj
 0002:00003078       ??_C@_1BA@GLMCNLEM@?$AAW?$AAa?$AAr?$AAn?$AAi?$AAn?$AAg?$AA?$AA@ 0000000180030078     LIBCMTD:dbgrptw.obj
 0002:00003088       ??_C@_1M@ILHOPKA@?$AAE?$AAr?$AAr?$AAo?$AAr?$AA?$AA@ 0000000180030088     LIBCMTD:dbgrptw.obj
 0002:00003098       ??_C@_1CC@CGHMNGDG@?$AAA?$AAs?$AAs?$AAe?$AAr?$AAt?$AAi?$AAo?$AAn?$AA?5?$AAF?$AAa?$AAi?$AAl?$AAe?$AAd?$AA?$AA@ 0000000180030098     LIBCMTD:dbgrptw.obj
 0002:000030c0       ??_C@_17LGKOMLJ@?$AA?4?$AA?4?$AA?4?$AA?$AA@ 00000001800300c0     LIBCMTD:dbgrptw.obj
 0002:000030d0       ??_C@_1EO@JACJHHCK@?$AAf?$AA?3?$AA?2?$AAd?$AAd?$AA?2?$AAv?$AAc?$AAt?$AAo?$AAo?$AAl?$AAs?$AA?2?$AAc?$AAr?$AAt?$AA?2?$AAc?$AAr?$AAt?$AAw?$AA3?$AA2?$AA?2?$AAm?$AAi?$AAs?$AAc?$AA?2?$AAd?$AAb@ 00000001800300d0     LIBCMTD:dbgrptw.obj
 0002:00003120       ??_C@_1CI@PGJIFDEK@?$AA_?$AA_?$AAc?$AAr?$AAt?$AAM?$AAe?$AAs?$AAs?$AAa?$AAg?$AAe?$AAW?$AAi?$AAn?$AAd?$AAo?$AAw?$AAW?$AA?$AA@ 0000000180030120     LIBCMTD:dbgrptw.obj
 0002:00003150       ??_C@_1GI@DEDNNLCI@?$AAw?$AAc?$AAs?$AAc?$AAp?$AAy?$AA_?$AAs?$AA?$CI?$AAs?$AAz?$AAE?$AAx?$AAe?$AAN?$AAa?$AAm?$AAe?$AA?0?$AA?5?$AA2?$AA6?$AA0?$AA?0?$AA?5?$AAL?$AA?$CC?$AA?$DM?$AAp?$AAr?$AAo?$AAg@ 0000000180030150     LIBCMTD:dbgrptw.obj
 0002:000031b8       ??_C@_1CO@EAEJAADC@?$AA?$DM?$AAp?$AAr?$AAo?$AAg?$AAr?$AAa?$AAm?$AA?5?$AAn?$AAa?$AAm?$AAe?$AA?5?$AAu?$AAn?$AAk?$AAn?$AAo?$AAw?$AAn?$AA?$DO?$AA?$AA@ 00000001800301b8     LIBCMTD:dbgrptw.obj
 0002:000031f0       ??_C@_1NO@LECLLHOL@?$AAm?$AAe?$AAm?$AAc?$AAp?$AAy?$AA_?$AAs?$AA?$CI?$AAs?$AAz?$AAS?$AAh?$AAo?$AAr?$AAt?$AAP?$AAr?$AAo?$AAg?$AAN?$AAa?$AAm?$AAe?$AA?0?$AA?5?$AAs?$AAi?$AAz?$AAe?$AAo?$AAf@ 00000001800301f0     LIBCMTD:dbgrptw.obj
 0002:000032d0       ??_C@_1OG@PMPPFHAF@?$AA?6?$AA?6?$AAF?$AAo?$AAr?$AA?5?$AAi?$AAn?$AAf?$AAo?$AAr?$AAm?$AAa?$AAt?$AAi?$AAo?$AAn?$AA?5?$AAo?$AAn?$AA?5?$AAh?$AAo?$AAw?$AA?5?$AAy?$AAo?$AAu?$AAr?$AA?5?$AAp?$AAr@ 00000001800302d0     LIBCMTD:dbgrptw.obj
 0002:000033b8       ??_C@_11LOCGONAA@?$AA?$AA@ 00000001800303b8     LIBCMTD:dbgrptw.obj
 0002:000033c0       ??_C@_1BK@PEDCIPMA@?$AAE?$AAx?$AAp?$AAr?$AAe?$AAs?$AAs?$AAi?$AAo?$AAn?$AA?3?$AA?5?$AA?$AA@ 00000001800303c0     LIBCMTD:dbgrptw.obj
 0002:000033dc       ??_C@_15IABLJNFO@?$AA?6?$AA?6?$AA?$AA@ 00000001800303dc     LIBCMTD:dbgrptw.obj
 0002:000033e8       ??_C@_1BA@GLLGCPCK@?$AA?6?$AAL?$AAi?$AAn?$AAe?$AA?3?$AA?5?$AA?$AA@ 00000001800303e8     LIBCMTD:dbgrptw.obj
 0002:000033f8       ??_C@_1BA@LNHECFIM@?$AA?6?$AAF?$AAi?$AAl?$AAe?$AA?3?$AA?5?$AA?$AA@ 00000001800303f8     LIBCMTD:dbgrptw.obj
 0002:00003408       ??_C@_1BE@CGCJKGHI@?$AA?6?$AAM?$AAo?$AAd?$AAu?$AAl?$AAe?$AA?3?$AA?5?$AA?$AA@ 0000000180030408     LIBCMTD:dbgrptw.obj
 0002:00003420       ??_C@_1KM@HNMIBKJH@?$AAD?$AAe?$AAb?$AAu?$AAg?$AA?5?$AA?$CF?$AAs?$AA?$CB?$AA?6?$AA?6?$AAP?$AAr?$AAo?$AAg?$AAr?$AAa?$AAm?$AA?3?$AA?5?$AA?$CF?$AAs?$AA?$CF?$AAs?$AA?$CF?$AAs?$AA?$CF?$AAs?$AA?$CF?$AAs?$AA?$CF?$AAs@ 0000000180030420     LIBCMTD:dbgrptw.obj
 0002:000034d0       ??_C@_1JI@EACPGHID@?$AAw?$AAc?$AAs?$AAc?$AAp?$AAy?$AA_?$AAs?$AA?$CI?$AAs?$AAz?$AAO?$AAu?$AAt?$AAM?$AAe?$AAs?$AAs?$AAa?$AAg?$AAe?$AA?0?$AA?5?$AA4?$AA0?$AA9?$AA6?$AA?0?$AA?5?$AAL?$AA?$CC?$AA_@ 00000001800304d0     LIBCMTD:dbgrptw.obj
 0002:00003570       ??_C@_1FG@BBOLDHGF@?$AA_?$AAC?$AAr?$AAt?$AAD?$AAb?$AAg?$AAR?$AAe?$AAp?$AAo?$AAr?$AAt?$AA?3?$AA?5?$AAS?$AAt?$AAr?$AAi?$AAn?$AAg?$AA?5?$AAt?$AAo?$AAo?$AA?5?$AAl?$AAo?$AAn?$AAg?$AA?5?$AAo@ 0000000180030570     LIBCMTD:dbgrptw.obj
 0002:000035d0       ??_C@_1EK@MBDPDCGA@?$AAM?$AAi?$AAc?$AAr?$AAo?$AAs?$AAo?$AAf?$AAt?$AA?5?$AAV?$AAi?$AAs?$AAu?$AAa?$AAl?$AA?5?$AAC?$AA?$CL?$AA?$CL?$AA?5?$AAR?$AAu?$AAn?$AAt?$AAi?$AAm?$AAe?$AA?5?$AAL?$AAi?$AAb@ 00000001800305d0     LIBCMTD:dbgrptw.obj
 0002:0000361c       ??_C@_03KOEHGMDN@Sun?$AA@  000000018003061c     LIBCMTD:nlsdata.obj
 0002:00003620       ??_C@_03PDAGKDH@Mon?$AA@   0000000180030620     LIBCMTD:nlsdata.obj
 0002:00003624       ??_C@_03NAGEINEP@Tue?$AA@  0000000180030624     LIBCMTD:nlsdata.obj
 0002:00003628       ??_C@_03MHOMLAJA@Wed?$AA@  0000000180030628     LIBCMTD:nlsdata.obj
 0002:0000362c       ??_C@_03IOFIKPDN@Thu?$AA@  000000018003062c     LIBCMTD:nlsdata.obj
 0002:00003630       ??_C@_03IDIOELNC@Fri?$AA@  0000000180030630     LIBCMTD:nlsdata.obj
 0002:00003634       ??_C@_03FEFJNEK@Sat?$AA@   0000000180030634     LIBCMTD:nlsdata.obj
 0002:00003638       ??_C@_06OOPIFAJ@Sunday?$AA@ 0000000180030638     LIBCMTD:nlsdata.obj
 0002:00003640       ??_C@_06JLEDEDGH@Monday?$AA@ 0000000180030640     LIBCMTD:nlsdata.obj
 0002:00003648       ??_C@_07BAAGCFCM@Tuesday?$AA@ 0000000180030648     LIBCMTD:nlsdata.obj
 0002:00003650       ??_C@_09DLIGFAKA@Wednesday?$AA@ 0000000180030650     LIBCMTD:nlsdata.obj
 0002:00003660       ??_C@_08HACCIKIA@Thursday?$AA@ 0000000180030660     LIBCMTD:nlsdata.obj
 0002:0000366c       ??_C@_06JECMNKMI@Friday?$AA@ 000000018003066c     LIBCMTD:nlsdata.obj
 0002:00003678       ??_C@_08INBOOONO@Saturday?$AA@ 0000000180030678     LIBCMTD:nlsdata.obj
 0002:00003684       ??_C@_03JIHJHPIE@Jan?$AA@  0000000180030684     LIBCMTD:nlsdata.obj
 0002:00003688       ??_C@_03HJBDCHOM@Feb?$AA@  0000000180030688     LIBCMTD:nlsdata.obj
 0002:0000368c       ??_C@_03ODNJBKGA@Mar?$AA@  000000018003068c     LIBCMTD:nlsdata.obj
 0002:00003690       ??_C@_03LEOLGMJP@Apr?$AA@  0000000180030690     LIBCMTD:nlsdata.obj
 0002:00003694       ??_C@_03CNMDKL@May?$AA@    0000000180030694     LIBCMTD:nlsdata.obj
 0002:00003698       ??_C@_03IDFGHECI@Jun?$AA@  0000000180030698     LIBCMTD:nlsdata.obj
 0002:0000369c       ??_C@_03LBGABGKK@Jul?$AA@  000000018003069c     LIBCMTD:nlsdata.obj
 0002:000036a0       ??_C@_03IFJFEIGA@Aug?$AA@  00000001800306a0     LIBCMTD:nlsdata.obj
 0002:000036a4       ??_C@_03GGCAPAJC@Sep?$AA@  00000001800306a4     LIBCMTD:nlsdata.obj
 0002:000036a8       ??_C@_03BMAOKBAD@Oct?$AA@  00000001800306a8     LIBCMTD:nlsdata.obj
 0002:000036ac       ??_C@_03JPJOFNIA@Nov?$AA@  00000001800306ac     LIBCMTD:nlsdata.obj
 0002:000036b0       ??_C@_03MKABNOCG@Dec?$AA@  00000001800306b0     LIBCMTD:nlsdata.obj
 0002:000036b8       ??_C@_07CGJPFGJA@January?$AA@ 00000001800306b8     LIBCMTD:nlsdata.obj
 0002:000036c0       ??_C@_08GNJGEPFN@February?$AA@ 00000001800306c0     LIBCMTD:nlsdata.obj
 0002:000036cc       ??_C@_05HPCKOFNC@March?$AA@ 00000001800306cc     LIBCMTD:nlsdata.obj
 0002:000036d4       ??_C@_05DMJDNLEJ@April?$AA@ 00000001800306d4     LIBCMTD:nlsdata.obj
 0002:000036dc       ??_C@_04CNLMGBGM@June?$AA@ 00000001800306dc     LIBCMTD:nlsdata.obj
 0002:000036e4       ??_C@_04MIEPOIFP@July?$AA@ 00000001800306e4     LIBCMTD:nlsdata.obj
 0002:000036ec       ??_C@_06LBBHFDDG@August?$AA@ 00000001800306ec     LIBCMTD:nlsdata.obj
 0002:000036f8       ??_C@_09BHHEALKD@September?$AA@ 00000001800306f8     LIBCMTD:nlsdata.obj
 0002:00003708       ??_C@_07JJNFCEND@October?$AA@ 0000000180030708     LIBCMTD:nlsdata.obj
 0002:00003710       ??_C@_08HCHEGEOA@November?$AA@ 0000000180030710     LIBCMTD:nlsdata.obj
 0002:00003720       ??_C@_08EDHMEBNP@December?$AA@ 0000000180030720     LIBCMTD:nlsdata.obj
 0002:0000372c       ??_C@_02DEDBPAFC@AM?$AA@   000000018003072c     LIBCMTD:nlsdata.obj
 0002:00003730       ??_C@_02CJNFDJBF@PM?$AA@   0000000180030730     LIBCMTD:nlsdata.obj
 0002:00003738       ??_C@_08BPBNCDIB@MM?1dd?1yy?$AA@ 0000000180030738     LIBCMTD:nlsdata.obj
 0002:00003748       ??_C@_0BE@CKGJFCPC@dddd?0?5MMMM?5dd?0?5yyyy?$AA@ 0000000180030748     LIBCMTD:nlsdata.obj
 0002:00003760       ??_C@_08JCCMCCIL@HH?3mm?3ss?$AA@ 0000000180030760     LIBCMTD:nlsdata.obj
 0002:00003770       ??_C@_17MBGCMIPB@?$AAS?$AAu?$AAn?$AA?$AA@ 0000000180030770     LIBCMTD:nlsdata.obj
 0002:00003778       ??_C@_17KBOMKBF@?$AAM?$AAo?$AAn?$AA?$AA@ 0000000180030778     LIBCMTD:nlsdata.obj
 0002:00003780       ??_C@_17BMKGEGOJ@?$AAT?$AAu?$AAe?$AA?$AA@ 0000000180030780     LIBCMTD:nlsdata.obj
 0002:00003788       ??_C@_17CJEDCEPE@?$AAW?$AAe?$AAd?$AA?$AA@ 0000000180030788     LIBCMTD:nlsdata.obj
 0002:00003790       ??_C@_17PDPHAADD@?$AAT?$AAh?$AAu?$AA?$AA@ 0000000180030790     LIBCMTD:nlsdata.obj
[...]
 0004:00000bd0       $pdata$_GetImageBase       0000000180044bd0     LIBCMTD:trnsctrl.obj
 0004:00000bdc       $pdata$_GetThrowImageBase  0000000180044bdc     LIBCMTD:trnsctrl.obj
 0004:00000be8       $pdata$_IsExceptionObjectToBeDestroyed 0000000180044be8     LIBCMTD:trnsctrl.obj
 0004:00000bf4       $pdata$_SetImageBase       0000000180044bf4     LIBCMTD:trnsctrl.obj
 0004:00000c00       $pdata$_SetThrowImageBase  0000000180044c00     LIBCMTD:trnsctrl.obj
 0004:00000c0c       $pdata$_UnwindNestedFrames 0000000180044c0c     LIBCMTD:trnsctrl.obj
 0004:00000c18       $pdata$__CxxFrameHandler3  0000000180044c18     LIBCMTD:trnsctrl.obj
 0004:00000c24       $pdata$_locterm            0000000180044c24     LIBCMTD:wsetloca.obj
 0004:00000c30       $pdata$_isleadbyte_l       0000000180044c30     LIBCMTD:_wctype.obj
 0004:00000c3c       $pdata$isleadbyte          0000000180044c3c     LIBCMTD:_wctype.obj
 0004:00000c48       $pdata$_CopyMan            0000000180044c48     LIBCMTD:intrncvt.obj
 0004:00000c54       $pdata$_FillZeroMan        0000000180044c54     LIBCMTD:intrncvt.obj
 0004:00000c60       $pdata$_IncMan             0000000180044c60     LIBCMTD:intrncvt.obj
 0004:00000c6c       $pdata$_IsZeroMan          0000000180044c6c     LIBCMTD:intrncvt.obj
 0004:00000c78       $pdata$_RoundMan           0000000180044c78     LIBCMTD:intrncvt.obj
 0004:00000c84       $pdata$_ShrMan             0000000180044c84     LIBCMTD:intrncvt.obj
 0004:00000c90       $pdata$_ZeroTail           0000000180044c90     LIBCMTD:intrncvt.obj
 0004:00000c9c       $pdata$__addl              0000000180044c9c     LIBCMTD:intrncvt.obj
 0004:00000ca8       $pdata$_ld12cvt            0000000180044ca8     LIBCMTD:intrncvt.obj
 0004:00000cb4       $pdata$_ld12tod            0000000180044cb4     LIBCMTD:intrncvt.obj
 0004:00000cc0       $pdata$_ld12tof            0000000180044cc0     LIBCMTD:intrncvt.obj
 0004:00000ccc       $pdata$__ld12mul           0000000180044ccc     LIBCMTD:strgtold.obj
 0004:00000cd8       $pdata$__multtenpow12      0000000180044cd8     LIBCMTD:strgtold.obj
 0004:00000ce4       $pdata$__shl_12            0000000180044ce4     LIBCMTD:strgtold.obj
 0004:00000cf0       $pdata$__shr_12            0000000180044cf0     LIBCMTD:strgtold.obj
 0004:00000cfc       $pdata$__strgtold12_l      0000000180044cfc     LIBCMTD:strgtold.obj
 0004:00000d08       $pdata$$I10_OUTPUT         0000000180044d08     LIBCMTD:x10fout.obj
 0004:00000d14       $pdata$__add_12            0000000180044d14     LIBCMTD:x10fout.obj
 0004:00000d20       $pdata$memcpy_s            0000000180044d20     LIBCMTD:memcpy_s.obj
 0004:00000d2c       $pdata$wcscpy_s            0000000180044d2c     LIBCMTD:wcscpy_s.obj
 0004:00000d38       $pdata$wcslen              0000000180044d38     LIBCMTD:wcslen.obj
 0004:00000d44       $pdata$_snwprintf_s        0000000180044d44     LIBCMTD:swprintf.obj
 0004:00000d50       $pdata$__crtMessageBoxW    0000000180044d50     LIBCMTD:crtmboxw.obj
 0004:00000d5c       $pdata$__crtMessageBoxWaitThreadW 0000000180044d5c     LIBCMTD:crtmboxw.obj
 0004:00000d68       $pdata$_VCrtDbgReportA     0000000180044d68     LIBCMTD:dbgrptt.obj
 0004:00000d74       $pdata$_VCrtDbgReportW     0000000180044d74     LIBCMTD:dbgrptt.obj
 0004:00000d8c       $pdata$wcscat_s            0000000180044d8c     LIBCMTD:wcscat_s.obj
 0004:00000d98       $pdata$wcsncpy_s           0000000180044d98     LIBCMTD:wcsncpy_s.obj
 0004:00000da4       $pdata$_set_error_mode     0000000180044da4     LIBCMTD:errmode.obj
 0004:00000db0       $pdata$abort               0000000180044db0     LIBCMTD:abort.obj
 0004:00000dbc       $pdata$GetTableIndexFromLocaleName 0000000180044dbc     LIBCMTD:winapinls.obj
 0004:00000dc8       $pdata$__crtDownlevelLocaleNameToLCID 0000000180044dc8     LIBCMTD:winapinls.obj
 0004:00000dd4       $pdata$__crtLCMapStringEx  0000000180044dd4     LIBCMTD:winapinls.obj
 0004:00000de0       $pdata$__wcsnicmp_ascii    0000000180044de0     LIBCMTD:winapinls.obj
 0004:00000dec       $pdata$_fileno             0000000180044dec     LIBCMTD:fileno.obj
 0004:00000df8       $pdata$_isatty             0000000180044df8     LIBCMTD:isatty.obj
 0004:00000e04       $pdata$_fflush_nolock      0000000180044e04     LIBCMTD:fflush.obj
 0004:00000e10       $pdata$_flush              0000000180044e10     LIBCMTD:fflush.obj
 0004:00000e1c       $pdata$_flushall           0000000180044e1c     LIBCMTD:fflush.obj
 0004:00000e28       $pdata$flsall              0000000180044e28     LIBCMTD:fflush.obj
 0004:00000e34       $pdata$_fcloseall          0000000180044e34     LIBCMTD:closeall.obj
 0004:00000e40       $pdata$_flsbuf             0000000180044e40     LIBCMTD:_flsbuf.obj
 0004:00000e4c       $pdata$_vsnprintf_helper   0000000180044e4c     LIBCMTD:vsnprnc.obj
 0004:00000e58       $pdata$_vsnprintf_s        0000000180044e58     LIBCMTD:vsnprnc.obj
 0004:00000e64       $pdata$_vsnprintf_s_l      0000000180044e64     LIBCMTD:vsnprnc.obj
 0004:00000e70       $pdata$_vsprintf_s_l       0000000180044e70     LIBCMTD:vsnprnc.obj
 0004:00000e7c       $pdata$get_int64_arg       0000000180044e7c     LIBCMTD:output.obj
 0004:00000e88       $pdata$get_int_arg         0000000180044e88     LIBCMTD:output.obj
 0004:00000e94       $pdata$get_short_arg       0000000180044e94     LIBCMTD:output.obj
 0004:00000ea0       $pdata$free                0000000180044ea0     LIBCMTD:dbgfree.obj
 0004:00000eac       $pdata$malloc              0000000180044eac     LIBCMTD:dbgmalloc.obj
 0004:00000eb8       $pdata$__DestructExceptionObject 0000000180044eb8     LIBCMTD:frame.obj
 0004:00000ec4       $pdata$??0bad_exception@std@@QEAA@AEBV01@@Z 0000000180044ec4     LIBCMTD:frame.obj
 0004:00000ed0       $pdata$??0bad_exception@std@@QEAA@PEBD@Z 0000000180044ed0     LIBCMTD:frame.obj
 0004:00000edc       $pdata$??1bad_exception@std@@UEAA@XZ 0000000180044edc     LIBCMTD:frame.obj
 0004:00000ee8       $pdata$??_Gbad_exception@std@@UEAAPEAXI@Z 0000000180044ee8     LIBCMTD:frame.obj
 0004:00000ef4       $pdata$?CatchIt@@YAXPEAUEHExceptionRecord@@PEA_KPEAU_CONTEXT@@PEAU_xDISPATCHER_CONTEXT@@PEBU_s_FuncInfo@@PEBU_s_HandlerType@@PEBU_s_CatchableType@@PEBU_s_TryBlockMapEntry@@H1EE@Z 0000000180044ef4     LIBCMTD:frame.obj
 0004:00000f00       $pdata$?ExFilterRethrow@@YAHPEAU_EXCEPTION_POINTERS@@PEAUEHExceptionRecord@@PEAH@Z 0000000180044f00     LIBCMTD:frame.obj
 0004:00000f0c       $pdata$?FindHandler@@YAXPEAUEHExceptionRecord@@PEA_KPEAU_CONTEXT@@PEAU_xDISPATCHER_CONTEXT@@PEBU_s_FuncInfo@@EH1@Z 0000000180044f0c     LIBCMTD:frame.obj
 0004:00000f18       $pdata$?FindHandlerForForeignException@@YAXPEAUEHExceptionRecord@@PEA_KPEAU_CONTEXT@@PEAU_xDISPATCHER_CONTEXT@@PEBU_s_FuncInfo@@HH1@Z 0000000180044f18     LIBCMTD:frame.obj
 0004:00000f24       $pdata$?IsInExceptionSpec@@YAEPEAUEHExceptionRecord@@PEBU_s_ESTypeList@@@Z 0000000180044f24     LIBCMTD:frame.obj
 0004:00000f30       $pdata$?Is_bad_exception_allowed@@YAEPEBU_s_ESTypeList@@@Z 0000000180044f30     LIBCMTD:frame.obj
 0004:00000f3c       $pdata$?__RethrowException@@YAXPEAUEHExceptionRecord@@@Z 0000000180044f3c     LIBCMTD:frame.obj
 0004:00000f48       $pdata$__AdjustPointer     0000000180044f48     LIBCMTD:frame.obj
 0004:00000f54       $pdata$__BuildCatchObject  0000000180044f54     LIBCMTD:frame.obj
 0004:00000f60       $pdata$__BuildCatchObjectHelper 0000000180044f60     LIBCMTD:frame.obj
 0004:00000f6c       $pdata$__CxxCallCatchBlock 0000000180044f6c     LIBCMTD:frame.obj
 0004:00000f78       $pdata$__FrameUnwindFilter 0000000180044f78     LIBCMTD:frame.obj
 0004:00000f84       $pdata$__FrameUnwindToState 0000000180044f84     LIBCMTD:frame.obj
 0004:00000f90       $pdata$__InternalCxxFrameHandler 0000000180044f90     LIBCMTD:frame.obj
 0004:00000f9c       $pdata$__TypeMatch         0000000180044f9c     LIBCMTD:frame.obj
 0004:00000fa8       $pdata$?__GetCurrentState@@YAHPEA_KPEAU_xDISPATCHER_CONTEXT@@PEBU_s_FuncInfo@@@Z 0000000180044fa8     LIBCMTD:ehstate.obj
 0004:00000fb4       $pdata$?__GetUnwindTryBlock@@YAHPEA_KPEAU_xDISPATCHER_CONTEXT@@PEBU_s_FuncInfo@@@Z 0000000180044fb4     LIBCMTD:ehstate.obj
 0004:00000fc0       $pdata$?__SetUnwindTryBlock@@YAXPEA_KPEAU_xDISPATCHER_CONTEXT@@PEBU_s_FuncInfo@@H@Z 0000000180044fc0     LIBCMTD:ehstate.obj
 0004:00000fcc       $pdata$?__StateFromControlPc@@YAHPEBU_s_FuncInfo@@PEAU_xDISPATCHER_CONTEXT@@@Z 0000000180044fcc     LIBCMTD:ehstate.obj
 0004:00000fd8       $pdata$?__StateFromIp@@YAHPEBU_s_FuncInfo@@PEAU_xDISPATCHER_CONTEXT@@_J@Z 0000000180044fd8     LIBCMTD:ehstate.obj
 0004:00000ff0       $pdata$__mtold12           0000000180044ff0     LIBCMTD:mantold.obj
 0004:00000ffc       $pdata$_vsnwprintf_s       0000000180044ffc     LIBCMTD:vswprnc.obj
 0004:00001008       $pdata$_vsnwprintf_s_l     0000000180045008     LIBCMTD:vswprnc.obj
 0004:00001014       $pdata$_vswprintf_helper   0000000180045014     LIBCMTD:vswprnc.obj
 0004:00001020       $pdata$strcat_s            0000000180045020     LIBCMTD:strcat_s.obj
 0004:0000102c       $pdata$_itoa_s             000000018004502c     LIBCMTD:xtoas.obj
 0004:00001038       $pdata$xtoa_s              0000000180045038     LIBCMTD:xtoas.obj
 0004:00001044       $pdata$_mbstowcs_l_helper  0000000180045044     LIBCMTD:mbstowcs.obj
 0004:00001050       $pdata$_mbstowcs_s_l       0000000180045050     LIBCMTD:mbstowcs.obj
 0004:0000105c       $pdata$mbstowcs_s          000000018004505c     LIBCMTD:mbstowcs.obj
 0004:00001068       $pdata$?wcsncnt@@YA_KPEB_W_K@Z 0000000180045068     LIBCMTD:wcstombs.obj
 0004:00001074       $pdata$_wcstombs_l_helper  0000000180045074     LIBCMTD:wcstombs.obj
 0004:00001080       $pdata$_wcstombs_s_l       0000000180045080     LIBCMTD:wcstombs.obj
 0004:0000108c       $pdata$wcstombs_s          000000018004508c     LIBCMTD:wcstombs.obj
 0004:00001098       $pdata$_itow_s             0000000180045098     LIBCMTD:xtows.obj
 0004:000010a4       $pdata$xtow_s              00000001800450a4     LIBCMTD:xtows.obj
 0004:000010b0       $pdata$__GSHandlerCheck_SEH 00000001800450b0     LIBCMTD:gshandlerseh.obj
 0004:000010bc       $pdata$_commit             00000001800450bc     LIBCMTD:commit.obj
 0004:000010c8       $pdata$_write              00000001800450c8     LIBCMTD:write.obj
 0004:000010d4       $pdata$_write_nolock       00000001800450d4     LIBCMTD:write.obj
 0004:000010e0       $pdata$_fclose_nolock      00000001800450e0     LIBCMTD:fclose.obj
 0004:000010ec       $pdata$fclose              00000001800450ec     LIBCMTD:fclose.obj
 0004:000010f8       $pdata$_lseeki64           00000001800450f8     LIBCMTD:lseeki64.obj
 0004:00001104       $pdata$_lseeki64_nolock    0000000180045104     LIBCMTD:lseeki64.obj
 0004:00001110       $pdata$_getbuf             0000000180045110     LIBCMTD:_getbuf.obj
 0004:0000111c       $pdata$_output_s_l         000000018004511c     LIBCMTD:outputs.obj
 0004:00001128       $pdata$write_char          0000000180045128     LIBCMTD:outputs.obj
 0004:00001134       $pdata$write_multi_char    0000000180045134     LIBCMTD:outputs.obj
 0004:00001140       $pdata$write_string        0000000180045140     LIBCMTD:outputs.obj
 0004:0000114c       $pdata$_get_printf_count_output 000000018004514c     LIBCMTD:printf.obj
 0004:00001158       $pdata$_wctomb_s_l         0000000180045158     LIBCMTD:wctomb.obj
 0004:00001164       $pdata$wctomb_s            0000000180045164     LIBCMTD:wctomb.obj
 0004:00001170       $pdata$??3@YAXPEAX@Z       0000000180045170     LIBCMTD:dbgdel.obj
 0004:00001188       $pdata$?_ValidateExecute@@YAHP6A_JXZ@Z 0000000180045188     LIBCMTD:validate.obj
 0004:00001194       $pdata$?_ValidateRead@@YAHPEBXI@Z 0000000180045194     LIBCMTD:validate.obj
 0004:00001194       $pdata$?_ValidateWrite@@YAHPEAXI@Z 0000000180045194     LIBCMTD:validate.obj
 0004:000011ac       $pdata$??1type_info@@UEAA@XZ 00000001800451ac     LIBCMTD:typinfo.obj
 0004:000011b8       $pdata$??8type_info@@QEBA_NAEBV0@@Z 00000001800451b8     LIBCMTD:typinfo.obj
 0004:000011c4       $pdata$??_Gtype_info@@UEAAPEAXI@Z 00000001800451c4     LIBCMTD:typinfo.obj
 0004:000011d0       $pdata$??0exception@std@@QEAA@AEBQEBD@Z 00000001800451d0     LIBCMTD:stdexcpt.obj
 0004:000011dc       $pdata$??0exception@std@@QEAA@AEBV01@@Z 00000001800451dc     LIBCMTD:stdexcpt.obj
 0004:000011e8       $pdata$??1exception@std@@UEAA@XZ 00000001800451e8     LIBCMTD:stdexcpt.obj
 0004:000011f4       $pdata$??4exception@std@@QEAAAEAV01@AEBV01@@Z 00000001800451f4     LIBCMTD:stdexcpt.obj
 0004:00001200       $pdata$??_Gexception@std@@UEAAPEAXI@Z 0000000180045200     LIBCMTD:stdexcpt.obj
 0004:0000120c       $pdata$?_Copy_str@exception@std@@AEAAXPEBD@Z 000000018004520c     LIBCMTD:stdexcpt.obj
 0004:00001218       $pdata$?_Tidy@exception@std@@AEAAXXZ 0000000180045218     LIBCMTD:stdexcpt.obj
 0004:00001224       $pdata$?what@exception@std@@UEBAPEBDXZ 0000000180045224     LIBCMTD:stdexcpt.obj
 0004:00001230       $pdata$_CxxThrowException  0000000180045230     LIBCMTD:throw.obj
 0004:0000123c       $pdata$_woutput_s_l        000000018004523c     LIBCMTD:woutputs.obj
 0004:00001248       $pdata$write_char          0000000180045248     LIBCMTD:woutputs.obj
 0004:00001254       $pdata$write_multi_char    0000000180045254     LIBCMTD:woutputs.obj
 0004:00001260       $pdata$write_string        0000000180045260     LIBCMTD:woutputs.obj
 0004:0000126c       $pdata$_fputwc_nolock      000000018004526c     LIBCMTD:fputwc.obj
 0004:00001278       $pdata$_mbtowc_l           0000000180045278     LIBCMTD:mbtowc.obj
 0004:00001284       $pdata$mbtowc              0000000180045284     LIBCMTD:mbtowc.obj
 0004:00001290       $pdata$__lock_fhandle      0000000180045290     LIBCMTD:osfinfo.obj
 0004:0000129c       $pdata$_free_osfhnd        000000018004529c     LIBCMTD:osfinfo.obj
 0004:000012a8       $pdata$_get_osfhandle      00000001800452a8     LIBCMTD:osfinfo.obj
 0004:000012b4       $pdata$_unlock_fhandle     00000001800452b4     LIBCMTD:osfinfo.obj
 0004:000012c0       $pdata$_putwch_nolock      00000001800452c0     LIBCMTD:putwch.obj
 0004:000012cc       $pdata$_close              00000001800452cc     LIBCMTD:close.obj
 0004:000012d8       $pdata$_close_nolock       00000001800452d8     LIBCMTD:close.obj
 0004:000012e4       $pdata$_freebuf            00000001800452e4     LIBCMTD:_freebuf.obj
 0004:000012f0       $pdata$?_Type_info_dtor@type_info@@CAXPEAV1@@Z 00000001800452f0     LIBCMTD:typname.obj
 0004:000012fc       $pdata$_flswbuf            00000001800452fc     LIBCMTD:_flswbuf.obj
 0004:00001308       $pdata$__termconout        0000000180045308     LIBCMTD:initcon.obj
 0004:00001314       $pdata$__initconout        0000000180045314     LIBCMTD:initcon.obj
 0004:00001320       $pdata$_CRT_INIT$fin$0     0000000180045320     LIBCMTD:dllcrt0.obj
 0004:0000132c       $pdata$__DllMainCRTStartup$filt$0 000000018004532c     LIBCMTD:dllcrt0.obj
 0004:00001338       $pdata$_ctrlfp$filt$0      0000000180045338     LIBCMTD:fpctrl.obj
 0004:00001344       $pdata$_initptd$fin$0      0000000180045344     LIBCMTD:tidtable.obj
 0004:00001344       $pdata$_freefls$fin$0      0000000180045344     LIBCMTD:tidtable.obj
 0004:00001350       $pdata$_initptd$fin$1      0000000180045350     LIBCMTD:tidtable.obj
 0004:00001350       $pdata$_freefls$fin$1      0000000180045350     LIBCMTD:tidtable.obj
 0004:0000135c       $pdata$doexit$fin$0        000000018004535c     LIBCMTD:crt0dat.obj
 0004:00001368       $pdata$_ioinit$fin$0       0000000180045368     LIBCMTD:ioinit.obj
 0004:00001374       $pdata$_heap_alloc_dbg_impl$fin$0 0000000180045374     LIBCMTD:dbgheap.obj
 0004:00001374       $pdata$?fin$0@?0??_CrtMemDumpAllObjectsSince_stat@@YAXPEBU_CrtMemState@@PEAUlocaleinfo_struct@@@Z@4HA 0000000180045374     LIBCMTD:dbgheap.obj
 0004:00001374       $pdata$_CrtMemCheckpoint$fin$0 0000000180045374     LIBCMTD:dbgheap.obj
 0004:00001380       $pdata$_CrtCheckMemory$fin$0 0000000180045380     LIBCMTD:dbgheap.obj
 0004:0000138c       $pdata$_CrtSetDbgFlag$fin$0 000000018004538c     LIBCMTD:dbgheap.obj
 0004:0000138c       $pdata$_msize_dbg$fin$0    000000018004538c     LIBCMTD:dbgheap.obj
 0004:0000138c       $pdata$_realloc_dbg$fin$0  000000018004538c     LIBCMTD:dbgheap.obj
 0004:0000138c       $pdata$?fin$0@?0???3@YAXPEAX@Z@4HA 000000018004538c     LIBCMTD:dbgheap.obj
 0004:00001398       $pdata$_free_dbg$fin$0     0000000180045398     LIBCMTD:dbgheap.obj
 0004:000013a4       $pdata$?dtor$0@?0??getSystemCP@@YAHH@Z@4HA 00000001800453a4     LIBCMTD:mbctype.obj
 0004:000013b0       $pdata$__updatetmbcinfo$fin$0 00000001800453b0     LIBCMTD:mbctype.obj
 0004:000013b0       $pdata$_setmbcp$fin$0      00000001800453b0     LIBCMTD:mbctype.obj
 0004:000013bc       $pdata$__lock_fhandle$fin$0 00000001800453bc     LIBCMTD:mlock.obj
 0004:000013bc       $pdata$_mtinitlocknum$fin$0 00000001800453bc     LIBCMTD:mlock.obj
 0004:000013c8       $pdata$_IsNonwritableInCurrentImage$filt$0 00000001800453c8     LIBCMTD:pesect.obj
 0004:000013d4       $pdata$_onexit$fin$0       00000001800453d4     LIBCMTD:onexit.obj
 0004:000013e0       $pdata$?filt$0@?0??_inconsistency@@YAXXZ@4HA 00000001800453e0     LIBCMTD:hooks.obj
 0004:000013e0       $pdata$?filt$0@?0??__crtIsBadReadPtr@@YAHPEBX_K@Z@4HA 00000001800453e0     LIBCMTD:hooks.obj
 0004:000013e0       $pdata$__BuildCatchObjectHelper$filt$0 00000001800453e0     LIBCMTD:hooks.obj
 0004:000013e0       $pdata$__BuildCatchObject$filt$0 00000001800453e0     LIBCMTD:hooks.obj
 0004:000013e0       $pdata$?filt$0@?0??terminate@@YAXXZ@4HA 00000001800453e0     LIBCMTD:hooks.obj
 0004:000013ec       $pdata$raise$fin$0         00000001800453ec     LIBCMTD:winsig.obj
 0004:000013f8       $pdata$?dtor$0@?0??x_ismbbtype_l@@YAHPEAUlocaleinfo_struct@@IHH@Z@4HA 00000001800453f8     LIBCMTD:ismbbyte.obj
 0004:00001404       $pdata$_CallSETranslator$filt$0 0000000180045404     LIBCMTD:trnsctrl.obj
 0004:00001410       $pdata$__updatetlocinfo$fin$0 0000000180045410     LIBCMTD:wsetloca.obj
 0004:00001410       $pdata$_locterm$fin$0      0000000180045410     LIBCMTD:wsetloca.obj
 0004:0000141c       $pdata$_VCrtDbgReportA$fin$0 000000018004541c     LIBCMTD:dbgrptt.obj
 0004:00001428       $pdata$_VCrtDbgReportA$fin$1 0000000180045428     LIBCMTD:dbgrptt.obj
 0004:00001434       $pdata$_VCrtDbgReportW$fin$0 0000000180045434     LIBCMTD:dbgrptt.obj
 0004:00001440       $pdata$_VCrtDbgReportW$fin$1 0000000180045440     LIBCMTD:dbgrptt.obj
 0004:0000144c       $pdata$flsall$fin$0        000000018004544c     LIBCMTD:fflush.obj
 0004:00001458       $pdata$flsall$fin$1        0000000180045458     LIBCMTD:fflush.obj
 0004:00001464       $pdata$_fcloseall$fin$0    0000000180045464     LIBCMTD:closeall.obj
 0004:00001470       $pdata$__CxxCallCatchBlock$filt$0 0000000180045470     LIBCMTD:frame.obj
 0004:0000147c       $pdata$__CxxCallCatchBlock$fin$1 000000018004547c     LIBCMTD:frame.obj
 0004:00001488       $pdata$__DestructExceptionObject$filt$0 0000000180045488     LIBCMTD:frame.obj
 0004:00001494       $pdata$__FrameUnwindToState$filt$0 0000000180045494     LIBCMTD:frame.obj
 0004:000014a0       $pdata$__FrameUnwindToState$fin$1 00000001800454a0     LIBCMTD:frame.obj
 0004:000014ac       $pdata$fclose$fin$0        00000001800454ac     LIBCMTD:fclose.obj
 0004:000014b8       $pdata$_commit$fin$0       00000001800454b8     LIBCMTD:close.obj
 0004:000014b8       $pdata$_write$fin$0        00000001800454b8     LIBCMTD:close.obj
 0004:000014b8       $pdata$_lseeki64$fin$0     00000001800454b8     LIBCMTD:close.obj
 0004:000014b8       $pdata$_close$fin$0        00000001800454b8     LIBCMTD:close.obj
 0004:000014c4       $pdata$?fin$0@?0??_Type_info_dtor@type_info@@CAXPEAV1@@Z@4HA 00000001800454c4     LIBCMTD:typname.obj
