 win32_kiwi

 Timestamp is 5af1bde4 (Tue May 08 11:10:28 2018)

 Preferred load address is 0000000140000000

 Start         Length     Name                   Class
 0001:00000000 000279bcH .text$mn                CODE
 0001:000279c0 0000057bH .text$x                 CODE
 0002:00000000 000003a8H .idata$5                DATA
 0002:000003a8 00000008H .CRT$XCA                DATA
 0002:000003b0 00000008H .CRT$XCZ                DATA
 0002:000003b8 00000008H .CRT$XIA                DATA
 0002:000003c0 00000020H .CRT$XIC                DATA
 0002:000003e0 00000008H .CRT$XIY                DATA
 0002:000003e8 00000008H .CRT$XIZ                DATA
 0002:000003f0 00000008H .CRT$XPA                DATA
 0002:000003f8 00000010H .CRT$XPX                DATA
 0002:00000408 00000008H .CRT$XPXA               DATA
 0002:00000410 00000008H .CRT$XPZ                DATA
 0002:00000418 00000008H .CRT$XTA                DATA
 0002:00000420 00000008H .CRT$XTZ                DATA
 0002:00000430 0000b2e0H .rdata                  DATA
 0002:0000b710 00000050H .rdata$debug            DATA
 0002:0000b760 0000016cH .rdata$r                DATA
 0002:0000b8d0 00000008H .rtc$IAA                DATA
 0002:0000b8d8 00000008H .rtc$IZZ                DATA
 0002:0000b8e0 00000008H .rtc$TAA                DATA
 0002:0000b8e8 00000008H .rtc$TZZ                DATA
 0002:0000b8f0 00000c2cH .xdata                  DATA
 0002:0000c520 00000084H .xdata$x                DATA
 0002:0000c5a4 00000000H .edata                  DATA
 0002:0000c5a4 00000050H .idata$2                DATA
 0002:0000c5f4 00000014H .idata$3                DATA
 0002:0000c608 000003a8H .idata$4                DATA
 0002:0000c9b0 00000824H .idata$6                DATA
 0003:00000000 00001638H .data                   DATA
 0003:00001638 00000070H .data$r                 DATA
 0003:000016c0 00002698H .bss                    DATA
 0004:00000000 00001398H .pdata                  DATA

  Address         Publics by Value              Rva+Base               Lib:Object

 0000:00000000       __guard_fids_count         0000000000000000     <absolute>
 0000:00000000       ___safe_se_handler_count   0000000000000000     <absolute>
 0000:00000000       ___safe_se_handler_table   0000000000000000     <absolute>
 0000:00000000       __guard_flags              0000000000000000     <absolute>
 0000:00000000       __guard_fids_table         0000000000000000     <absolute>
 0000:00000000       __ImageBase                0000000140000000     <linker-defined>
 0001:00001060       ?Win32LoadGameCode@@YAXPEAUwin32_game_code@@@Z 0000000140002060 f i win32_kiwi.obj
 0001:00001190       ?Win32ReadAssetFile@@YAXPEAUgame_memory@@@Z 0000000140002190 f i win32_kiwi.obj
 0001:00001290       WinMain                    0000000140002290 f   win32_kiwi.obj
 0001:00001ab0       __GSHandlerCheck           0000000140002ab0 f   LIBCMTD:gshandler.obj
 0001:00001af0       __GSHandlerCheckCommon     0000000140002af0 f   LIBCMTD:gshandler.obj
 0001:00001c00       __security_check_cookie    0000000140002c00 f   LIBCMTD:amdsecgs.obj
 0001:00001c30       memset                     0000000140002c30 f   LIBCMTD:memset.obj
 0001:00001e60       _fpmath                    0000000140002e60 f   LIBCMTD:fpinit.obj
 0001:00001e80       _cfltcvt_init              0000000140002e80 f   LIBCMTD:fpinit.obj
 0001:00001f90       WinMainCRTStartup          0000000140002f90 f   LIBCMTD:wincrt0.obj
 0001:000021e0       __raise_securityfailure    00000001400031e0 f   LIBCMTD:gs_report.obj
 0001:00002230       __report_gsfailure         0000000140003230 f   LIBCMTD:gs_report.obj
 0001:00002310       __report_rangecheckfailure 0000000140003310 f   LIBCMTD:gs_report.obj
 0001:00002330       __report_securityfailure   0000000140003330 f   LIBCMTD:gs_report.obj
 0001:000023d0       __isa_available_init       00000001400033d0 f   LIBCMTD:cpu_disp.obj
 0001:00002710       ??0_LocaleUpdate@@QEAA@PEAUlocaleinfo_struct@@@Z 0000000140003710 f i LIBCMTD:cvt.obj
 0001:00002850       ??1_LocaleUpdate@@QEAA@XZ  0000000140003850 f i LIBCMTD:cvt.obj
 0001:00002890       ?GetLocaleT@_LocaleUpdate@@QEAAPEAUlocaleinfo_struct@@XZ 0000000140003890 f i LIBCMTD:cvt.obj
 0001:000028a0       ?strrchr@@YAPEADPEADH@Z    00000001400038a0 f i LIBCMTD:cvt.obj
 0001:000028c0       _cfltcvt                   00000001400038c0 f   LIBCMTD:cvt.obj
 0001:00002910       _cfltcvt_l                 0000000140003910 f   LIBCMTD:cvt.obj
 0001:00002a30       _cftoa_l                   0000000140003a30 f   LIBCMTD:cvt.obj
 0001:00003530       _cftoe                     0000000140004530 f   LIBCMTD:cvt.obj
 0001:00003b50       _cftoe_l                   0000000140004b50 f   LIBCMTD:cvt.obj
 0001:00004250       _cftof_l                   0000000140005250 f   LIBCMTD:cvt.obj
 0001:00004530       _cftog_l                   0000000140005530 f   LIBCMTD:cvt.obj
 0001:000048f0       _cropzeros                 00000001400058f0 f   LIBCMTD:cvt.obj
 0001:00004910       _cropzeros_l               0000000140005910 f   LIBCMTD:cvt.obj
 0001:00004a90       _fassign                   0000000140005a90 f   LIBCMTD:cvt.obj
 0001:00004ac0       _fassign_l                 0000000140005ac0 f   LIBCMTD:cvt.obj
 0001:00004b30       _forcdecpt                 0000000140005b30 f   LIBCMTD:cvt.obj
 0001:00004b50       _forcdecpt_l               0000000140005b50 f   LIBCMTD:cvt.obj
 0001:00004c50       _invoke_watson_if_error    0000000140005c50 f i LIBCMTD:cvt.obj
 0001:00004ca0       _positive                  0000000140005ca0 f   LIBCMTD:cvt.obj
 0001:00004d30       _initp_misc_cfltcvt_tab    0000000140005d30 f   LIBCMTD:cmiscdat.obj
 0001:00004d80       ?__CxxUnhandledExceptionFilter@@YAJPEAU_EXCEPTION_POINTERS@@@Z 0000000140005d80 f   LIBCMTD:unhandld.obj
 0001:00004e00       __CxxSetUnhandledExceptionFilter 0000000140005e00 f   LIBCMTD:unhandld.obj
 0001:00004e20       _XcptFilter                0000000140005e20 f   LIBCMTD:winxfltr.obj
 0001:00005150       _freefls                   0000000140006150 f   LIBCMTD:tidtable.obj
 0001:00005360       _getptd                    0000000140006360 f   LIBCMTD:tidtable.obj
 0001:00005390       _getptd_noexit             0000000140006390 f   LIBCMTD:tidtable.obj
 0001:00005460       _initptd                   0000000140006460 f   LIBCMTD:tidtable.obj
 0001:00005590       _mtinit                    0000000140006590 f   LIBCMTD:tidtable.obj
 0001:00005650       _mtterm                    0000000140006650 f   LIBCMTD:tidtable.obj
 0001:00005680       __crtCorExitProcess        0000000140006680 f   LIBCMTD:crt0dat.obj
 0001:000056d0       __crtExitProcess           00000001400066d0 f   LIBCMTD:crt0dat.obj
 0001:000056f0       __freeCrtMemory            00000001400066f0 f   LIBCMTD:crt0dat.obj
 0001:00005920       _amsg_exit                 0000000140006920 f   LIBCMTD:crt0dat.obj
 0001:00005950       _c_exit                    0000000140006950 f   LIBCMTD:crt0dat.obj
 0001:00005970       _cexit                     0000000140006970 f   LIBCMTD:crt0dat.obj
 0001:00005990       _cinit                     0000000140006990 f   LIBCMTD:crt0dat.obj
 0001:00005a40       _exit                      0000000140006a40 f   LIBCMTD:crt0dat.obj
 0001:00005a60       _init_pointers             0000000140006a60 f   LIBCMTD:crt0dat.obj
 0001:00005b10       _initterm_e                0000000140006b10 f   LIBCMTD:crt0dat.obj
 0001:00005b70       _lockexit                  0000000140006b70 f   LIBCMTD:crt0dat.obj
 0001:00005b90       _unlockexit                0000000140006b90 f   LIBCMTD:crt0dat.obj
 0001:00005dc0       exit                       0000000140006dc0 f   LIBCMTD:crt0dat.obj
 0001:00005de0       _heap_init                 0000000140006de0 f   LIBCMTD:heapinit.obj
 0001:00005e10       _ioinit                    0000000140006e10 f   LIBCMTD:ioinit.obj
 0001:000063f0       _set_pgmptr                00000001400073f0 f i LIBCMTD:stdargv.obj
 0001:00006410       _setargv                   0000000140007410 f   LIBCMTD:stdargv.obj
 0001:00006a70       _setenvp                   0000000140007a70 f   LIBCMTD:stdenvp.obj
 0001:00006c80       _FF_MSGBANNER              0000000140007c80 f   LIBCMTD:crt0msg.obj
 0001:00006cd0       _GET_RTERRMSG              0000000140007cd0 f   LIBCMTD:crt0msg.obj
 0001:00006d30       _NMSG_WRITE                0000000140007d30 f   LIBCMTD:crt0msg.obj
 0001:00007160       __set_app_type             0000000140008160 f   LIBCMTD:errmode.obj
 0001:00007170       _set_error_mode            0000000140008170 f   LIBCMTD:errmode.obj
 0001:000077b0       _CrtCheckMemory            00000001400087b0 f   LIBCMTD:dbgheap.obj
 0001:00007d50       _CrtDumpMemoryLeaks        0000000140008d50 f   LIBCMTD:dbgheap.obj
 0001:00007e10       _CrtGetCheckCount          0000000140008e10 f   LIBCMTD:dbgheap.obj
 0001:00007e20       _CrtIsValidHeapPointer     0000000140008e20 f   LIBCMTD:dbgheap.obj
 0001:00007e80       _CrtIsValidPointer         0000000140008e80 f   LIBCMTD:dbgheap.obj
 0001:00007ec0       _CrtMemCheckpoint          0000000140008ec0 f   LIBCMTD:dbgheap.obj
 0001:00008150       _CrtMemDumpAllObjectsSince 0000000140009150 f   LIBCMTD:dbgheap.obj
 0001:000081a0       _CrtSetCheckCount          00000001400091a0 f   LIBCMTD:dbgheap.obj
 0001:000081c0       _CrtSetDbgFlag             00000001400091c0 f   LIBCMTD:dbgheap.obj
 0001:00008300       _calloc_dbg                0000000140009300 f   LIBCMTD:dbgheap.obj
 0001:00008380       _calloc_dbg_impl           0000000140009380 f   LIBCMTD:dbgheap.obj
 0001:00008430       _free_dbg                  0000000140009430 f   LIBCMTD:dbgheap.obj
 0001:00008470       _free_dbg_nolock           0000000140009470 f   LIBCMTD:dbgheap.obj
 0001:00009000       _invoke_watson_if_oneof    000000014000a000 f i LIBCMTD:dbgheap.obj
 0001:00009070       _malloc_dbg                000000014000a070 f   LIBCMTD:dbgheap.obj
 0001:000090c0       _msize_dbg                 000000014000a0c0 f   LIBCMTD:dbgheap.obj
 0001:00009310       _nh_malloc_dbg             000000014000a310 f   LIBCMTD:dbgheap.obj
 0001:000096a0       _realloc_dbg               000000014000a6a0 f   LIBCMTD:dbgheap.obj
 0001:0000a010       __security_init_cookie     000000014000b010 f   LIBCMTD:gs_support.obj
 0001:0000a130       _RTC_Initialize            000000014000b130 f   LIBCMTD:initsect.obj
 0001:0000a170       _RTC_Terminate             000000014000b170 f   LIBCMTD:initsect.obj
 0001:0000a1b0       __crtGetEnvironmentStringsA 000000014000b1b0 f   LIBCMTD:a_env.obj
 0001:0000a390       __crtCaptureCurrentContext 000000014000b390 f   LIBCMTD:winapisupp.obj
 0001:0000a430       __crtCapturePreviousContext 000000014000b430 f   LIBCMTD:winapisupp.obj
 0001:0000a4f0       __crtFlsAlloc              000000014000b4f0 f   LIBCMTD:winapisupp.obj
 0001:0000a540       __crtFlsFree               000000014000b540 f   LIBCMTD:winapisupp.obj
 0001:0000a590       __crtFlsGetValue           000000014000b590 f   LIBCMTD:winapisupp.obj
 0001:0000a5e0       __crtFlsSetValue           000000014000b5e0 f   LIBCMTD:winapisupp.obj
 0001:0000a640       __crtGetShowWindowMode     000000014000b640 f   LIBCMTD:winapisupp.obj
 0001:0000a680       __crtInitializeCriticalSectionEx 000000014000b680 f   LIBCMTD:winapisupp.obj
 0001:0000a6f0       __crtIsPackagedApp         000000014000b6f0 f   LIBCMTD:winapisupp.obj
 0001:0000a730       __crtLoadWinApiPointers    000000014000b730 f   LIBCMTD:winapisupp.obj
 0001:0000ad20       __crtSetUnhandledExceptionFilter 000000014000bd20 f   LIBCMTD:winapisupp.obj
 0001:0000ad40       __crtTerminateProcess      000000014000bd40 f   LIBCMTD:winapisupp.obj
 0001:0000ad60       __crtUnhandledException    000000014000bd60 f   LIBCMTD:winapisupp.obj
 0001:0000ad90       _wincmdln                  000000014000bd90 f   LIBCMTD:wincmdln.obj
 0001:0000aea0       __C_specific_handler       000000014000bea0 f   LIBCMTD:chandler.obj
 0001:0000b2c0       _CrtDefaultAllocHook       000000014000c2c0 f   LIBCMTD:dbghook.obj
 0001:0000b2e0       __crt_debugger_hook        000000014000c2e0 f   LIBCMTD:dbghook.obj
 0001:0000b2f0       _call_reportfault          000000014000c2f0 f   LIBCMTD:invarg.obj
 0001:0000b420       _initp_misc_invarg         000000014000c420 f   LIBCMTD:invarg.obj
 0001:0000b440       _invalid_parameter         000000014000c440 f   LIBCMTD:invarg.obj
 0001:0000b4d0       _invoke_watson             000000014000c4d0 f   LIBCMTD:invarg.obj
 0001:0000b530       __addlocaleref             000000014000c530 f   LIBCMTD:localref.obj
 0001:0000b680       __freetlocinfo             000000014000c680 f   LIBCMTD:localref.obj
 0001:0000ba30       __removelocaleref          000000014000ca30 f   LIBCMTD:localref.obj
 0001:0000bb90       __updatetlocinfo           000000014000cb90 f   LIBCMTD:localref.obj
 0001:0000bc30       _updatetlocinfoEx_nolock   000000014000cc30 f   LIBCMTD:localref.obj
 0001:0000bcd0       __initmbctable             000000014000ccd0 f   LIBCMTD:mbctype.obj
 0001:0000c360       __updatetmbcinfo           000000014000d360 f   LIBCMTD:mbctype.obj
 0001:0000c470       _setmbcp                   000000014000d470 f   LIBCMTD:mbctype.obj
 0001:0000c760       _setmbcp_nolock            000000014000d760 f   LIBCMTD:mbctype.obj
 0001:0000cbb0       _isdigit_l                 000000014000dbb0 f i LIBCMTD:_ctype.obj
 0001:0000cc50       isdigit                    000000014000dc50 f i LIBCMTD:_ctype.obj
 0001:0000cc90       _tolower_l                 000000014000dc90 f   LIBCMTD:tolower.obj
 0001:0000cff0       tolower                    000000014000dff0 f   LIBCMTD:tolower.obj
 0001:0000d040       strcpy_s                   000000014000e040 f   LIBCMTD:strcpy_s.obj
 0001:0000d4f0       strlen                     000000014000e4f0 f   LIBCMTD:strlen.obj
 0001:0000d5b0       memmove                    000000014000e5b0 f   LIBCMTD:memcpy.obj
 0001:0000d5b0       memcpy                     000000014000e5b0 f   LIBCMTD:memcpy.obj
 0001:0000db20       strrchr                    000000014000eb20 f   LIBCMTD:strrchr.obj
 0001:0000df40       _fptostr                   000000014000ef40 f   LIBCMTD:_fptostr.obj
 0001:0000e3a0       __crt_atoflt_l             000000014000f3a0 f   LIBCMTD:atodbl.obj
 0001:0000e540       _atodbl_l                  000000014000f540 f   LIBCMTD:atodbl.obj
 0001:0000e6c0       _atoflt_l                  000000014000f6c0 f   LIBCMTD:atodbl.obj
 0001:0000e6f0       __dtold                    000000014000f6f0 f   LIBCMTD:cfout.obj
 0001:0000e8a0       _fltout2                   000000014000f8a0 f   LIBCMTD:cfout.obj
 0001:0000e9b0       __doserrno                 000000014000f9b0 f   LIBCMTD:dosmap.obj
 0001:0000e9e0       _dosmaperr                 000000014000f9e0 f   LIBCMTD:dosmap.obj
 0001:0000ea10       _errno                     000000014000fa10 f   LIBCMTD:dosmap.obj
 0001:0000ea40       _get_errno_from_oserr      000000014000fa40 f   LIBCMTD:dosmap.obj
 0001:0000ead0       _CrtDbgReportW             000000014000fad0 f   LIBCMTD:dbgrptw.obj
 0001:0000eb50       _CrtDbgReportWV            000000014000fb50 f i LIBCMTD:dbgrptw.obj
 0001:0000ebb0       __crtMessageWindowW        000000014000fbb0 f   LIBCMTD:dbgrptw.obj
 0001:0000f230       _fptrap                    0000000140010230 f   LIBCMTD:crt0fp.obj
 0001:0000f250       ?_inconsistency@@YAXXZ     0000000140010250 f   LIBCMTD:hooks.obj
 0001:0000f280       ?terminate@@YAXXZ          0000000140010280 f   LIBCMTD:hooks.obj
 0001:0000f2b0       _initp_eh_hooks            00000001400102b0 f   LIBCMTD:hooks.obj
 0001:0000f2e0       _lock                      00000001400102e0 f   LIBCMTD:mlock.obj
 0001:0000f340       _mtdeletelocks             0000000140010340 f   LIBCMTD:mlock.obj
 0001:0000f460       _mtinitlocknum             0000000140010460 f   LIBCMTD:mlock.obj
 0001:0000f560       _mtinitlocks               0000000140010560 f   LIBCMTD:mlock.obj
 0001:0000f600       _unlock                    0000000140010600 f   LIBCMTD:mlock.obj
 0001:0000f630       _FindPESection             0000000140010630 f   LIBCMTD:pesect.obj
 0001:0000f6e0       _IsNonwritableInCurrentImage 00000001400106e0 f   LIBCMTD:pesect.obj
 0001:0000f770       _ValidateImageBase         0000000140010770 f   LIBCMTD:pesect.obj
 0001:0000f7f0       __onexitinit               00000001400107f0 f   LIBCMTD:onexit.obj
 0001:0000f860       _onexit                    0000000140010860 f   LIBCMTD:onexit.obj
 0001:0000fa70       atexit                     0000000140010a70 f   LIBCMTD:onexit.obj
 0001:0000fab0       _callnewh                  0000000140010ab0 f   LIBCMTD:handler.obj
 0001:0000faf0       _initp_heap_handler        0000000140010af0 f   LIBCMTD:handler.obj
 0001:0000fb10       _initp_misc_purevirt       0000000140010b10 f   LIBCMTD:inithelp.obj
 0001:0000fb30       __get_sigabrt              0000000140010b30 f   LIBCMTD:winsig.obj
 0001:0000fb50       _initp_misc_winsig         0000000140010b50 f   LIBCMTD:winsig.obj
 0001:0000fb90       raise                      0000000140010b90 f   LIBCMTD:winsig.obj
 0001:00010000       _initp_misc_rand_s         0000000140011000 f   LIBCMTD:rand_s.obj
 0001:00010030       _local_unwind              0000000140011030 f   LIBCMTD:jmpuwind.obj
 0001:00010060       _NLG_Notify                0000000140011060 f   LIBCMTD:jmpuwind.obj
 0001:00010080       __NLG_Dispatch2            0000000140011080 f   LIBCMTD:jmpuwind.obj
 0001:00010090       __NLG_Return2              0000000140011090 f   LIBCMTD:jmpuwind.obj
 0001:000100a0       __initstdio                00000001400110a0 f   LIBCMTD:_file.obj
 0001:000101a0       __endstdio                 00000001400111a0 f   LIBCMTD:_file.obj
 0001:000101e0       __iob_func                 00000001400111e0 f   LIBCMTD:_file.obj
 0001:000101f0       _lock_file                 00000001400111f0 f   LIBCMTD:_file.obj
 0001:00010280       _lock_file2                0000000140011280 f   LIBCMTD:_file.obj
 0001:000102d0       _unlock_file               00000001400112d0 f   LIBCMTD:_file.obj
 0001:00010360       _unlock_file2              0000000140011360 f   LIBCMTD:_file.obj
 0001:00010480       _ismbblead                 0000000140011480 f   LIBCMTD:ismbbyte.obj
 0001:000104b0       wcscat_s                   00000001400114b0 f   LIBCMTD:wcscat_s.obj
 0001:00010ae0       wcscpy_s                   0000000140011ae0 f   LIBCMTD:wcscpy_s.obj
 0001:00010f90       wcslen                     0000000140011f90 f   LIBCMTD:wcslen.obj
 0001:00010fe0       wcsncpy_s                  0000000140011fe0 f   LIBCMTD:wcsncpy_s.obj
 0001:00011680       __crtMessageBoxW           0000000140012680 f   LIBCMTD:crtmboxw.obj
 0001:00011af0       __crtMessageBoxWaitThreadW 0000000140012af0 f   LIBCMTD:crtmboxw.obj
 0001:00011b40       _chvalidator               0000000140012b40 f   LIBCMTD:isctype.obj
 0001:00011bb0       _chvalidator_l             0000000140012bb0 f   LIBCMTD:isctype.obj
 0001:00011cc0       _isctype_l                 0000000140012cc0 f   LIBCMTD:isctype.obj
 0001:00011ea0       _free_base                 0000000140012ea0 f   LIBCMTD:free.obj
 0001:00011f00       _realloc_base              0000000140012f00 f   LIBCMTD:realloc.obj
 0001:00012020       _expand_base               0000000140013020 f   LIBCMTD:expand.obj
 0001:00012200       _CrtDbgReport              0000000140013200 f   LIBCMTD:dbgrpt.obj
 0001:00012280       _CrtDbgReportV             0000000140013280 f i LIBCMTD:dbgrpt.obj
 0001:000122e0       __crtMessageWindowA        00000001400132e0 f   LIBCMTD:dbgrpt.obj
 0001:00012960       _heapchk                   0000000140013960 f   LIBCMTD:heapchk.obj
 0001:000129a0       _snprintf_s                00000001400139a0 f   LIBCMTD:sprintf.obj
 0001:00012a00       sprintf_s                  0000000140013a00 f   LIBCMTD:sprintf.obj
 0001:00012a50       _heap_alloc_base           0000000140013a50 f i LIBCMTD:malloc.obj
 0001:00012ac0       _malloc_base               0000000140013ac0 f   LIBCMTD:malloc.obj
 0001:00012b60       __free_lconv_mon           0000000140013b60 f   LIBCMTD:initmon.obj
 0001:00012d70       __free_lconv_num           0000000140013d70 f   LIBCMTD:initnum.obj
 0001:00012e50       __free_lc_time             0000000140013e50 f   LIBCMTD:inittime.obj
 0001:00013d90       _MallocaIsSizeInRange      0000000140014d90 f i LIBCMTD:a_map.obj
 0001:00013dd0       _MarkAllocaS               0000000140014dd0 f i LIBCMTD:a_map.obj
 0001:00013e00       __crtLCMapStringA          0000000140014e00 f   LIBCMTD:a_map.obj
 0001:00013eb0       _freea                     0000000140014eb0 f i LIBCMTD:a_map.obj
 0001:00014100       __crtGetStringTypeA        0000000140015100 f   LIBCMTD:a_str.obj
 0001:00014220       ?_GetEstablisherFrame@@YAPEA_KPEA_KPEAU_xDISPATCHER_CONTEXT@@PEBU_s_FuncInfo@@0@Z 0000000140015220 f   LIBCMTD:trnsctrl.obj
 0001:00014390       ?_GetRangeOfTrysToCheck@@YAPEBU_s_TryBlockMapEntry@@PEA_KPEBU_s_FuncInfo@@HHPEAI2PEAU_xDISPATCHER_CONTEXT@@@Z 0000000140015390 f   LIBCMTD:trnsctrl.obj
 0001:000145b0       ?__FrameUnwindToEmptyState@@YAXPEA_KPEAU_xDISPATCHER_CONTEXT@@PEBU_s_FuncInfo@@@Z 00000001400155b0 f   LIBCMTD:trnsctrl.obj
 0001:00014650       ?__SehTransFilter@@YAHPEAU_EXCEPTION_POINTERS@@PEAUEHExceptionRecord@@PEA_KPEAU_CONTEXT@@PEAU_xDISPATCHER_CONTEXT@@PEBU_s_FuncInfo@@PEAH@Z 0000000140015650 f   LIBCMTD:trnsctrl.obj
 0001:00014710       _CallSETranslator          0000000140015710 f   LIBCMTD:trnsctrl.obj
 0001:00014790       _CreateFrameInfo           0000000140015790 f   LIBCMTD:trnsctrl.obj
 0001:00014810       _FindAndUnlinkFrame        0000000140015810 f   LIBCMTD:trnsctrl.obj
 0001:000148a0       _GetImageBase              00000001400158a0 f   LIBCMTD:trnsctrl.obj
 0001:000148c0       _GetThrowImageBase         00000001400158c0 f   LIBCMTD:trnsctrl.obj
 0001:000148e0       _IsExceptionObjectToBeDestroyed 00000001400158e0 f   LIBCMTD:trnsctrl.obj
 0001:00014940       _SetImageBase              0000000140015940 f   LIBCMTD:trnsctrl.obj
 0001:00014960       _SetThrowImageBase         0000000140015960 f   LIBCMTD:trnsctrl.obj
 0001:00014980       _UnwindNestedFrames        0000000140015980 f   LIBCMTD:trnsctrl.obj
 0001:00014af0       __CxxFrameHandler3         0000000140015af0 f   LIBCMTD:trnsctrl.obj
 0001:00014bb0       _locterm                   0000000140015bb0 f   LIBCMTD:wsetloca.obj
 0001:00014c00       _isleadbyte_l              0000000140015c00 f i LIBCMTD:_wctype.obj
 0001:00014c60       isleadbyte                 0000000140015c60 f i LIBCMTD:_wctype.obj
 0001:00014c80       _CopyMan                   0000000140015c80 f i LIBCMTD:intrncvt.obj
 0001:00014cf0       _FillZeroMan               0000000140015cf0 f i LIBCMTD:intrncvt.obj
 0001:00014d30       _IncMan                    0000000140015d30 f i LIBCMTD:intrncvt.obj
 0001:00014e10       _IsZeroMan                 0000000140015e10 f i LIBCMTD:intrncvt.obj
 0001:00014e50       _RoundMan                  0000000140015e50 f i LIBCMTD:intrncvt.obj
 0001:00014f60       _ShrMan                    0000000140015f60 f i LIBCMTD:intrncvt.obj
 0001:000150a0       _ZeroTail                  00000001400160a0 f i LIBCMTD:intrncvt.obj
 0001:00015150       __addl                     0000000140016150 f i LIBCMTD:intrncvt.obj
 0001:000151b0       _ld12cvt                   00000001400161b0 f i LIBCMTD:intrncvt.obj
 0001:00015520       _ld12tod                   0000000140016520 f   LIBCMTD:intrncvt.obj
 0001:00015550       _ld12tof                   0000000140016550 f   LIBCMTD:intrncvt.obj
 0001:00015580       __ld12mul                  0000000140016580 f i LIBCMTD:strgtold.obj
 0001:00015af0       __multtenpow12             0000000140016af0 f i LIBCMTD:strgtold.obj
 0001:00015c20       __shl_12                   0000000140016c20 f i LIBCMTD:strgtold.obj
 0001:00015cc0       __shr_12                   0000000140016cc0 f i LIBCMTD:strgtold.obj
 0001:00015d60       __strgtold12_l             0000000140016d60 f   LIBCMTD:strgtold.obj
 0001:00016b40       $I10_OUTPUT                0000000140017b40 f   LIBCMTD:x10fout.obj
 0001:00017400       __add_12                   0000000140018400 f i LIBCMTD:x10fout.obj
 0001:000174e0       memcpy_s                   00000001400184e0 f   LIBCMTD:memcpy_s.obj
 0001:00017750       _snwprintf_s               0000000140018750 f   LIBCMTD:swprintf.obj
 0001:000177b0       _CrtDbgBreak               00000001400187b0 f   LIBCMTD:dbgrptt.obj
 0001:000177c0       _VCrtDbgReportA            00000001400187c0 f   LIBCMTD:dbgrptt.obj
 0001:00018190       _VCrtDbgReportW            0000000140019190 f   LIBCMTD:dbgrptt.obj
 0001:00018ce0       _alloca_probe              0000000140019ce0 f   LIBCMTD:chkstk.obj
 0001:00018ce0       __chkstk                   0000000140019ce0 f   LIBCMTD:chkstk.obj
 0001:00018d30       abort                      0000000140019d30 f   LIBCMTD:abort.obj
 0001:00018dc0       GetTableIndexFromLocaleName 0000000140019dc0 f   LIBCMTD:winapinls.obj
 0001:00018e70       __crtDownlevelLocaleNameToLCID 0000000140019e70 f   LIBCMTD:winapinls.obj
 0001:00018ed0       __crtLCMapStringEx         0000000140019ed0 f   LIBCMTD:winapinls.obj
 0001:00018fb0       __wcsnicmp_ascii           0000000140019fb0 f   LIBCMTD:winapinls.obj
 0001:000190c0       _fileno                    000000014001a0c0 f   LIBCMTD:fileno.obj
 0001:00019180       _isatty                    000000014001a180 f   LIBCMTD:isatty.obj
 0001:00019290       _fflush_nolock             000000014001a290 f   LIBCMTD:fflush.obj
 0001:00019310       _flush                     000000014001a310 f   LIBCMTD:fflush.obj
 0001:00019400       _flushall                  000000014001a400 f   LIBCMTD:fflush.obj
 0001:00019590       _fcloseall                 000000014001a590 f   LIBCMTD:closeall.obj
 0001:00019690       _flsbuf                    000000014001a690 f   LIBCMTD:_flsbuf.obj
 0001:00019a30       _vsnprintf_helper          000000014001aa30 f   LIBCMTD:vsnprnc.obj
 0001:00019d10       _vsnprintf_s               000000014001ad10 f   LIBCMTD:vsnprnc.obj
 0001:00019d60       _vsnprintf_s_l             000000014001ad60 f   LIBCMTD:vsnprnc.obj
 0001:0001a300       _vsprintf_s_l              000000014001b300 f   LIBCMTD:vsnprnc.obj
 0001:0001a690       get_int64_arg              000000014001b690 f i LIBCMTD:output.obj
 0001:0001a700       get_int_arg                000000014001b700 f i LIBCMTD:output.obj
 0001:0001a760       get_short_arg              000000014001b760 f i LIBCMTD:output.obj
 0001:0001a7d0       free                       000000014001b7d0 f   LIBCMTD:dbgfree.obj
 0001:0001a7f0       malloc                     000000014001b7f0 f   LIBCMTD:dbgmalloc.obj
 0001:0001a830       __DestructExceptionObject  000000014001b830 f   LIBCMTD:frame.obj
 0001:0001a920       ??0bad_exception@std@@QEAA@AEBV01@@Z 000000014001b920 f i LIBCMTD:frame.obj
 0001:0001a960       ??0bad_exception@std@@QEAA@PEBD@Z 000000014001b960 f i LIBCMTD:frame.obj
 0001:0001a9a0       ??1bad_exception@std@@UEAA@XZ 000000014001b9a0 f i LIBCMTD:frame.obj
 0001:0001a9d0       ??_Gbad_exception@std@@UEAAPEAXI@Z 000000014001b9d0 f i LIBCMTD:frame.obj
 0001:0001a9d0       ??_Ebad_exception@std@@UEAAPEAXI@Z 000000014001b9d0 f i LIBCMTD:frame.obj
 0001:0001b9a0       __AdjustPointer            000000014001c9a0 f   LIBCMTD:frame.obj
 0001:0001ba20       __BuildCatchObject         000000014001ca20 f   LIBCMTD:frame.obj
 0001:0001bb60       __BuildCatchObjectHelper   000000014001cb60 f   LIBCMTD:frame.obj
 0001:0001bf90       __CxxCallCatchBlock        000000014001cf90 f   LIBCMTD:frame.obj
 0001:0001c200       __FrameUnwindFilter        000000014001d200 f   LIBCMTD:frame.obj
 0001:0001c290       __FrameUnwindToState       000000014001d290 f   LIBCMTD:frame.obj
 0001:0001c4f0       __InternalCxxFrameHandler  000000014001d4f0 f   LIBCMTD:frame.obj
 0001:0001c910       __TypeMatch                000000014001d910 f   LIBCMTD:frame.obj
 0001:0001cb00       ?__GetCurrentState@@YAHPEA_KPEAU_xDISPATCHER_CONTEXT@@PEBU_s_FuncInfo@@@Z 000000014001db00 f   LIBCMTD:ehstate.obj
 0001:0001cb60       ?__GetUnwindTryBlock@@YAHPEA_KPEAU_xDISPATCHER_CONTEXT@@PEBU_s_FuncInfo@@@Z 000000014001db60 f   LIBCMTD:ehstate.obj
 0001:0001cbb0       ?__SetState@@YAXPEA_KPEAU_xDISPATCHER_CONTEXT@@PEBU_s_FuncInfo@@H@Z 000000014001dbb0 f   LIBCMTD:ehstate.obj
 0001:0001cbe0       ?__SetUnwindTryBlock@@YAXPEA_KPEAU_xDISPATCHER_CONTEXT@@PEBU_s_FuncInfo@@H@Z 000000014001dbe0 f   LIBCMTD:ehstate.obj
 0001:0001cc50       ?__StateFromControlPc@@YAHPEBU_s_FuncInfo@@PEAU_xDISPATCHER_CONTEXT@@@Z 000000014001dc50 f   LIBCMTD:ehstate.obj
 0001:0001cc80       ?__StateFromIp@@YAHPEBU_s_FuncInfo@@PEAU_xDISPATCHER_CONTEXT@@_J@Z 000000014001dc80 f   LIBCMTD:ehstate.obj
 0001:0001cd70       memcmp                     000000014001dd70 f   LIBCMTD:memcmp.obj
 0001:0001ce40       __mtold12                  000000014001de40 f   LIBCMTD:mantold.obj
 0001:0001cfd0       _vsnwprintf_s              000000014001dfd0 f   LIBCMTD:vswprnc.obj
 0001:0001d020       _vsnwprintf_s_l            000000014001e020 f   LIBCMTD:vswprnc.obj
 0001:0001d5d0       _vswprintf_helper          000000014001e5d0 f   LIBCMTD:vswprnc.obj
 0001:0001d920       strcat_s                   000000014001e920 f   LIBCMTD:strcat_s.obj
 0001:0001df30       _itoa_s                    000000014001ef30 f   LIBCMTD:xtoas.obj
 0001:0001e560       _mbstowcs_l_helper         000000014001f560 f   LIBCMTD:mbstowcs.obj
 0001:0001ead0       _mbstowcs_s_l              000000014001fad0 f   LIBCMTD:mbstowcs.obj
 0001:0001f060       mbstowcs_s                 0000000140020060 f   LIBCMTD:mbstowcs.obj
 0001:0001f140       _wcstombs_l_helper         0000000140020140 f   LIBCMTD:wcstombs.obj
 0001:0001f950       _wcstombs_s_l              0000000140020950 f   LIBCMTD:wcstombs.obj
 0001:0001fe50       wcstombs_s                 0000000140020e50 f   LIBCMTD:wcstombs.obj
 0001:0001fea0       _itow_s                    0000000140020ea0 f   LIBCMTD:xtows.obj
 0001:000204f0       __GSHandlerCheck_SEH       00000001400214f0 f   LIBCMTD:gshandlerseh.obj
 0001:000205b0       _commit                    00000001400215b0 f   LIBCMTD:commit.obj
 0001:00020840       _write                     0000000140021840 f   LIBCMTD:write.obj
 0001:00020ae0       _write_nolock              0000000140021ae0 f   LIBCMTD:write.obj
 0001:00021c20       _fclose_nolock             0000000140022c20 f   LIBCMTD:fclose.obj
 0001:00021d70       fclose                     0000000140022d70 f   LIBCMTD:fclose.obj
 0001:00021e70       _lseeki64                  0000000140022e70 f   LIBCMTD:lseeki64.obj
 0001:00022120       _lseeki64_nolock           0000000140023120 f   LIBCMTD:lseeki64.obj
 0001:00022240       _getbuf                    0000000140023240 f   LIBCMTD:_getbuf.obj
 0001:00022350       _output_s_l                0000000140023350 f   LIBCMTD:outputs.obj
 0001:00023f30       _get_printf_count_output   0000000140024f30 f   LIBCMTD:printf.obj
 0001:00023f60       _wctomb_s_l                0000000140024f60 f   LIBCMTD:wctomb.obj
 0001:00024400       wctomb_s                   0000000140025400 f   LIBCMTD:wctomb.obj
 0001:00024450       ??3@YAXPEAX@Z              0000000140025450 f   LIBCMTD:dbgdel.obj
 0001:00024530       strcmp                     0000000140025530 f   LIBCMTD:strcmp.obj
 0001:000245a0       ?_ValidateExecute@@YAHP6A_JXZ@Z 00000001400255a0 f   LIBCMTD:validate.obj
 0001:000245d0       ?_ValidateRead@@YAHPEBXI@Z 00000001400255d0 f   LIBCMTD:validate.obj
 0001:000245d0       ?_ValidateWrite@@YAHPEAXI@Z 00000001400255d0 f   LIBCMTD:validate.obj
 0001:00024610       _CallSettingFrame          0000000140025610 f   LIBCMTD:handlers.obj
 0001:00024650       _GetNextInstrOffset        0000000140025650 f   LIBCMTD:handlers.obj
 0001:00024660       ??1type_info@@UEAA@XZ      0000000140025660 f   LIBCMTD:typinfo.obj
 0001:00024690       ??8type_info@@QEBA_NAEBV0@@Z 0000000140025690 f   LIBCMTD:typinfo.obj
 0001:000246e0       ??_Etype_info@@UEAAPEAXI@Z 00000001400256e0 f i LIBCMTD:typinfo.obj
 0001:000246e0       ??_Gtype_info@@UEAAPEAXI@Z 00000001400256e0 f i LIBCMTD:typinfo.obj
 0001:00024720       ??0exception@std@@QEAA@AEBQEBD@Z 0000000140025720 f   LIBCMTD:stdexcpt.obj
 0001:00024770       ??0exception@std@@QEAA@AEBV01@@Z 0000000140025770 f   LIBCMTD:stdexcpt.obj
 0001:000247c0       ??1exception@std@@UEAA@XZ  00000001400257c0 f   LIBCMTD:stdexcpt.obj
 0001:000247f0       ??4exception@std@@QEAAAEAV01@AEBV01@@Z 00000001400257f0 f   LIBCMTD:stdexcpt.obj
 0001:00024860       ??_Eexception@std@@UEAAPEAXI@Z 0000000140025860 f i LIBCMTD:stdexcpt.obj
 0001:00024860       ??_Gexception@std@@UEAAPEAXI@Z 0000000140025860 f i LIBCMTD:stdexcpt.obj
 0001:000248a0       ?_Copy_str@exception@std@@AEAAXPEBD@Z 00000001400258a0 f   LIBCMTD:stdexcpt.obj
 0001:00024910       ?_Tidy@exception@std@@AEAAXXZ 0000000140025910 f   LIBCMTD:stdexcpt.obj
 0001:00024950       ?what@exception@std@@UEBAPEBDXZ 0000000140025950 f   LIBCMTD:stdexcpt.obj
 0001:00024990       _CxxThrowException         0000000140025990 f   LIBCMTD:throw.obj
 0001:00024ab0       _woutput_s_l               0000000140025ab0 f   LIBCMTD:woutputs.obj
 0001:000263a0       _fputwc_nolock             00000001400273a0 f   LIBCMTD:fputwc.obj
 0001:00026800       _mbtowc_l                  0000000140027800 f   LIBCMTD:mbtowc.obj
 0001:00026b40       mbtowc                     0000000140027b40 f   LIBCMTD:mbtowc.obj
 0001:00026b70       __lock_fhandle             0000000140027b70 f   LIBCMTD:osfinfo.obj
 0001:00026c40       _free_osfhnd               0000000140027c40 f   LIBCMTD:osfinfo.obj
 0001:00026d70       _get_osfhandle             0000000140027d70 f   LIBCMTD:osfinfo.obj
 0001:00026f70       _unlock_fhandle            0000000140027f70 f   LIBCMTD:osfinfo.obj
 0001:00026fb0       _putwch_nolock             0000000140027fb0 f   LIBCMTD:putwch.obj
 0001:00027020       _close                     0000000140028020 f   LIBCMTD:close.obj
 0001:000272a0       _close_nolock              00000001400282a0 f   LIBCMTD:close.obj
 0001:000273b0       _freebuf                   00000001400283b0 f   LIBCMTD:_freebuf.obj
 0001:00027470       ?_Type_info_dtor@type_info@@CAXPEAV1@@Z 0000000140028470 f   LIBCMTD:typname.obj
 0001:00027580       _flswbuf                   0000000140028580 f   LIBCMTD:_flswbuf.obj
 0001:00027930       __termconout               0000000140028930 f   LIBCMTD:initcon.obj
 0001:00027960       __initconout               0000000140028960 f   LIBCMTD:initcon.obj
 0001:000279b0       IsProcessorFeaturePresent  00000001400289b0 f   kernel32:KERNEL32.dll
 0001:000279b6       RtlUnwindEx                00000001400289b6 f   kernel32:KERNEL32.dll
 0002:00000000       __imp_SetPixelFormat       0000000140029000     gdi32:GDI32.dll
 0002:00000008       __imp_DescribePixelFormat  0000000140029008     gdi32:GDI32.dll
 0002:00000010       __imp_ChoosePixelFormat    0000000140029010     gdi32:GDI32.dll
 0002:00000018       __imp_SwapBuffers          0000000140029018     gdi32:GDI32.dll
 0002:00000020       \177GDI32_NULL_THUNK_DATA  0000000140029020     gdi32:GDI32.dll
 0002:00000028       __imp_GetConsoleCP         0000000140029028     kernel32:KERNEL32.dll
 0002:00000030       __imp_FlushFileBuffers     0000000140029030     kernel32:KERNEL32.dll
 0002:00000038       __imp_RaiseException       0000000140029038     kernel32:KERNEL32.dll
 0002:00000040       __imp_RtlPcToFileHeader    0000000140029040     kernel32:KERNEL32.dll
 0002:00000048       __imp_GetConsoleMode       0000000140029048     kernel32:KERNEL32.dll
 0002:00000050       __imp_LCMapStringW         0000000140029050     kernel32:KERNEL32.dll
 0002:00000058       __imp_SetFilePointerEx     0000000140029058     kernel32:KERNEL32.dll
 0002:00000060       __imp_SetStdHandle         0000000140029060     kernel32:KERNEL32.dll
 0002:00000068       __imp_CreateFileW          0000000140029068     kernel32:KERNEL32.dll
 0002:00000070       __imp_GetFileType          0000000140029070     kernel32:KERNEL32.dll
 0002:00000078       __imp_WriteConsoleW        0000000140029078     kernel32:KERNEL32.dll
 0002:00000080       __imp_OutputDebugStringA   0000000140029080     kernel32:KERNEL32.dll
 0002:00000088       __imp_GetStringTypeW       0000000140029088     kernel32:KERNEL32.dll
 0002:00000090       __imp_HeapAlloc            0000000140029090     kernel32:KERNEL32.dll
 0002:00000098       __imp_HeapQueryInformation 0000000140029098     kernel32:KERNEL32.dll
 0002:000000a0       __imp_HeapReAlloc          00000001400290a0     kernel32:KERNEL32.dll
 0002:000000a8       __imp_HeapFree             00000001400290a8     kernel32:KERNEL32.dll
 0002:000000b0       __imp_CreateThread         00000001400290b0     kernel32:KERNEL32.dll
 0002:000000b8       __imp_WaitForSingleObjectEx 00000001400290b8     kernel32:KERNEL32.dll
 0002:000000c0       __imp_OutputDebugStringW   00000001400290c0     kernel32:KERNEL32.dll
 0002:000000c8       __imp_LoadLibraryExW       00000001400290c8     kernel32:KERNEL32.dll
 0002:000000d0       __imp_CompareFileTime      00000001400290d0     kernel32:KERNEL32.dll
 0002:000000d8       __imp_CreateFileA          00000001400290d8     kernel32:KERNEL32.dll
 0002:000000e0       __imp_GetFileAttributesExA 00000001400290e0     kernel32:KERNEL32.dll
 0002:000000e8       __imp_GetFileSizeEx        00000001400290e8     kernel32:KERNEL32.dll
 0002:000000f0       __imp_ReadFile             00000001400290f0     kernel32:KERNEL32.dll
 0002:000000f8       __imp_CloseHandle          00000001400290f8     kernel32:KERNEL32.dll
 0002:00000100       __imp_QueryPerformanceCounter 0000000140029100     kernel32:KERNEL32.dll
 0002:00000108       __imp_QueryPerformanceFrequency 0000000140029108     kernel32:KERNEL32.dll
 0002:00000110       __imp_Sleep                0000000140029110     kernel32:KERNEL32.dll
 0002:00000118       __imp_VirtualAlloc         0000000140029118     kernel32:KERNEL32.dll
 0002:00000120       __imp_VirtualFree          0000000140029120     kernel32:KERNEL32.dll
 0002:00000128       __imp_FreeLibrary          0000000140029128     kernel32:KERNEL32.dll
 0002:00000130       __imp_GetModuleHandleA     0000000140029130     kernel32:KERNEL32.dll
 0002:00000138       __imp_GetProcAddress       0000000140029138     kernel32:KERNEL32.dll
 0002:00000140       __imp_LoadLibraryA         0000000140029140     kernel32:KERNEL32.dll
 0002:00000148       __imp_CopyFileA            0000000140029148     kernel32:KERNEL32.dll
 0002:00000150       __imp_GetCommandLineA      0000000140029150     kernel32:KERNEL32.dll
 0002:00000158       __imp_IsDebuggerPresent    0000000140029158     kernel32:KERNEL32.dll
 0002:00000160       __imp_IsProcessorFeaturePresent 0000000140029160     kernel32:KERNEL32.dll
 0002:00000168       __imp_EncodePointer        0000000140029168     kernel32:KERNEL32.dll
 0002:00000170       __imp_GetLastError         0000000140029170     kernel32:KERNEL32.dll
 0002:00000178       __imp_SetLastError         0000000140029178     kernel32:KERNEL32.dll
 0002:00000180       __imp_GetCurrentThreadId   0000000140029180     kernel32:KERNEL32.dll
 0002:00000188       __imp_DecodePointer        0000000140029188     kernel32:KERNEL32.dll
 0002:00000190       __imp_ExitProcess          0000000140029190     kernel32:KERNEL32.dll
 0002:00000198       __imp_GetModuleHandleExW   0000000140029198     kernel32:KERNEL32.dll
 0002:000001a0       __imp_MultiByteToWideChar  00000001400291a0     kernel32:KERNEL32.dll
 0002:000001a8       __imp_WideCharToMultiByte  00000001400291a8     kernel32:KERNEL32.dll
 0002:000001b0       __imp_GetProcessHeap       00000001400291b0     kernel32:KERNEL32.dll
 0002:000001b8       __imp_GetStdHandle         00000001400291b8     kernel32:KERNEL32.dll
 0002:000001c0       __imp_DeleteCriticalSection 00000001400291c0     kernel32:KERNEL32.dll
 0002:000001c8       __imp_GetStartupInfoW      00000001400291c8     kernel32:KERNEL32.dll
 0002:000001d0       __imp_GetModuleFileNameA   00000001400291d0     kernel32:KERNEL32.dll
 0002:000001d8       __imp_WriteFile            00000001400291d8     kernel32:KERNEL32.dll
 0002:000001e0       __imp_GetModuleFileNameW   00000001400291e0     kernel32:KERNEL32.dll
 0002:000001e8       __imp_HeapSize             00000001400291e8     kernel32:KERNEL32.dll
 0002:000001f0       __imp_HeapValidate         00000001400291f0     kernel32:KERNEL32.dll
 0002:000001f8       __imp_GetSystemInfo        00000001400291f8     kernel32:KERNEL32.dll
 0002:00000200       __imp_GetCurrentProcessId  0000000140029200     kernel32:KERNEL32.dll
 0002:00000208       __imp_GetSystemTimeAsFileTime 0000000140029208     kernel32:KERNEL32.dll
 0002:00000210       __imp_GetEnvironmentStringsW 0000000140029210     kernel32:KERNEL32.dll
 0002:00000218       __imp_FreeEnvironmentStringsW 0000000140029218     kernel32:KERNEL32.dll
 0002:00000220       __imp_RtlCaptureContext    0000000140029220     kernel32:KERNEL32.dll
 0002:00000228       __imp_RtlLookupFunctionEntry 0000000140029228     kernel32:KERNEL32.dll
 0002:00000230       __imp_RtlVirtualUnwind     0000000140029230     kernel32:KERNEL32.dll
 0002:00000238       __imp_UnhandledExceptionFilter 0000000140029238     kernel32:KERNEL32.dll
 0002:00000240       __imp_SetUnhandledExceptionFilter 0000000140029240     kernel32:KERNEL32.dll
 0002:00000248       __imp_InitializeCriticalSectionAndSpinCount 0000000140029248     kernel32:KERNEL32.dll
 0002:00000250       __imp_GetCurrentProcess    0000000140029250     kernel32:KERNEL32.dll
 0002:00000258       __imp_TerminateProcess     0000000140029258     kernel32:KERNEL32.dll
 0002:00000260       __imp_TlsAlloc             0000000140029260     kernel32:KERNEL32.dll
 0002:00000268       __imp_TlsGetValue          0000000140029268     kernel32:KERNEL32.dll
 0002:00000270       __imp_TlsSetValue          0000000140029270     kernel32:KERNEL32.dll
 0002:00000278       __imp_TlsFree              0000000140029278     kernel32:KERNEL32.dll
 0002:00000280       __imp_GetModuleHandleW     0000000140029280     kernel32:KERNEL32.dll
 0002:00000288       __imp_RtlUnwindEx          0000000140029288     kernel32:KERNEL32.dll
 0002:00000290       __imp_IsValidCodePage      0000000140029290     kernel32:KERNEL32.dll
 0002:00000298       __imp_GetACP               0000000140029298     kernel32:KERNEL32.dll
 0002:000002a0       __imp_GetOEMCP             00000001400292a0     kernel32:KERNEL32.dll
 0002:000002a8       __imp_GetCPInfo            00000001400292a8     kernel32:KERNEL32.dll
 0002:000002b0       __imp_EnterCriticalSection 00000001400292b0     kernel32:KERNEL32.dll
 0002:000002b8       __imp_LeaveCriticalSection 00000001400292b8     kernel32:KERNEL32.dll
 0002:000002c0       \177KERNEL32_NULL_THUNK_DATA 00000001400292c0     kernel32:KERNEL32.dll
 0002:000002c8       __imp_glViewport           00000001400292c8     opengl32:OPENGL32.dll
 0002:000002d0       __imp_glTexParameteri      00000001400292d0     opengl32:OPENGL32.dll
 0002:000002d8       __imp_glTexImage2D         00000001400292d8     opengl32:OPENGL32.dll
 0002:000002e0       __imp_glGetString          00000001400292e0     opengl32:OPENGL32.dll
 0002:000002e8       __imp_glGenTextures        00000001400292e8     opengl32:OPENGL32.dll
 0002:000002f0       __imp_glEnable             00000001400292f0     opengl32:OPENGL32.dll
 0002:000002f8       __imp_glDrawArrays         00000001400292f8     opengl32:OPENGL32.dll
 0002:00000300       __imp_glBindTexture        0000000140029300     opengl32:OPENGL32.dll
 0002:00000308       __imp_wglMakeCurrent       0000000140029308     opengl32:OPENGL32.dll
 0002:00000310       __imp_wglGetProcAddress    0000000140029310     opengl32:OPENGL32.dll
 0002:00000318       __imp_wglDeleteContext     0000000140029318     opengl32:OPENGL32.dll
 0002:00000320       __imp_wglCreateContext     0000000140029320     opengl32:OPENGL32.dll
 0002:00000328       \177OPENGL32_NULL_THUNK_DATA 0000000140029328     opengl32:OPENGL32.dll
 0002:00000330       __imp_LoadCursorA          0000000140029330     user32:USER32.dll
 0002:00000338       __imp_ScreenToClient       0000000140029338     user32:USER32.dll
 0002:00000340       __imp_GetCursorPos         0000000140029340     user32:USER32.dll
 0002:00000348       __imp_GetClientRect        0000000140029348     user32:USER32.dll
 0002:00000350       __imp_ReleaseDC            0000000140029350     user32:USER32.dll
 0002:00000358       __imp_GetDC                0000000140029358     user32:USER32.dll
 0002:00000360       __imp_GetKeyState          0000000140029360     user32:USER32.dll
 0002:00000368       __imp_DestroyWindow        0000000140029368     user32:USER32.dll
 0002:00000370       __imp_CreateWindowExA      0000000140029370     user32:USER32.dll
 0002:00000378       __imp_RegisterClassA       0000000140029378     user32:USER32.dll
 0002:00000380       __imp_DefWindowProcA       0000000140029380     user32:USER32.dll
 0002:00000388       __imp_PeekMessageA         0000000140029388     user32:USER32.dll
 0002:00000390       __imp_DispatchMessageA     0000000140029390     user32:USER32.dll
 0002:00000398       __imp_TranslateMessage     0000000140029398     user32:USER32.dll
 0002:000003a0       \177USER32_NULL_THUNK_DATA 00000001400293a0     user32:USER32.dll
 0002:000003a8       __xc_a                     00000001400293a8     LIBCMTD:crt0init.obj
 0002:000003b0       __xc_z                     00000001400293b0     LIBCMTD:crt0init.obj
 0002:000003b8       __xi_a                     00000001400293b8     LIBCMTD:crt0init.obj
 0002:000003e8       __xi_z                     00000001400293e8     LIBCMTD:crt0init.obj
 0002:000003f0       __xp_a                     00000001400293f0     LIBCMTD:crt0init.obj
 0002:00000410       __xp_z                     0000000140029410     LIBCMTD:crt0init.obj
 0002:00000418       __xt_a                     0000000140029418     LIBCMTD:crt0init.obj
 0002:00000420       __xt_z                     0000000140029420     LIBCMTD:crt0init.obj
 0002:00000470       ??_C@_0OC@OODFJKEO@?6?$CDversion?5330?5core?6?6?$CDdefine?5b32?5@ 0000000140029470     win32_kiwi.obj
 0002:00000558       ??_C@_0BI@IENPPHKH@GL_EXT_framebuffer_sRGB?$AA@ 0000000140029558     win32_kiwi.obj
 0002:00000570       ??_C@_0BE@OFNKIPHM@GL_EXT_texture_sRGB?$AA@ 0000000140029570     win32_kiwi.obj
 0002:00000588       ??_C@_0BI@EPKNGDDL@GL_ARB_framebuffer_sRGB?$AA@ 0000000140029588     win32_kiwi.obj
 0002:000005a0       ??_C@_0BK@EJHLNENJ@GL_ARB_framebuffer_object?$AA@ 00000001400295a0     win32_kiwi.obj
 0002:000005c0       ??_C@_09LKHGDNEA@WGLLoader?$AA@ 00000001400295c0     win32_kiwi.obj
 0002:000005d0       ??_C@_08OBKBFOJH@Untitled?$AA@ 00000001400295d0     win32_kiwi.obj
 0002:000005e0       ??_C@_0BI@JPMGGILH@wglChoosePixelFormatARB?$AA@ 00000001400295e0     win32_kiwi.obj
 0002:000005f8       ??_C@_0BL@PDDHMPGF@wglCreateContextAttribsARB?$AA@ 00000001400295f8     win32_kiwi.obj
 0002:00000618       ??_C@_0BD@IINOPBDD@wglSwapIntervalEXT?$AA@ 0000000140029618     win32_kiwi.obj
 0002:00000630       ??_C@_0BK@HGDBIG@wglGetExtensionsStringEXT?$AA@ 0000000140029630     win32_kiwi.obj
 0002:00000650       ??_C@_0P@HGHBNC@glCreateShader?$AA@ 0000000140029650     win32_kiwi.obj
 0002:00000660       ??_C@_0P@LDMLEABL@glAttachShader?$AA@ 0000000140029660     win32_kiwi.obj
 0002:00000670       ??_C@_0P@DFHCPFMO@glShaderSource?$AA@ 0000000140029670     win32_kiwi.obj
 0002:00000680       ??_C@_0BA@DGIEGONF@glCompileShader?$AA@ 0000000140029680     win32_kiwi.obj
 0002:00000690       ??_C@_0O@JBDFPDMG@glGetShaderiv?$AA@ 0000000140029690     win32_kiwi.obj
 0002:000006a0       ??_C@_0BD@GIABBCMO@glGetShaderInfoLog?$AA@ 00000001400296a0     win32_kiwi.obj
 0002:000006b8       ??_C@_0P@DJFJFCJL@glDetachShader?$AA@ 00000001400296b8     win32_kiwi.obj
 0002:000006c8       ??_C@_0P@HHCDONAG@glDeleteShader?$AA@ 00000001400296c8     win32_kiwi.obj
 0002:000006d8       ??_C@_0BA@FLKLHNKP@glCreateProgram?$AA@ 00000001400296d8     win32_kiwi.obj
 0002:000006e8       ??_C@_0O@PIOEEBPO@glLinkProgram?$AA@ 00000001400296e8     win32_kiwi.obj
 0002:000006f8       ??_C@_0N@ICBDHBI@glUseProgram?$AA@ 00000001400296f8     win32_kiwi.obj
 0002:00000708       ??_C@_0P@FMMDFLCO@glGetProgramiv?$AA@ 0000000140029708     win32_kiwi.obj
 0002:00000718       ??_C@_0BE@DHGHAJFL@glGetProgramInfoLog?$AA@ 0000000140029718     win32_kiwi.obj
 0002:00000730       ??_C@_0M@EMBKBDCK@glUniform1i?$AA@ 0000000140029730     win32_kiwi.obj
 0002:00000740       ??_C@_0M@MLICAPOF@glUniform1f?$AA@ 0000000140029740     win32_kiwi.obj
 0002:00000750       ??_C@_0M@MJMELBLM@glUniform2f?$AA@ 0000000140029750     win32_kiwi.obj
 0002:00000760       ??_C@_0M@MIAGNLIL@glUniform3f?$AA@ 0000000140029760     win32_kiwi.obj
 0002:00000770       ??_C@_0M@MNEJMNAO@glUniform4f?$AA@ 0000000140029770     win32_kiwi.obj
 0002:00000780       ??_C@_0BD@CAKFCMBG@glUniformMatrix3fv?$AA@ 0000000140029780     win32_kiwi.obj
 0002:00000798       ??_C@_0BD@LNHCBEKP@glUniformMatrix4fv?$AA@ 0000000140029798     win32_kiwi.obj
 0002:000007b0       ??_C@_0BF@KIOPGICP@glGetUniformLocation?$AA@ 00000001400297b0     win32_kiwi.obj
 0002:000007c8       ??_C@_0BC@EPJLBJBJ@glGenVertexArrays?$AA@ 00000001400297c8     win32_kiwi.obj
 0002:000007e0       ??_C@_0BC@LHBAHFAN@glBindVertexArray?$AA@ 00000001400297e0     win32_kiwi.obj
 0002:000007f8       ??_C@_0BA@DMNLADIO@glDeleteBuffers?$AA@ 00000001400297f8     win32_kiwi.obj
 0002:00000808       ??_C@_0N@LAOHBIBA@glGenBuffers?$AA@ 0000000140029808     win32_kiwi.obj
 0002:00000818       ??_C@_0N@BONEPPLO@glBindBuffer?$AA@ 0000000140029818     win32_kiwi.obj
 0002:00000828       ??_C@_0N@JHHJMABP@glBufferData?$AA@ 0000000140029828     win32_kiwi.obj
 0002:00000838       ??_C@_0BA@GAJMDBBN@glBufferSubData?$AA@ 0000000140029838     win32_kiwi.obj
 0002:00000848       ??_C@_0BK@EHBAHNHE@glEnableVertexAttribArray?$AA@ 0000000140029848     win32_kiwi.obj
 0002:00000868       ??_C@_0BL@NKHLOFFF@glDisableVertexAttribArray?$AA@ 0000000140029868     win32_kiwi.obj
 0002:00000888       ??_C@_0BG@JPNNNPKG@glVertexAttribPointer?$AA@ 0000000140029888     win32_kiwi.obj
 0002:000008a0       ??_C@_0BH@NLOEHKCD@glVertexAttribIPointer?$AA@ 00000001400298a0     win32_kiwi.obj
 0002:000008b8       ??_C@_0BG@NEBMAEHM@glVertexAttribDivisor?$AA@ 00000001400298b8     win32_kiwi.obj
 0002:000008d0       ??_C@_0O@COHJKDBH@glDrawBuffers?$AA@ 00000001400298d0     win32_kiwi.obj
 0002:000008e0       ??_C@_0BG@HIOFINAN@glDrawArraysInstanced?$AA@ 00000001400298e0     win32_kiwi.obj
 0002:000008f8       ??_C@_0BA@KOBBIKOF@glActiveTexture?$AA@ 00000001400298f8     win32_kiwi.obj
 0002:00000908       ??_C@_0BC@FAPEBGID@glGenFramebuffers?$AA@ 0000000140029908     win32_kiwi.obj
 0002:00000920       ??_C@_0BC@CJMIBNO@glBindFramebuffer?$AA@ 0000000140029920     win32_kiwi.obj
 0002:00000938       ??_C@_0BH@JCIFGDEF@glFramebufferTexture2D?$AA@ 0000000140029938     win32_kiwi.obj
 0002:00000950       ??_C@_0BJ@GIOLHEAD@glCheckFramebufferStatus?$AA@ 0000000140029950     win32_kiwi.obj
 0002:00000970       ??_C@_0BC@OANBDDEP@glBlitFramebuffer?$AA@ 0000000140029970     win32_kiwi.obj
 0002:00000988       ??_C@_0BB@EOHJGBIO@glMapBufferRange?$AA@ 0000000140029988     win32_kiwi.obj
 0002:000009a0       ??_C@_0O@OFGHBLEO@glUnmapBuffer?$AA@ 00000001400299a0     win32_kiwi.obj
 0002:000009b0       ??_C@_0BE@GAPLDNGF@glStencilOpSeparate?$AA@ 00000001400299b0     win32_kiwi.obj
 0002:000009c8       ??_C@_0BA@PFHILPAN@glBlendEquation?$AA@ 00000001400299c8     win32_kiwi.obj
 0002:000009d8       ??_C@_0BJ@ODLLHDDH@WGL_EXT_framebuffer_sRGB?$AA@ 00000001400299d8     win32_kiwi.obj
 0002:00000a00       ??_C@_0KK@LBJANMJL@?6layout?$CIlocation?5?$DN?50?$CJ?5in?5v3?5Vert@ 0000000140029a00     win32_kiwi.obj
 0002:00000ab0       ??_C@_0IH@HGMJBDDH@?6in?5v2?5UV?$DL?6out?5v4?5PixelColor?$DL?6?6u@ 0000000140029ab0     win32_kiwi.obj
 0002:00000b38       ??_C@_0P@BBAEPDKL@TextureSampler?$AA@ 0000000140029b38     win32_kiwi.obj
 0002:00000b48       ??_C@_0M@LLMNMPPI@kiwi?4assets?$AA@ 0000000140029b48     win32_kiwi.obj
 0002:00000b58       ??_C@_0BE@GDAMMNDF@GameUpdateAndRender?$AA@ 0000000140029b58     win32_kiwi.obj
 0002:00000b70       ??_C@_09DGGFEDEK@KiwiClass?$AA@ 0000000140029b70     win32_kiwi.obj
 0002:00000b80       ??_C@_08JDFEOLML@Haw?5Yeah?$AA@ 0000000140029b80     win32_kiwi.obj
 0002:00000b90       ??_C@_0BN@KNHLMLAB@W?3?2kiwi?2build_win32?2kiwi?4dll?$AA@ 0000000140029b90     win32_kiwi.obj
 0002:00000bb0       ??_C@_0CC@JKEAFDPF@W?3?2kiwi?2build_win32?2kiwi_temp?4dl@ 0000000140029bb0     win32_kiwi.obj
 0002:00000bd8       ??_C@_0BN@GGIANGGM@W?3?2kiwi?2build_win32?2lock?4tmp?$AA@ 0000000140029bd8     win32_kiwi.obj
 0002:00000bf8       __real@3c888889            0000000140029bf8     win32_kiwi.obj
 0002:00000bfc       __real@3f800000            0000000140029bfc     win32_kiwi.obj
 0002:00000c00       __real@40000000            0000000140029c00     win32_kiwi.obj
 0002:00000c04       __real@bf800000            0000000140029c04     win32_kiwi.obj
 0002:00000c10       __xmm@000000000000000000000000bf000000 0000000140029c10     win32_kiwi.obj
 0002:00000c20       __xmm@0000000000000000bf000000bf000000 0000000140029c20     win32_kiwi.obj
 0002:00000c30       __xmm@00000000000020920000000300002091 0000000140029c30     win32_kiwi.obj
 0002:00000c40       __xmm@000000003f000000bf00000000000000 0000000140029c40     win32_kiwi.obj
 0002:00000c50       __xmm@00000000bf0000003f0000003f800000 0000000140029c50     win32_kiwi.obj
 0002:00000c60       __xmm@00000001000020110000000100002010 0000000140029c60     win32_kiwi.obj
 0002:00000c70       __xmm@00000001000020a90000202b00002013 0000000140029c70     win32_kiwi.obj
 0002:00000c80       __xmm@00000002000091260000000000002094 0000000140029c80     win32_kiwi.obj
 0002:00000c90       __xmm@00002027000020030000000100002001 0000000140029c90     win32_kiwi.obj
 0002:00000ca0       __xmm@3f0000003f0000003f80000000000000 0000000140029ca0     win32_kiwi.obj
 0002:00000cb0       __xmm@3f800000000000003f0000003f000000 0000000140029cb0     win32_kiwi.obj
 0002:00000cc0       __xmm@bf0000003f8000003f80000000000000 0000000140029cc0     win32_kiwi.obj
 0002:00000cd0       _FPinit                    0000000140029cd0     LIBCMTD:fpinit.obj
 0002:00000ce8       ??_C@_1BI@ICGGMGLK@?$AAb?$AAu?$AAf?$AA?5?$AA?$CB?$AA?$DN?$AA?5?$AAN?$AAU?$AAL?$AAL?$AA?$AA@ 0000000140029ce8     LIBCMTD:cvt.obj
 0002:00000d00       ??_C@_15GANGMFKL@?$AA?$CF?$AAs?$AA?$AA@ 0000000140029d00     LIBCMTD:cvt.obj
 0002:00000d10       ??_C@_1EG@OHONNKNN@?$AAf?$AA?3?$AA?2?$AAd?$AAd?$AA?2?$AAv?$AAc?$AAt?$AAo?$AAo?$AAl?$AAs?$AA?2?$AAc?$AAr?$AAt?$AA?2?$AAf?$AAp?$AAw?$AA3?$AA2?$AA?2?$AAc?$AAo?$AAn?$AAv?$AA?2?$AAc?$AAv?$AAt@ 0000000140029d10     LIBCMTD:cvt.obj
 0002:00000d58       ??_C@_1BE@OLBNEILL@?$AA_?$AAc?$AAf?$AAt?$AAo?$AAe?$AA2?$AA_?$AAl?$AA?$AA@ 0000000140029d58     LIBCMTD:cvt.obj
 0002:00000d70       ??_C@_1CA@CBMNPEO@?$AAs?$AAi?$AAz?$AAe?$AAI?$AAn?$AAB?$AAy?$AAt?$AAe?$AAs?$AA?5?$AA?$DO?$AA?5?$AA0?$AA?$AA@ 0000000140029d70     LIBCMTD:cvt.obj
 0002:00000d90       ??_C@_1HE@NACBNDPP@?$AAs?$AAi?$AAz?$AAe?$AAI?$AAn?$AAB?$AAy?$AAt?$AAe?$AAs?$AA?5?$AA?$DO?$AA?5?$AA?$CI?$AAs?$AAi?$AAz?$AAe?$AA_?$AAt?$AA?$CJ?$AA?$CI?$AA3?$AA?5?$AA?$CL?$AA?5?$AA?$CI?$AAn?$AAd?$AAe?$AAc@ 0000000140029d90     LIBCMTD:cvt.obj
 0002:00000e10       ??_C@_1LE@EOIFGNCJ@?$AAs?$AAt?$AAr?$AAc?$AAp?$AAy?$AA_?$AAs?$AA?$CI?$AAp?$AA?0?$AA?5?$AA?$CI?$AAs?$AAi?$AAz?$AAe?$AAI?$AAn?$AAB?$AAy?$AAt?$AAe?$AAs?$AA?5?$AA?$DN?$AA?$DN?$AA?5?$AA?$CI?$AAs?$AAi?$AAz@ 0000000140029e10     LIBCMTD:cvt.obj
 0002:00000ec4       ??_C@_05KLBDPFGC@e?$CL000?$AA@ 0000000140029ec4     LIBCMTD:cvt.obj
 0002:00000ed0       ??_C@_1BC@INKAPMHI@?$AA_?$AAc?$AAf?$AAt?$AAo?$AAe?$AA_?$AAl?$AA?$AA@ 0000000140029ed0     LIBCMTD:cvt.obj
 0002:00000ee8       ??_C@_1BC@JOKPCIC@?$AA_?$AAc?$AAf?$AAt?$AAo?$AAa?$AA_?$AAl?$AA?$AA@ 0000000140029ee8     LIBCMTD:cvt.obj
 0002:00000f00       ??_C@_1FC@IKIMAMJB@?$AAs?$AAi?$AAz?$AAe?$AAI?$AAn?$AAB?$AAy?$AAt?$AAe?$AAs?$AA?5?$AA?$DO?$AA?5?$AA?$CI?$AAs?$AAi?$AAz?$AAe?$AA_?$AAt?$AA?$CJ?$AA?$CI?$AA1?$AA?5?$AA?$CL?$AA?5?$AA4?$AA?5?$AA?$CL?$AA?5?$AAn@ 0000000140029f00     LIBCMTD:cvt.obj
 0002:00000f58       ??_C@_1BE@CKPDLI@?$AA_?$AAc?$AAf?$AAt?$AAo?$AAf?$AA2?$AA_?$AAl?$AA?$AA@ 0000000140029f58     LIBCMTD:cvt.obj
 0002:00000f70       ??_C@_1BC@DCPPLJL@?$AA_?$AAc?$AAf?$AAt?$AAo?$AAf?$AA_?$AAl?$AA?$AA@ 0000000140029f70     LIBCMTD:cvt.obj
 0002:00000f88       ??_C@_1BC@MPIFPLAF@?$AA_?$AAc?$AAf?$AAt?$AAo?$AAg?$AA_?$AAl?$AA?$AA@ 0000000140029f88     LIBCMTD:cvt.obj
 0002:00000fa0       __real@0000000000000000    0000000140029fa0     LIBCMTD:cvt.obj
 0002:00000fb0       _XcptActTab                0000000140029fb0     LIBCMTD:winxfltr.obj
 0002:00001070       _XcptActTabCount           000000014002a070     LIBCMTD:winxfltr.obj
 0002:00001074       _XcptActTabSize            000000014002a074     LIBCMTD:winxfltr.obj
 0002:00001078       _First_FPE_Indx            000000014002a078     LIBCMTD:winxfltr.obj
 0002:0000107c       _Num_FPE                   000000014002a07c     LIBCMTD:winxfltr.obj
 0002:00001080       ??_C@_0CM@KPPOKOAI@f?3?2dd?2vctools?2crt?2crtw32?2startup@ 000000014002a080     LIBCMTD:tidtable.obj
 0002:000010b0       ??_C@_1BI@BGOHAHKC@?$AAm?$AAs?$AAc?$AAo?$AAr?$AAe?$AAe?$AA?4?$AAd?$AAl?$AAl?$AA?$AA@ 000000014002a0b0     LIBCMTD:crt0dat.obj
 0002:000010c8       ??_C@_0P@MIGLKIOC@CorExitProcess?$AA@ 000000014002a0c8     LIBCMTD:crt0dat.obj
 0002:000010d8       ??_C@_0CI@BIOGDJKL@f?3?2dd?2vctools?2crt?2crtw32?2lowio?2i@ 000000014002a0d8     LIBCMTD:ioinit.obj
 0002:00001100       ??_C@_0CL@OBKFGCKK@f?3?2dd?2vctools?2crt?2crtw32?2startup@ 000000014002a100     LIBCMTD:stdargv.obj
 0002:00001130       ??_C@_0CL@BJBFGFLH@f?3?2dd?2vctools?2crt?2crtw32?2startup@ 000000014002a130     LIBCMTD:stdenvp.obj
 0002:00001160       ??_C@_1FG@MHBLOJIO@?$AAf?$AA?3?$AA?2?$AAd?$AAd?$AA?2?$AAv?$AAc?$AAt?$AAo?$AAo?$AAl?$AAs?$AA?2?$AAc?$AAr?$AAt?$AA?2?$AAc?$AAr?$AAt?$AAw?$AA3?$AA2?$AA?2?$AAs?$AAt?$AAa?$AAr?$AAt?$AAu?$AAp@ 000000014002a160     LIBCMTD:stdenvp.obj
 0002:000011b8       ??_C@_1BC@GHMCNHHL@?$AA_?$AAs?$AAe?$AAt?$AAe?$AAn?$AAv?$AAp?$AA?$AA@ 000000014002a1b8     LIBCMTD:stdenvp.obj
 0002:000011d0       ??_C@_1DE@MMOGFGHF@?$AAs?$AAt?$AAr?$AAc?$AAp?$AAy?$AA_?$AAs?$AA?$CI?$AA?$CK?$AAe?$AAn?$AAv?$AA?0?$AA?5?$AAc?$AAc?$AAh?$AAa?$AAr?$AAs?$AA?0?$AA?5?$AAp?$AA?$CJ?$AA?$AA@ 000000014002a1d0     LIBCMTD:stdenvp.obj
 0002:00001380       ??_C@_1FK@PGACCAFB@?$AAR?$AA6?$AA0?$AA0?$AA2?$AA?$AN?$AA?6?$AA?9?$AA?5?$AAf?$AAl?$AAo?$AAa?$AAt?$AAi?$AAn?$AAg?$AA?5?$AAp?$AAo?$AAi?$AAn?$AAt?$AA?5?$AAs?$AAu?$AAp?$AAp?$AAo?$AAr?$AAt?$AA?5@ 000000014002a380     LIBCMTD:crt0msg.obj
 0002:000013e0       ??_C@_1FE@LLNEDJMD@?$AAR?$AA6?$AA0?$AA0?$AA8?$AA?$AN?$AA?6?$AA?9?$AA?5?$AAn?$AAo?$AAt?$AA?5?$AAe?$AAn?$AAo?$AAu?$AAg?$AAh?$AA?5?$AAs?$AAp?$AAa?$AAc?$AAe?$AA?5?$AAf?$AAo?$AAr?$AA?5?$AAa?$AAr@ 000000014002a3e0     LIBCMTD:crt0msg.obj
 0002:00001440       ??_C@_1FI@HONFMGBI@?$AAR?$AA6?$AA0?$AA0?$AA9?$AA?$AN?$AA?6?$AA?9?$AA?5?$AAn?$AAo?$AAt?$AA?5?$AAe?$AAn?$AAo?$AAu?$AAg?$AAh?$AA?5?$AAs?$AAp?$AAa?$AAc?$AAe?$AA?5?$AAf?$AAo?$AAr?$AA?5?$AAe?$AAn@ 000000014002a440     LIBCMTD:crt0msg.obj
 0002:000014a0       ??_C@_1EG@BEHAGFJD@?$AAR?$AA6?$AA0?$AA1?$AA0?$AA?$AN?$AA?6?$AA?9?$AA?5?$AAa?$AAb?$AAo?$AAr?$AAt?$AA?$CI?$AA?$CJ?$AA?5?$AAh?$AAa?$AAs?$AA?5?$AAb?$AAe?$AAe?$AAn?$AA?5?$AAc?$AAa?$AAl?$AAl?$AAe?$AAd@ 000000014002a4a0     LIBCMTD:crt0msg.obj
 0002:000014f0       ??_C@_1FI@LOGNIKDM@?$AAR?$AA6?$AA0?$AA1?$AA6?$AA?$AN?$AA?6?$AA?9?$AA?5?$AAn?$AAo?$AAt?$AA?5?$AAe?$AAn?$AAo?$AAu?$AAg?$AAh?$AA?5?$AAs?$AAp?$AAa?$AAc?$AAe?$AA?5?$AAf?$AAo?$AAr?$AA?5?$AAt?$AAh@ 000000014002a4f0     LIBCMTD:crt0msg.obj
 0002:00001550       ??_C@_1FK@BEOGODMC@?$AAR?$AA6?$AA0?$AA1?$AA7?$AA?$AN?$AA?6?$AA?9?$AA?5?$AAu?$AAn?$AAe?$AAx?$AAp?$AAe?$AAc?$AAt?$AAe?$AAd?$AA?5?$AAm?$AAu?$AAl?$AAt?$AAi?$AAt?$AAh?$AAr?$AAe?$AAa?$AAd?$AA?5@ 000000014002a550     LIBCMTD:crt0msg.obj
 0002:000015b0       ??_C@_1EC@JIBHAOPH@?$AAR?$AA6?$AA0?$AA1?$AA8?$AA?$AN?$AA?6?$AA?9?$AA?5?$AAu?$AAn?$AAe?$AAx?$AAp?$AAe?$AAc?$AAt?$AAe?$AAd?$AA?5?$AAh?$AAe?$AAa?$AAp?$AA?5?$AAe?$AAr?$AAr?$AAo?$AAr?$AA?$AN?$AA?6@ 000000014002a5b0     LIBCMTD:crt0msg.obj
 0002:00001600       ??_C@_1FC@ECHBIFBC@?$AAR?$AA6?$AA0?$AA1?$AA9?$AA?$AN?$AA?6?$AA?9?$AA?5?$AAu?$AAn?$AAa?$AAb?$AAl?$AAe?$AA?5?$AAt?$AAo?$AA?5?$AAo?$AAp?$AAe?$AAn?$AA?5?$AAc?$AAo?$AAn?$AAs?$AAo?$AAl?$AAe?$AA?5@ 000000014002a600     LIBCMTD:crt0msg.obj
 0002:00001660       ??_C@_1GK@FHCKBEFA@?$AAR?$AA6?$AA0?$AA2?$AA4?$AA?$AN?$AA?6?$AA?9?$AA?5?$AAn?$AAo?$AAt?$AA?5?$AAe?$AAn?$AAo?$AAu?$AAg?$AAh?$AA?5?$AAs?$AAp?$AAa?$AAc?$AAe?$AA?5?$AAf?$AAo?$AAr?$AA?5?$AA_?$AAo@ 000000014002a660     LIBCMTD:crt0msg.obj
 0002:000016d0       ??_C@_1EM@MAADIHMB@?$AAR?$AA6?$AA0?$AA2?$AA5?$AA?$AN?$AA?6?$AA?9?$AA?5?$AAp?$AAu?$AAr?$AAe?$AA?5?$AAv?$AAi?$AAr?$AAt?$AAu?$AAa?$AAl?$AA?5?$AAf?$AAu?$AAn?$AAc?$AAt?$AAi?$AAo?$AAn?$AA?5?$AAc@ 000000014002a6d0     LIBCMTD:crt0msg.obj
 0002:00001720       ??_C@_1GK@MCAAGJMO@?$AAR?$AA6?$AA0?$AA2?$AA6?$AA?$AN?$AA?6?$AA?9?$AA?5?$AAn?$AAo?$AAt?$AA?5?$AAe?$AAn?$AAo?$AAu?$AAg?$AAh?$AA?5?$AAs?$AAp?$AAa?$AAc?$AAe?$AA?5?$AAf?$AAo?$AAr?$AA?5?$AAs?$AAt@ 000000014002a720     LIBCMTD:crt0msg.obj
 0002:00001790       ??_C@_1GK@MFGOKLAG@?$AAR?$AA6?$AA0?$AA2?$AA7?$AA?$AN?$AA?6?$AA?9?$AA?5?$AAn?$AAo?$AAt?$AA?5?$AAe?$AAn?$AAo?$AAu?$AAg?$AAh?$AA?5?$AAs?$AAp?$AAa?$AAc?$AAe?$AA?5?$AAf?$AAo?$AAr?$AA?5?$AAl?$AAo@ 000000014002a790     LIBCMTD:crt0msg.obj
 0002:00001800       ??_C@_1EK@HHFLMAOL@?$AAR?$AA6?$AA0?$AA2?$AA8?$AA?$AN?$AA?6?$AA?9?$AA?5?$AAu?$AAn?$AAa?$AAb?$AAl?$AAe?$AA?5?$AAt?$AAo?$AA?5?$AAi?$AAn?$AAi?$AAt?$AAi?$AAa?$AAl?$AAi?$AAz?$AAe?$AA?5?$AAh?$AAe@ 000000014002a800     LIBCMTD:crt0msg.obj
 0002:00001850       ??_C@_1DO@BMFCDCD@?$AAR?$AA6?$AA0?$AA3?$AA0?$AA?$AN?$AA?6?$AA?9?$AA?5?$AAC?$AAR?$AAT?$AA?5?$AAn?$AAo?$AAt?$AA?5?$AAi?$AAn?$AAi?$AAt?$AAi?$AAa?$AAl?$AAi?$AAz?$AAe?$AAd?$AA?$AN?$AA?6?$AA?$AA@ 000000014002a850     LIBCMTD:crt0msg.obj
 0002:00001890       ??_C@_1MG@ENCOOIDF@?$AAR?$AA6?$AA0?$AA3?$AA1?$AA?$AN?$AA?6?$AA?9?$AA?5?$AAA?$AAt?$AAt?$AAe?$AAm?$AAp?$AAt?$AA?5?$AAt?$AAo?$AA?5?$AAi?$AAn?$AAi?$AAt?$AAi?$AAa?$AAl?$AAi?$AAz?$AAe?$AA?5?$AAt@ 000000014002a890     LIBCMTD:crt0msg.obj
 0002:00001960       ??_C@_1GG@GOPILAJP@?$AAR?$AA6?$AA0?$AA3?$AA2?$AA?$AN?$AA?6?$AA?9?$AA?5?$AAn?$AAo?$AAt?$AA?5?$AAe?$AAn?$AAo?$AAu?$AAg?$AAh?$AA?5?$AAs?$AAp?$AAa?$AAc?$AAe?$AA?5?$AAf?$AAo?$AAr?$AA?5?$AAl?$AAo@ 000000014002a960     LIBCMTD:crt0msg.obj
 0002:000019d0       ??_C@_1BOO@KGEDBGAJ@?$AAR?$AA6?$AA0?$AA3?$AA3?$AA?$AN?$AA?6?$AA?9?$AA?5?$AAA?$AAt?$AAt?$AAe?$AAm?$AAp?$AAt?$AA?5?$AAt?$AAo?$AA?5?$AAu?$AAs?$AAe?$AA?5?$AAM?$AAS?$AAI?$AAL?$AA?5?$AAc?$AAo?$AAd@ 000000014002a9d0     LIBCMTD:crt0msg.obj
 0002:00001bc0       ??_C@_1GG@MKFPEKFO@?$AAR?$AA6?$AA0?$AA3?$AA4?$AA?$AN?$AA?6?$AA?9?$AA?5?$AAi?$AAn?$AAc?$AAo?$AAn?$AAs?$AAi?$AAs?$AAt?$AAe?$AAn?$AAt?$AA?5?$AAo?$AAn?$AAe?$AAx?$AAi?$AAt?$AA?5?$AAb?$AAe?$AAg@ 000000014002abc0     LIBCMTD:crt0msg.obj
 0002:00001c28       ??_C@_1BO@BFCDCGC@?$AAD?$AAO?$AAM?$AAA?$AAI?$AAN?$AA?5?$AAe?$AAr?$AAr?$AAo?$AAr?$AA?$AN?$AA?6?$AA?$AA@ 000000014002ac28     LIBCMTD:crt0msg.obj
 0002:00001c48       ??_C@_1BK@KMOMNAAI@?$AAS?$AAI?$AAN?$AAG?$AA?5?$AAe?$AAr?$AAr?$AAo?$AAr?$AA?$AN?$AA?6?$AA?$AA@ 000000014002ac48     LIBCMTD:crt0msg.obj
 0002:00001c68       ??_C@_1BM@JBBEPPHI@?$AAT?$AAL?$AAO?$AAS?$AAS?$AA?5?$AAe?$AAr?$AAr?$AAo?$AAr?$AA?$AN?$AA?6?$AA?$AA@ 000000014002ac68     LIBCMTD:crt0msg.obj
 0002:00001c84       ??_C@_15JNBOKNOG@?$AA?$AN?$AA?6?$AA?$AA@ 000000014002ac84     LIBCMTD:crt0msg.obj
 0002:00001c90       ??_C@_1BO@BKOMIGKJ@?$AAr?$AAu?$AAn?$AAt?$AAi?$AAm?$AAe?$AA?5?$AAe?$AAr?$AAr?$AAo?$AAr?$AA?5?$AA?$AA@ 000000014002ac90     LIBCMTD:crt0msg.obj
 0002:00001cb0       ??_C@_1FG@ILOHEEMG@?$AAf?$AA?3?$AA?2?$AAd?$AAd?$AA?2?$AAv?$AAc?$AAt?$AAo?$AAo?$AAl?$AAs?$AA?2?$AAc?$AAr?$AAt?$AA?2?$AAc?$AAr?$AAt?$AAw?$AA3?$AA2?$AA?2?$AAs?$AAt?$AAa?$AAr?$AAt?$AAu?$AAp@ 000000014002acb0     LIBCMTD:crt0msg.obj
 0002:00001d08       ??_C@_1BI@EAHMBMEC@?$AA_?$AAN?$AAM?$AAS?$AAG?$AA_?$AAW?$AAR?$AAI?$AAT?$AAE?$AA?$AA@ 000000014002ad08     LIBCMTD:crt0msg.obj
 0002:00001d20       ??_C@_1KO@BKLCKNFL@?$AAw?$AAc?$AAs?$AAc?$AAp?$AAy?$AA_?$AAs?$AA?$CI?$AAo?$AAu?$AAt?$AAm?$AAs?$AAg?$AA?0?$AA?5?$AA?$CI?$AAs?$AAi?$AAz?$AAe?$AAo?$AAf?$AA?$CI?$AAo?$AAu?$AAt?$AAm?$AAs?$AAg?$AA?$CJ@ 000000014002ad20     LIBCMTD:crt0msg.obj
 0002:00001dd0       ??_C@_1DE@JNGNBFGO@?$AAR?$AAu?$AAn?$AAt?$AAi?$AAm?$AAe?$AA?5?$AAE?$AAr?$AAr?$AAo?$AAr?$AA?$CB?$AA?6?$AA?6?$AAP?$AAr?$AAo?$AAg?$AAr?$AAa?$AAm?$AA?3?$AA?5?$AA?$AA@ 000000014002add0     LIBCMTD:crt0msg.obj
 0002:00001e10       ??_C@_1HK@FJJNAABO@?$AAw?$AAc?$AAs?$AAc?$AAp?$AAy?$AA_?$AAs?$AA?$CI?$AAp?$AAr?$AAo?$AAg?$AAn?$AAa?$AAm?$AAe?$AA?0?$AA?5?$AAp?$AAr?$AAo?$AAg?$AAn?$AAa?$AAm?$AAe?$AA_?$AAs?$AAi?$AAz?$AAe@ 000000014002ae10     LIBCMTD:crt0msg.obj
 0002:00001e90       ??_C@_1CO@EAEJAADC@?$AA?$DM?$AAp?$AAr?$AAo?$AAg?$AAr?$AAa?$AAm?$AA?5?$AAn?$AAa?$AAm?$AAe?$AA?5?$AAu?$AAn?$AAk?$AAn?$AAo?$AAw?$AAn?$AA?$DO?$AA?$AA@ 000000014002ae90     LIBCMTD:crt0msg.obj
 0002:00001ec0       ??_C@_1HI@FLHKGEBE@?$AAw?$AAc?$AAs?$AAn?$AAc?$AAp?$AAy?$AA_?$AAs?$AA?$CI?$AAp?$AAc?$AAh?$AA?0?$AA?5?$AAp?$AAr?$AAo?$AAg?$AAn?$AAa?$AAm?$AAe?$AA_?$AAs?$AAi?$AAz?$AAe?$AA?5?$AA?9?$AA?5?$AA?$CI@ 000000014002aec0     LIBCMTD:crt0msg.obj
 0002:00001f38       ??_C@_17LGKOMLJ@?$AA?4?$AA?4?$AA?4?$AA?$AA@ 000000014002af38     LIBCMTD:crt0msg.obj
 0002:00001f40       ??_C@_1IA@DCJGKHFO@?$AAw?$AAc?$AAs?$AAc?$AAa?$AAt?$AA_?$AAs?$AA?$CI?$AAo?$AAu?$AAt?$AAm?$AAs?$AAg?$AA?0?$AA?5?$AA?$CI?$AAs?$AAi?$AAz?$AAe?$AAo?$AAf?$AA?$CI?$AAo?$AAu?$AAt?$AAm?$AAs?$AAg?$AA?$CJ@ 000000014002af40     LIBCMTD:crt0msg.obj
 0002:00001fc0       ??_C@_15IABLJNFO@?$AA?6?$AA?6?$AA?$AA@ 000000014002afc0     LIBCMTD:crt0msg.obj
 0002:00001fd0       ??_C@_1IG@NMONDPP@?$AAw?$AAc?$AAs?$AAc?$AAa?$AAt?$AA_?$AAs?$AA?$CI?$AAo?$AAu?$AAt?$AAm?$AAs?$AAg?$AA?0?$AA?5?$AA?$CI?$AAs?$AAi?$AAz?$AAe?$AAo?$AAf?$AA?$CI?$AAo?$AAu?$AAt?$AAm?$AAs?$AAg?$AA?$CJ@ 000000014002afd0     LIBCMTD:crt0msg.obj
 0002:00002060       ??_C@_1EK@MBDPDCGA@?$AAM?$AAi?$AAc?$AAr?$AAo?$AAs?$AAo?$AAf?$AAt?$AA?5?$AAV?$AAi?$AAs?$AAu?$AAa?$AAl?$AA?5?$AAC?$AA?$CL?$AA?$CL?$AA?5?$AAR?$AAu?$AAn?$AAt?$AAi?$AAm?$AAe?$AA?5?$AAL?$AAi?$AAb@ 000000014002b060     LIBCMTD:crt0msg.obj
 0002:000020b0       ??_C@_1DE@BCNCAIK@?$AA?$CI?$AA?$CC?$AAI?$AAn?$AAv?$AAa?$AAl?$AAi?$AAd?$AA?5?$AAe?$AAr?$AAr?$AAo?$AAr?$AA_?$AAm?$AAo?$AAd?$AAe?$AA?$CC?$AA?0?$AA?5?$AA0?$AA?$CJ?$AA?$AA@ 000000014002b0b0     LIBCMTD:errmode.obj
 0002:000020f0       ??_C@_1FA@PBBGNIFD@?$AAf?$AA?3?$AA?2?$AAd?$AAd?$AA?2?$AAv?$AAc?$AAt?$AAo?$AAo?$AAl?$AAs?$AA?2?$AAc?$AAr?$AAt?$AA?2?$AAc?$AAr?$AAt?$AAw?$AA3?$AA2?$AA?2?$AAm?$AAi?$AAs?$AAc?$AA?2?$AAe?$AAr@ 000000014002b0f0     LIBCMTD:errmode.obj
 0002:00002140       ??_C@_1CA@LFDHAMEM@?$AA_?$AAs?$AAe?$AAt?$AA_?$AAe?$AAr?$AAr?$AAo?$AAr?$AA_?$AAm?$AAo?$AAd?$AAe?$AA?$AA@ 000000014002b140     LIBCMTD:errmode.obj
 0002:00002188       ??_C@_04HJMOFLDF@Free?$AA@ 000000014002b188     LIBCMTD:dbgheap.obj
 0002:00002190       ??_C@_06EFAGIKOH@Normal?$AA@ 000000014002b190     LIBCMTD:dbgheap.obj
 0002:00002198       ??_C@_03OGPFLFLO@CRT?$AA@  000000014002b198     LIBCMTD:dbgheap.obj
 0002:0000219c       ??_C@_06KMEJCCGM@Ignore?$AA@ 000000014002b19c     LIBCMTD:dbgheap.obj
 0002:000021a4       ??_C@_06PJIGMIJB@Client?$AA@ 000000014002b1a4     LIBCMTD:dbgheap.obj
 0002:000021b0       ??_C@_1CE@LJFEPPMP@?$AA_?$AAC?$AAr?$AAt?$AAC?$AAh?$AAe?$AAc?$AAk?$AAM?$AAe?$AAm?$AAo?$AAr?$AAy?$AA?$CI?$AA?$CJ?$AA?$AA@ 000000014002b1b0     LIBCMTD:dbgheap.obj
 0002:000021e0       ??_C@_1FA@JKEKCOIC@?$AAf?$AA?3?$AA?2?$AAd?$AAd?$AA?2?$AAv?$AAc?$AAt?$AAo?$AAo?$AAl?$AAs?$AA?2?$AAc?$AAr?$AAt?$AA?2?$AAc?$AAr?$AAt?$AAw?$AA3?$AA2?$AA?2?$AAm?$AAi?$AAs?$AAc?$AA?2?$AAd?$AAb@ 000000014002b1e0     LIBCMTD:dbgheap.obj
 0002:00002230       ??_C@_0DF@BBEGIFEK@Client?5hook?5allocation?5failure?5a@ 000000014002b230     LIBCMTD:dbgheap.obj
 0002:00002268       ??_C@_0CB@CCLOLAHO@Client?5hook?5allocation?5failure?4?6@ 000000014002b268     LIBCMTD:dbgheap.obj
 0002:0000228c       ??_C@_02DKCKIIND@?$CFs?$AA@ 000000014002b28c     LIBCMTD:dbgheap.obj
 0002:00002290       ??_C@_0CF@BICKFLAF@Invalid?5allocation?5size?3?5?$CFIu?5byt@ 000000014002b290     LIBCMTD:dbgheap.obj
 0002:000022b8       ??_C@_0DC@JEMAGEKG@Error?3?5memory?5allocation?3?5bad?5me@ 000000014002b2b8     LIBCMTD:dbgheap.obj
 0002:000022f0       ??_C@_0DI@KKJPDPGM@Client?5hook?5re?9allocation?5failur@ 000000014002b2f0     LIBCMTD:dbgheap.obj
 0002:00002328       ??_C@_0CE@DOFMDOL@Client?5hook?5re?9allocation?5failur@ 000000014002b328     LIBCMTD:dbgheap.obj
 0002:00002350       ??_C@_0ED@GPCPBAGP@Invalid?5allocation?5size?3?5?$CFIu?5byt@ 000000014002b350     LIBCMTD:dbgheap.obj
 0002:000023a0       ??_C@_0FA@EFEIGJKG@Error?3?5memory?5allocation?3?5bad?5me@ 000000014002b3a0     LIBCMTD:dbgheap.obj
 0002:000023f0       ??_C@_0EM@LGFLMAGJ@The?5Block?5at?50x?$CFp?5was?5allocated?5@ 000000014002b3f0     LIBCMTD:dbgheap.obj
 0002:00002440       ??_C@_1EE@GFOPCECE@?$AA_?$AAC?$AAr?$AAt?$AAI?$AAs?$AAV?$AAa?$AAl?$AAi?$AAd?$AAH?$AAe?$AAa?$AAp?$AAP?$AAo?$AAi?$AAn?$AAt?$AAe?$AAr?$AA?$CI?$AAp?$AAU?$AAs?$AAe?$AAr?$AAD?$AAa?$AAt?$AAa@ 000000014002b440     LIBCMTD:dbgheap.obj
 0002:00002490       ??_C@_1IK@DCPKDGNH@?$AAp?$AAO?$AAl?$AAd?$AAB?$AAl?$AAo?$AAc?$AAk?$AA?9?$AA?$DO?$AAn?$AAL?$AAi?$AAn?$AAe?$AA?5?$AA?$DN?$AA?$DN?$AA?5?$AAI?$AAG?$AAN?$AAO?$AAR?$AAE?$AA_?$AAL?$AAI?$AAN?$AAE?$AA?5@ 000000014002b490     LIBCMTD:dbgheap.obj
 0002:00002520       ??_C@_0DA@HFBKENN@Error?3?5possible?5heap?5corruption?5@ 000000014002b520     LIBCMTD:dbgheap.obj
 0002:00002550       ??_C@_1GE@PCKLOLAO@?$AAf?$AAR?$AAe?$AAa?$AAl?$AAl?$AAo?$AAc?$AA?5?$AA?$HM?$AA?$HM?$AA?5?$AA?$CI?$AA?$CB?$AAf?$AAR?$AAe?$AAa?$AAl?$AAl?$AAo?$AAc?$AA?5?$AA?$CG?$AA?$CG?$AA?5?$AAp?$AAN?$AAe?$AAw?$AAB?$AAl@ 000000014002b550     LIBCMTD:dbgheap.obj
 0002:000025b8       ??_C@_1DC@GEFKNOOL@?$AA_?$AAp?$AAL?$AAa?$AAs?$AAt?$AAB?$AAl?$AAo?$AAc?$AAk?$AA?5?$AA?$DN?$AA?$DN?$AA?5?$AAp?$AAO?$AAl?$AAd?$AAB?$AAl?$AAo?$AAc?$AAk?$AA?$AA@ 000000014002b5b8     LIBCMTD:dbgheap.obj
 0002:000025f0       ??_C@_1DE@KOOKLFBB@?$AA_?$AAp?$AAF?$AAi?$AAr?$AAs?$AAt?$AAB?$AAl?$AAo?$AAc?$AAk?$AA?5?$AA?$DN?$AA?$DN?$AA?5?$AAp?$AAO?$AAl?$AAd?$AAB?$AAl?$AAo?$AAc?$AAk?$AA?$AA@ 000000014002b5f0     LIBCMTD:dbgheap.obj
 0002:00002628       ??_C@_1CE@CJACEFBA@?$AAp?$AAU?$AAs?$AAe?$AAr?$AAD?$AAa?$AAt?$AAa?$AA?5?$AA?$CB?$AA?$DN?$AA?5?$AAN?$AAU?$AAL?$AAL?$AA?$AA@ 000000014002b628     LIBCMTD:dbgheap.obj
 0002:00002650       ??_C@_0EJ@HEIBCIMJ@The?5Block?5at?50x?$CFp?5was?5allocated?5@ 000000014002b650     LIBCMTD:dbgheap.obj
 0002:000026a0       ??_C@_0BL@KEIPLFAC@Client?5hook?5free?5failure?4?6?$AA@ 000000014002b6a0     LIBCMTD:dbgheap.obj
 0002:000026c0       ??_C@_1EO@LHDAJOCM@?$AA_?$AAB?$AAL?$AAO?$AAC?$AAK?$AA_?$AAT?$AAY?$AAP?$AAE?$AA_?$AAI?$AAS?$AA_?$AAV?$AAA?$AAL?$AAI?$AAD?$AA?$CI?$AAp?$AAH?$AAe?$AAa?$AAd?$AA?9?$AA?$DO?$AAn?$AAB?$AAl?$AAo@ 000000014002b6c0     LIBCMTD:dbgheap.obj
 0002:00002710       ??_C@_0KI@JGFOHMEB@HEAP?5CORRUPTION?5DETECTED?3?5before@ 000000014002b710     LIBCMTD:dbgheap.obj
 0002:000027c0       ??_C@_0IK@PJCGLBOB@HEAP?5CORRUPTION?5DETECTED?3?5before@ 000000014002b7c0     LIBCMTD:dbgheap.obj
 0002:00002850       ??_C@_0KE@MBMNHHHN@HEAP?5CORRUPTION?5DETECTED?3?5after?5@ 000000014002b850     LIBCMTD:dbgheap.obj
 0002:00002900       ??_C@_0IG@LEMBDCJK@HEAP?5CORRUPTION?5DETECTED?3?5after?5@ 000000014002b900     LIBCMTD:dbgheap.obj
 0002:00002990       ??_C@_1HK@HPCBMDFG@?$AAp?$AAH?$AAe?$AAa?$AAd?$AA?9?$AA?$DO?$AAn?$AAL?$AAi?$AAn?$AAe?$AA?5?$AA?$DN?$AA?$DN?$AA?5?$AAI?$AAG?$AAN?$AAO?$AAR?$AAE?$AA_?$AAL?$AAI?$AAN?$AAE?$AA?5?$AA?$CG?$AA?$CG?$AA?5?$AAp@ 000000014002b990     LIBCMTD:dbgheap.obj
 0002:00002a10       ??_C@_1DM@ODCJIDCP@?$AAp?$AAH?$AAe?$AAa?$AAd?$AA?9?$AA?$DO?$AAn?$AAB?$AAl?$AAo?$AAc?$AAk?$AAU?$AAs?$AAe?$AA?5?$AA?$DN?$AA?$DN?$AA?5?$AAn?$AAB?$AAl?$AAo?$AAc?$AAk?$AAU?$AAs?$AAe?$AA?$AA@ 000000014002ba10     LIBCMTD:dbgheap.obj
 0002:00002a50       ??_C@_1CK@DMAGEMBG@?$AA_?$AAp?$AAL?$AAa?$AAs?$AAt?$AAB?$AAl?$AAo?$AAc?$AAk?$AA?5?$AA?$DN?$AA?$DN?$AA?5?$AAp?$AAH?$AAe?$AAa?$AAd?$AA?$AA@ 000000014002ba50     LIBCMTD:dbgheap.obj
 0002:00002a80       ??_C@_1CM@MMAADDMD@?$AA_?$AAp?$AAF?$AAi?$AAr?$AAs?$AAt?$AAB?$AAl?$AAo?$AAc?$AAk?$AA?5?$AA?$DN?$AA?$DN?$AA?5?$AAp?$AAH?$AAe?$AAa?$AAd?$AA?$AA@ 000000014002ba80     LIBCMTD:dbgheap.obj
 0002:00002ab0       ??_C@_1BG@MBKOGDLD@?$AA_?$AAm?$AAs?$AAi?$AAz?$AAe?$AA_?$AAd?$AAb?$AAg?$AA?$AA@ 000000014002bab0     LIBCMTD:dbgheap.obj
 0002:00002ac8       ??_C@_0CE@MKKHMBMK@_heapchk?5fails?5with?5_HEAPBADBEGI@ 000000014002bac8     LIBCMTD:dbgheap.obj
 0002:00002af0       ??_C@_0CD@CPKEAPBD@_heapchk?5fails?5with?5_HEAPBADNODE@ 000000014002baf0     LIBCMTD:dbgheap.obj
 0002:00002b18       ??_C@_0CC@MJGLGBDG@_heapchk?5fails?5with?5_HEAPBADEND?4@ 000000014002bb18     LIBCMTD:dbgheap.obj
 0002:00002b40       ??_C@_0CC@MFFCHFHO@_heapchk?5fails?5with?5_HEAPBADPTR?4@ 000000014002bb40     LIBCMTD:dbgheap.obj
 0002:00002b68       ??_C@_0CL@HNNNMKMJ@_heapchk?5fails?5with?5unknown?5retu@ 000000014002bb68     LIBCMTD:dbgheap.obj
 0002:00002b98       ??_C@_07OHKEFPKJ@DAMAGED?$AA@ 000000014002bb98     LIBCMTD:dbgheap.obj
 0002:00002ba0       ??_C@_0KA@IHNJJKPL@HEAP?5CORRUPTION?5DETECTED?3?5on?5top@ 000000014002bba0     LIBCMTD:dbgheap.obj
 0002:00002c40       ??_C@_0IC@BBJIOOJH@HEAP?5CORRUPTION?5DETECTED?3?5on?5top@ 000000014002bc40     LIBCMTD:dbgheap.obj
 0002:00002cd0       ??_C@_0EG@DGJMPDBH@?$CFhs?5located?5at?50x?$CFp?5is?5?$CFIu?5bytes@ 000000014002bcd0     LIBCMTD:dbgheap.obj
 0002:00002d18       ??_C@_0CI@JMLBEDHJ@?$CFhs?5located?5at?50x?$CFp?5is?5?$CFIu?5bytes@ 000000014002bd18     LIBCMTD:dbgheap.obj
 0002:00002d40       ??_C@_1BHO@NNANJNF@?$AA?$CI?$AAf?$AAN?$AAe?$AAw?$AAB?$AAi?$AAt?$AAs?$AA?$DN?$AA?$DN?$AA_?$AAC?$AAR?$AAT?$AAD?$AAB?$AAG?$AA_?$AAR?$AAE?$AAP?$AAO?$AAR?$AAT?$AA_?$AAF?$AAL?$AAA?$AAG?$AA?$CJ?$AA?5@ 000000014002bd40     LIBCMTD:dbgheap.obj
 0002:00002ec0       ??_C@_1BO@GJFDNMNF@?$AA_?$AAC?$AAr?$AAt?$AAS?$AAe?$AAt?$AAD?$AAb?$AAg?$AAF?$AAl?$AAa?$AAg?$AA?$AA@ 000000014002bec0     LIBCMTD:dbgheap.obj
 0002:00002ee0       ??_C@_1BM@MIMANDHC@?$AAs?$AAt?$AAa?$AAt?$AAe?$AA?5?$AA?$CB?$AA?$DN?$AA?5?$AAN?$AAU?$AAL?$AAL?$AA?$AA@ 000000014002bee0     LIBCMTD:dbgheap.obj
 0002:00002f00       ??_C@_1CE@NJJKELF@?$AA_?$AAC?$AAr?$AAt?$AAM?$AAe?$AAm?$AAC?$AAh?$AAe?$AAc?$AAk?$AAp?$AAo?$AAi?$AAn?$AAt?$AA?$AA@ 000000014002bf00     LIBCMTD:dbgheap.obj
 0002:00002f28       ??_C@_0DP@LEFMFBOD@Bad?5memory?5block?5found?5at?50x?$CFp?4?6@ 000000014002bf28     LIBCMTD:dbgheap.obj
 0002:00002f68       ??_C@_0CB@EAAIGELO@Bad?5memory?5block?5found?5at?50x?$CFp?4?6@ 000000014002bf68     LIBCMTD:dbgheap.obj
 0002:00002f8c       ??_C@_05MKKEDADM@?$CF?42X?5?$AA@ 000000014002bf8c     LIBCMTD:dbgheap.obj
 0002:00002f98       ??_C@_1CG@LPFIACGM@?$AA_?$AAp?$AAr?$AAi?$AAn?$AAt?$AAM?$AAe?$AAm?$AAB?$AAl?$AAo?$AAc?$AAk?$AAD?$AAa?$AAt?$AAa?$AA?$AA@ 000000014002bf98     LIBCMTD:dbgheap.obj
 0002:00002fc0       ??_C@_1BI@KALLJECN@?$AA?$CI?$AA?$CK?$AA_?$AAe?$AAr?$AAr?$AAn?$AAo?$AA?$CI?$AA?$CJ?$AA?$CJ?$AA?$AA@ 000000014002bfc0     LIBCMTD:dbgheap.obj
 0002:00002fd8       ??_C@_0BA@HJBKCELP@?5Data?3?5?$DM?$CFs?$DO?5?$CFs?6?$AA@ 000000014002bfd8     LIBCMTD:dbgheap.obj
 0002:00002fe8       ??_C@_0BE@KCIPKCIA@Dumping?5objects?5?9?$DO?6?$AA@ 000000014002bfe8     LIBCMTD:dbgheap.obj
 0002:00003000       ??_C@_0BE@OIEFNFL@?$CDFile?5Error?$CD?$CI?$CFd?$CJ?5?3?5?$AA@ 000000014002c000     LIBCMTD:dbgheap.obj
 0002:00003018       ??_C@_0L@JMEFFCCJ@?$CFhs?$CI?$CFd?$CJ?5?3?5?$AA@ 000000014002c018     LIBCMTD:dbgheap.obj
 0002:00003024       ??_C@_06PKLGBFGM@?$HL?$CFld?$HN?5?$AA@ 000000014002c024     LIBCMTD:dbgheap.obj
 0002:00003030       ??_C@_0DD@GHNAAKBB@client?5block?5at?50x?$CFp?0?5subtype?5?$CFx@ 000000014002c030     LIBCMTD:dbgheap.obj
 0002:00003068       ??_C@_0CH@FAGDDGPN@normal?5block?5at?50x?$CFp?0?5?$CFIu?5bytes?5@ 000000014002c068     LIBCMTD:dbgheap.obj
 0002:00003090       ??_C@_0DA@MDLBNIBM@crt?5block?5at?50x?$CFp?0?5subtype?5?$CFx?0?5?$CF@ 000000014002c090     LIBCMTD:dbgheap.obj
 0002:000030c0       ??_C@_0BH@GFGKJDCO@Object?5dump?5complete?4?6?$AA@ 000000014002c0c0     LIBCMTD:dbgheap.obj
 0002:000030d8       ??_C@_0BI@JBFPOEJA@Detected?5memory?5leaks?$CB?6?$AA@ 000000014002c0d8     LIBCMTD:dbgheap.obj
 0002:000030f0       ??_C@_0CG@NNNNMKLF@f?3?2dd?2vctools?2crt?2crtw32?2misc?2a_@ 000000014002c0f0     LIBCMTD:a_env.obj
 0002:00003118       ??_C@_1BK@MGMFAEKH@?$AAk?$AAe?$AAr?$AAn?$AAe?$AAl?$AA3?$AA2?$AA?4?$AAd?$AAl?$AAl?$AA?$AA@ 000000014002c118     LIBCMTD:winapisupp.obj
 0002:00003138       ??_C@_08KNHFBNJ@FlsAlloc?$AA@ 000000014002c138     LIBCMTD:winapisupp.obj
 0002:00003148       ??_C@_07PEJMOBNF@FlsFree?$AA@ 000000014002c148     LIBCMTD:winapisupp.obj
 0002:00003150       ??_C@_0M@GDNOONDI@FlsGetValue?$AA@ 000000014002c150     LIBCMTD:winapisupp.obj
 0002:00003160       ??_C@_0M@JCPCPOEF@FlsSetValue?$AA@ 000000014002c160     LIBCMTD:winapisupp.obj
 0002:00003170       ??_C@_0BM@HCFOFFN@InitializeCriticalSectionEx?$AA@ 000000014002c170     LIBCMTD:winapisupp.obj
 0002:00003190       ??_C@_0P@DLHPPCNH@CreateEventExW?$AA@ 000000014002c190     LIBCMTD:winapisupp.obj
 0002:000031a0       ??_C@_0BD@KIEEOEEH@CreateSemaphoreExW?$AA@ 000000014002c1a0     LIBCMTD:winapisupp.obj
 0002:000031b8       ??_C@_0BI@BKLFFAPO@SetThreadStackGuarantee?$AA@ 000000014002c1b8     LIBCMTD:winapisupp.obj
 0002:000031d0       ??_C@_0BG@OGFAJCKC@CreateThreadpoolTimer?$AA@ 000000014002c1d0     LIBCMTD:winapisupp.obj
 0002:000031e8       ??_C@_0BD@LPLEMMDI@SetThreadpoolTimer?$AA@ 000000014002c1e8     LIBCMTD:winapisupp.obj
 0002:00003200       ??_C@_0CA@FMNJENH@WaitForThreadpoolTimerCallbacks?$AA@ 000000014002c200     LIBCMTD:winapisupp.obj
 0002:00003220       ??_C@_0BF@DCFCCNOC@CloseThreadpoolTimer?$AA@ 000000014002c220     LIBCMTD:winapisupp.obj
 0002:00003238       ??_C@_0BF@FLABGKKM@CreateThreadpoolWait?$AA@ 000000014002c238     LIBCMTD:winapisupp.obj
 0002:00003250       ??_C@_0BC@MGCOHNA@SetThreadpoolWait?$AA@ 000000014002c250     LIBCMTD:winapisupp.obj
 0002:00003268       ??_C@_0BE@OCIOMIMP@CloseThreadpoolWait?$AA@ 000000014002c268     LIBCMTD:winapisupp.obj
 0002:00003280       ??_C@_0BJ@LKGHFHBO@FlushProcessWriteBuffers?$AA@ 000000014002c280     LIBCMTD:winapisupp.obj
 0002:000032a0       ??_C@_0BP@KALKKPMO@FreeLibraryWhenCallbackReturns?$AA@ 000000014002c2a0     LIBCMTD:winapisupp.obj
 0002:000032c0       ??_C@_0BK@DFNBACLA@GetCurrentProcessorNumber?$AA@ 000000014002c2c0     LIBCMTD:winapisupp.obj
 0002:000032e0       ??_C@_0BP@KHGALBC@GetLogicalProcessorInformation?$AA@ 000000014002c2e0     LIBCMTD:winapisupp.obj
 0002:00003300       ??_C@_0BE@FKKLLFLM@CreateSymbolicLinkW?$AA@ 000000014002c300     LIBCMTD:winapisupp.obj
 0002:00003318       ??_C@_0BJ@OHNKDLIJ@SetDefaultDllDirectories?$AA@ 000000014002c318     LIBCMTD:winapisupp.obj
 0002:00003338       ??_C@_0BE@LJANKFHF@EnumSystemLocalesEx?$AA@ 000000014002c338     LIBCMTD:winapisupp.obj
 0002:00003350       ??_C@_0BA@IHGNDAEB@CompareStringEx?$AA@ 000000014002c350     LIBCMTD:winapisupp.obj
 0002:00003360       ??_C@_0BA@EPCJIIPD@GetDateFormatEx?$AA@ 000000014002c360     LIBCMTD:winapisupp.obj
[...]
 0004:00000abc       $pdata$?_GetRangeOfTrysToCheck@@YAPEBU_s_TryBlockMapEntry@@PEA_KPEBU_s_FuncInfo@@HHPEAI2PEAU_xDISPATCHER_CONTEXT@@@Z 000000014003babc     LIBCMTD:trnsctrl.obj
 0004:00000ac8       $pdata$?__FrameUnwindToEmptyState@@YAXPEA_KPEAU_xDISPATCHER_CONTEXT@@PEBU_s_FuncInfo@@@Z 000000014003bac8     LIBCMTD:trnsctrl.obj
 0004:00000ad4       $pdata$?__SehTransFilter@@YAHPEAU_EXCEPTION_POINTERS@@PEAUEHExceptionRecord@@PEA_KPEAU_CONTEXT@@PEAU_xDISPATCHER_CONTEXT@@PEBU_s_FuncInfo@@PEAH@Z 000000014003bad4     LIBCMTD:trnsctrl.obj
 0004:00000ae0       $pdata$_CallSETranslator   000000014003bae0     LIBCMTD:trnsctrl.obj
 0004:00000aec       $pdata$_CreateFrameInfo    000000014003baec     LIBCMTD:trnsctrl.obj
 0004:00000af8       $pdata$_FindAndUnlinkFrame 000000014003baf8     LIBCMTD:trnsctrl.obj
 0004:00000b04       $pdata$_GetImageBase       000000014003bb04     LIBCMTD:trnsctrl.obj
 0004:00000b10       $pdata$_GetThrowImageBase  000000014003bb10     LIBCMTD:trnsctrl.obj
 0004:00000b1c       $pdata$_IsExceptionObjectToBeDestroyed 000000014003bb1c     LIBCMTD:trnsctrl.obj
 0004:00000b28       $pdata$_SetImageBase       000000014003bb28     LIBCMTD:trnsctrl.obj
 0004:00000b34       $pdata$_SetThrowImageBase  000000014003bb34     LIBCMTD:trnsctrl.obj
 0004:00000b40       $pdata$_UnwindNestedFrames 000000014003bb40     LIBCMTD:trnsctrl.obj
 0004:00000b4c       $pdata$__CxxFrameHandler3  000000014003bb4c     LIBCMTD:trnsctrl.obj
 0004:00000b58       $pdata$_locterm            000000014003bb58     LIBCMTD:wsetloca.obj
 0004:00000b64       $pdata$_isleadbyte_l       000000014003bb64     LIBCMTD:_wctype.obj
 0004:00000b70       $pdata$isleadbyte          000000014003bb70     LIBCMTD:_wctype.obj
 0004:00000b7c       $pdata$_CopyMan            000000014003bb7c     LIBCMTD:intrncvt.obj
 0004:00000b88       $pdata$_FillZeroMan        000000014003bb88     LIBCMTD:intrncvt.obj
 0004:00000b94       $pdata$_IncMan             000000014003bb94     LIBCMTD:intrncvt.obj
 0004:00000ba0       $pdata$_IsZeroMan          000000014003bba0     LIBCMTD:intrncvt.obj
 0004:00000bac       $pdata$_RoundMan           000000014003bbac     LIBCMTD:intrncvt.obj
 0004:00000bb8       $pdata$_ShrMan             000000014003bbb8     LIBCMTD:intrncvt.obj
 0004:00000bc4       $pdata$_ZeroTail           000000014003bbc4     LIBCMTD:intrncvt.obj
 0004:00000bd0       $pdata$__addl              000000014003bbd0     LIBCMTD:intrncvt.obj
 0004:00000bdc       $pdata$_ld12cvt            000000014003bbdc     LIBCMTD:intrncvt.obj
 0004:00000be8       $pdata$_ld12tod            000000014003bbe8     LIBCMTD:intrncvt.obj
 0004:00000bf4       $pdata$_ld12tof            000000014003bbf4     LIBCMTD:intrncvt.obj
 0004:00000c00       $pdata$__ld12mul           000000014003bc00     LIBCMTD:strgtold.obj
 0004:00000c0c       $pdata$__multtenpow12      000000014003bc0c     LIBCMTD:strgtold.obj
 0004:00000c18       $pdata$__shl_12            000000014003bc18     LIBCMTD:strgtold.obj
 0004:00000c24       $pdata$__shr_12            000000014003bc24     LIBCMTD:strgtold.obj
 0004:00000c30       $pdata$__strgtold12_l      000000014003bc30     LIBCMTD:strgtold.obj
 0004:00000c3c       $pdata$$I10_OUTPUT         000000014003bc3c     LIBCMTD:x10fout.obj
 0004:00000c48       $pdata$__add_12            000000014003bc48     LIBCMTD:x10fout.obj
 0004:00000c54       $pdata$memcpy_s            000000014003bc54     LIBCMTD:memcpy_s.obj
 0004:00000c60       $pdata$_snwprintf_s        000000014003bc60     LIBCMTD:swprintf.obj
 0004:00000c6c       $pdata$_VCrtDbgReportA     000000014003bc6c     LIBCMTD:dbgrptt.obj
 0004:00000c78       $pdata$_VCrtDbgReportW     000000014003bc78     LIBCMTD:dbgrptt.obj
 0004:00000c90       $pdata$abort               000000014003bc90     LIBCMTD:abort.obj
 0004:00000c9c       $pdata$GetTableIndexFromLocaleName 000000014003bc9c     LIBCMTD:winapinls.obj
 0004:00000ca8       $pdata$__crtDownlevelLocaleNameToLCID 000000014003bca8     LIBCMTD:winapinls.obj
 0004:00000cb4       $pdata$__crtLCMapStringEx  000000014003bcb4     LIBCMTD:winapinls.obj
 0004:00000cc0       $pdata$__wcsnicmp_ascii    000000014003bcc0     LIBCMTD:winapinls.obj
 0004:00000ccc       $pdata$_fileno             000000014003bccc     LIBCMTD:fileno.obj
 0004:00000cd8       $pdata$_isatty             000000014003bcd8     LIBCMTD:isatty.obj
 0004:00000ce4       $pdata$_fflush_nolock      000000014003bce4     LIBCMTD:fflush.obj
 0004:00000cf0       $pdata$_flush              000000014003bcf0     LIBCMTD:fflush.obj
 0004:00000cfc       $pdata$_flushall           000000014003bcfc     LIBCMTD:fflush.obj
 0004:00000d08       $pdata$flsall              000000014003bd08     LIBCMTD:fflush.obj
 0004:00000d14       $pdata$_fcloseall          000000014003bd14     LIBCMTD:closeall.obj
 0004:00000d20       $pdata$_flsbuf             000000014003bd20     LIBCMTD:_flsbuf.obj
 0004:00000d2c       $pdata$_vsnprintf_helper   000000014003bd2c     LIBCMTD:vsnprnc.obj
 0004:00000d38       $pdata$_vsnprintf_s        000000014003bd38     LIBCMTD:vsnprnc.obj
 0004:00000d44       $pdata$_vsnprintf_s_l      000000014003bd44     LIBCMTD:vsnprnc.obj
 0004:00000d50       $pdata$_vsprintf_s_l       000000014003bd50     LIBCMTD:vsnprnc.obj
 0004:00000d5c       $pdata$get_int64_arg       000000014003bd5c     LIBCMTD:output.obj
 0004:00000d68       $pdata$get_int_arg         000000014003bd68     LIBCMTD:output.obj
 0004:00000d74       $pdata$get_short_arg       000000014003bd74     LIBCMTD:output.obj
 0004:00000d80       $pdata$free                000000014003bd80     LIBCMTD:dbgfree.obj
 0004:00000d8c       $pdata$malloc              000000014003bd8c     LIBCMTD:dbgmalloc.obj
 0004:00000d98       $pdata$__DestructExceptionObject 000000014003bd98     LIBCMTD:frame.obj
 0004:00000da4       $pdata$??0bad_exception@std@@QEAA@AEBV01@@Z 000000014003bda4     LIBCMTD:frame.obj
 0004:00000db0       $pdata$??0bad_exception@std@@QEAA@PEBD@Z 000000014003bdb0     LIBCMTD:frame.obj
 0004:00000dbc       $pdata$??1bad_exception@std@@UEAA@XZ 000000014003bdbc     LIBCMTD:frame.obj
 0004:00000dc8       $pdata$??_Gbad_exception@std@@UEAAPEAXI@Z 000000014003bdc8     LIBCMTD:frame.obj
 0004:00000dd4       $pdata$?CatchIt@@YAXPEAUEHExceptionRecord@@PEA_KPEAU_CONTEXT@@PEAU_xDISPATCHER_CONTEXT@@PEBU_s_FuncInfo@@PEBU_s_HandlerType@@PEBU_s_CatchableType@@PEBU_s_TryBlockMapEntry@@H1EE@Z 000000014003bdd4     LIBCMTD:frame.obj
 0004:00000de0       $pdata$?ExFilterRethrow@@YAHPEAU_EXCEPTION_POINTERS@@PEAUEHExceptionRecord@@PEAH@Z 000000014003bde0     LIBCMTD:frame.obj
 0004:00000dec       $pdata$?FindHandler@@YAXPEAUEHExceptionRecord@@PEA_KPEAU_CONTEXT@@PEAU_xDISPATCHER_CONTEXT@@PEBU_s_FuncInfo@@EH1@Z 000000014003bdec     LIBCMTD:frame.obj
 0004:00000df8       $pdata$?FindHandlerForForeignException@@YAXPEAUEHExceptionRecord@@PEA_KPEAU_CONTEXT@@PEAU_xDISPATCHER_CONTEXT@@PEBU_s_FuncInfo@@HH1@Z 000000014003bdf8     LIBCMTD:frame.obj
 0004:00000e04       $pdata$?IsInExceptionSpec@@YAEPEAUEHExceptionRecord@@PEBU_s_ESTypeList@@@Z 000000014003be04     LIBCMTD:frame.obj
 0004:00000e10       $pdata$?Is_bad_exception_allowed@@YAEPEBU_s_ESTypeList@@@Z 000000014003be10     LIBCMTD:frame.obj
 0004:00000e1c       $pdata$?__RethrowException@@YAXPEAUEHExceptionRecord@@@Z 000000014003be1c     LIBCMTD:frame.obj
 0004:00000e28       $pdata$__AdjustPointer     000000014003be28     LIBCMTD:frame.obj
 0004:00000e34       $pdata$__BuildCatchObject  000000014003be34     LIBCMTD:frame.obj
 0004:00000e40       $pdata$__BuildCatchObjectHelper 000000014003be40     LIBCMTD:frame.obj
 0004:00000e4c       $pdata$__CxxCallCatchBlock 000000014003be4c     LIBCMTD:frame.obj
 0004:00000e58       $pdata$__FrameUnwindFilter 000000014003be58     LIBCMTD:frame.obj
 0004:00000e64       $pdata$__FrameUnwindToState 000000014003be64     LIBCMTD:frame.obj
 0004:00000e70       $pdata$__InternalCxxFrameHandler 000000014003be70     LIBCMTD:frame.obj
 0004:00000e7c       $pdata$__TypeMatch         000000014003be7c     LIBCMTD:frame.obj
 0004:00000e88       $pdata$?__GetCurrentState@@YAHPEA_KPEAU_xDISPATCHER_CONTEXT@@PEBU_s_FuncInfo@@@Z 000000014003be88     LIBCMTD:ehstate.obj
 0004:00000e94       $pdata$?__GetUnwindTryBlock@@YAHPEA_KPEAU_xDISPATCHER_CONTEXT@@PEBU_s_FuncInfo@@@Z 000000014003be94     LIBCMTD:ehstate.obj
 0004:00000ea0       $pdata$?__SetUnwindTryBlock@@YAXPEA_KPEAU_xDISPATCHER_CONTEXT@@PEBU_s_FuncInfo@@H@Z 000000014003bea0     LIBCMTD:ehstate.obj
 0004:00000eac       $pdata$?__StateFromControlPc@@YAHPEBU_s_FuncInfo@@PEAU_xDISPATCHER_CONTEXT@@@Z 000000014003beac     LIBCMTD:ehstate.obj
 0004:00000eb8       $pdata$?__StateFromIp@@YAHPEBU_s_FuncInfo@@PEAU_xDISPATCHER_CONTEXT@@_J@Z 000000014003beb8     LIBCMTD:ehstate.obj
 0004:00000ed0       $pdata$__mtold12           000000014003bed0     LIBCMTD:mantold.obj
 0004:00000edc       $pdata$_vsnwprintf_s       000000014003bedc     LIBCMTD:vswprnc.obj
 0004:00000ee8       $pdata$_vsnwprintf_s_l     000000014003bee8     LIBCMTD:vswprnc.obj
 0004:00000ef4       $pdata$_vswprintf_helper   000000014003bef4     LIBCMTD:vswprnc.obj
 0004:00000f00       $pdata$strcat_s            000000014003bf00     LIBCMTD:strcat_s.obj
 0004:00000f0c       $pdata$_itoa_s             000000014003bf0c     LIBCMTD:xtoas.obj
 0004:00000f18       $pdata$xtoa_s              000000014003bf18     LIBCMTD:xtoas.obj
 0004:00000f24       $pdata$_mbstowcs_l_helper  000000014003bf24     LIBCMTD:mbstowcs.obj
 0004:00000f30       $pdata$_mbstowcs_s_l       000000014003bf30     LIBCMTD:mbstowcs.obj
 0004:00000f3c       $pdata$mbstowcs_s          000000014003bf3c     LIBCMTD:mbstowcs.obj
 0004:00000f48       $pdata$?wcsncnt@@YA_KPEB_W_K@Z 000000014003bf48     LIBCMTD:wcstombs.obj
 0004:00000f54       $pdata$_wcstombs_l_helper  000000014003bf54     LIBCMTD:wcstombs.obj
 0004:00000f60       $pdata$_wcstombs_s_l       000000014003bf60     LIBCMTD:wcstombs.obj
 0004:00000f6c       $pdata$wcstombs_s          000000014003bf6c     LIBCMTD:wcstombs.obj
 0004:00000f78       $pdata$_itow_s             000000014003bf78     LIBCMTD:xtows.obj
 0004:00000f84       $pdata$xtow_s              000000014003bf84     LIBCMTD:xtows.obj
 0004:00000f90       $pdata$__GSHandlerCheck_SEH 000000014003bf90     LIBCMTD:gshandlerseh.obj
 0004:00000f9c       $pdata$_commit             000000014003bf9c     LIBCMTD:commit.obj
 0004:00000fa8       $pdata$_write              000000014003bfa8     LIBCMTD:write.obj
 0004:00000fb4       $pdata$_write_nolock       000000014003bfb4     LIBCMTD:write.obj
 0004:00000fc0       $pdata$_fclose_nolock      000000014003bfc0     LIBCMTD:fclose.obj
 0004:00000fcc       $pdata$fclose              000000014003bfcc     LIBCMTD:fclose.obj
 0004:00000fd8       $pdata$_lseeki64           000000014003bfd8     LIBCMTD:lseeki64.obj
 0004:00000fe4       $pdata$_lseeki64_nolock    000000014003bfe4     LIBCMTD:lseeki64.obj
 0004:00000ff0       $pdata$_getbuf             000000014003bff0     LIBCMTD:_getbuf.obj
 0004:00000ffc       $pdata$_output_s_l         000000014003bffc     LIBCMTD:outputs.obj
 0004:00001008       $pdata$write_char          000000014003c008     LIBCMTD:outputs.obj
 0004:00001014       $pdata$write_multi_char    000000014003c014     LIBCMTD:outputs.obj
 0004:00001020       $pdata$write_string        000000014003c020     LIBCMTD:outputs.obj
 0004:0000102c       $pdata$_get_printf_count_output 000000014003c02c     LIBCMTD:printf.obj
 0004:00001038       $pdata$_wctomb_s_l         000000014003c038     LIBCMTD:wctomb.obj
 0004:00001044       $pdata$wctomb_s            000000014003c044     LIBCMTD:wctomb.obj
 0004:00001050       $pdata$??3@YAXPEAX@Z       000000014003c050     LIBCMTD:dbgdel.obj
 0004:00001068       $pdata$?_ValidateExecute@@YAHP6A_JXZ@Z 000000014003c068     LIBCMTD:validate.obj
 0004:00001074       $pdata$?_ValidateWrite@@YAHPEAXI@Z 000000014003c074     LIBCMTD:validate.obj
 0004:00001074       $pdata$?_ValidateRead@@YAHPEBXI@Z 000000014003c074     LIBCMTD:validate.obj
 0004:0000108c       $pdata$??1type_info@@UEAA@XZ 000000014003c08c     LIBCMTD:typinfo.obj
 0004:00001098       $pdata$??8type_info@@QEBA_NAEBV0@@Z 000000014003c098     LIBCMTD:typinfo.obj
 0004:000010a4       $pdata$??_Gtype_info@@UEAAPEAXI@Z 000000014003c0a4     LIBCMTD:typinfo.obj
 0004:000010b0       $pdata$??0exception@std@@QEAA@AEBQEBD@Z 000000014003c0b0     LIBCMTD:stdexcpt.obj
 0004:000010bc       $pdata$??0exception@std@@QEAA@AEBV01@@Z 000000014003c0bc     LIBCMTD:stdexcpt.obj
 0004:000010c8       $pdata$??1exception@std@@UEAA@XZ 000000014003c0c8     LIBCMTD:stdexcpt.obj
 0004:000010d4       $pdata$??4exception@std@@QEAAAEAV01@AEBV01@@Z 000000014003c0d4     LIBCMTD:stdexcpt.obj
 0004:000010e0       $pdata$??_Gexception@std@@UEAAPEAXI@Z 000000014003c0e0     LIBCMTD:stdexcpt.obj
 0004:000010ec       $pdata$?_Copy_str@exception@std@@AEAAXPEBD@Z 000000014003c0ec     LIBCMTD:stdexcpt.obj
 0004:000010f8       $pdata$?_Tidy@exception@std@@AEAAXXZ 000000014003c0f8     LIBCMTD:stdexcpt.obj
 0004:00001104       $pdata$?what@exception@std@@UEBAPEBDXZ 000000014003c104     LIBCMTD:stdexcpt.obj
 0004:00001110       $pdata$_CxxThrowException  000000014003c110     LIBCMTD:throw.obj
 0004:0000111c       $pdata$_woutput_s_l        000000014003c11c     LIBCMTD:woutputs.obj
 0004:00001128       $pdata$write_char          000000014003c128     LIBCMTD:woutputs.obj
 0004:00001134       $pdata$write_multi_char    000000014003c134     LIBCMTD:woutputs.obj
 0004:00001140       $pdata$write_string        000000014003c140     LIBCMTD:woutputs.obj
 0004:0000114c       $pdata$_fputwc_nolock      000000014003c14c     LIBCMTD:fputwc.obj
 0004:00001158       $pdata$_mbtowc_l           000000014003c158     LIBCMTD:mbtowc.obj
 0004:00001164       $pdata$mbtowc              000000014003c164     LIBCMTD:mbtowc.obj
 0004:00001170       $pdata$__lock_fhandle      000000014003c170     LIBCMTD:osfinfo.obj
 0004:0000117c       $pdata$_free_osfhnd        000000014003c17c     LIBCMTD:osfinfo.obj
 0004:00001188       $pdata$_get_osfhandle      000000014003c188     LIBCMTD:osfinfo.obj
 0004:00001194       $pdata$_unlock_fhandle     000000014003c194     LIBCMTD:osfinfo.obj
 0004:000011a0       $pdata$_putwch_nolock      000000014003c1a0     LIBCMTD:putwch.obj
 0004:000011ac       $pdata$_close              000000014003c1ac     LIBCMTD:close.obj
 0004:000011b8       $pdata$_close_nolock       000000014003c1b8     LIBCMTD:close.obj
 0004:000011c4       $pdata$_freebuf            000000014003c1c4     LIBCMTD:_freebuf.obj
 0004:000011d0       $pdata$?_Type_info_dtor@type_info@@CAXPEAV1@@Z 000000014003c1d0     LIBCMTD:typname.obj
 0004:000011dc       $pdata$_flswbuf            000000014003c1dc     LIBCMTD:_flswbuf.obj
 0004:000011e8       $pdata$__termconout        000000014003c1e8     LIBCMTD:initcon.obj
 0004:000011f4       $pdata$__initconout        000000014003c1f4     LIBCMTD:initcon.obj
 0004:00001200       $pdata$__tmainCRTStartup$filt$0 000000014003c200     LIBCMTD:wincrt0.obj
 0004:0000120c       $pdata$_initptd$fin$0      000000014003c20c     LIBCMTD:tidtable.obj
 0004:0000120c       $pdata$_freefls$fin$0      000000014003c20c     LIBCMTD:tidtable.obj
 0004:00001218       $pdata$_initptd$fin$1      000000014003c218     LIBCMTD:tidtable.obj
 0004:00001218       $pdata$_freefls$fin$1      000000014003c218     LIBCMTD:tidtable.obj
 0004:00001224       $pdata$doexit$fin$0        000000014003c224     LIBCMTD:crt0dat.obj
 0004:00001230       $pdata$_ioinit$fin$0       000000014003c230     LIBCMTD:ioinit.obj
 0004:0000123c       $pdata$_CrtCheckMemory$fin$0 000000014003c23c     LIBCMTD:dbgheap.obj
 0004:00001248       $pdata$_free_dbg$fin$0     000000014003c248     LIBCMTD:dbgheap.obj
 0004:00001254       $pdata$?fin$0@?0??_CrtMemDumpAllObjectsSince_stat@@YAXPEBU_CrtMemState@@PEAUlocaleinfo_struct@@@Z@4HA 000000014003c254     LIBCMTD:dbgheap.obj
 0004:00001254       $pdata$_CrtMemCheckpoint$fin$0 000000014003c254     LIBCMTD:dbgheap.obj
 0004:00001254       $pdata$_heap_alloc_dbg_impl$fin$0 000000014003c254     LIBCMTD:dbgheap.obj
 0004:00001260       $pdata$?dtor$0@?0??getSystemCP@@YAHH@Z@4HA 000000014003c260     LIBCMTD:mbctype.obj
 0004:0000126c       $pdata$__updatetmbcinfo$fin$0 000000014003c26c     LIBCMTD:mbctype.obj
 0004:0000126c       $pdata$_setmbcp$fin$0      000000014003c26c     LIBCMTD:mbctype.obj
 0004:00001278       $pdata$?filt$0@?0??__crtIsBadReadPtr@@YAHPEBX_K@Z@4HA 000000014003c278     LIBCMTD:hooks.obj
 0004:00001278       $pdata$?filt$0@?0??terminate@@YAXXZ@4HA 000000014003c278     LIBCMTD:hooks.obj
 0004:00001278       $pdata$?filt$0@?0??_inconsistency@@YAXXZ@4HA 000000014003c278     LIBCMTD:hooks.obj
 0004:00001278       $pdata$__BuildCatchObject$filt$0 000000014003c278     LIBCMTD:hooks.obj
 0004:00001278       $pdata$__BuildCatchObjectHelper$filt$0 000000014003c278     LIBCMTD:hooks.obj
 0004:00001284       $pdata$_mtinitlocknum$fin$0 000000014003c284     LIBCMTD:mlock.obj
 0004:00001284       $pdata$__lock_fhandle$fin$0 000000014003c284     LIBCMTD:mlock.obj
 0004:00001290       $pdata$_IsNonwritableInCurrentImage$filt$0 000000014003c290     LIBCMTD:pesect.obj
 0004:0000129c       $pdata$_onexit$fin$0       000000014003c29c     LIBCMTD:onexit.obj
 0004:000012a8       $pdata$raise$fin$0         000000014003c2a8     LIBCMTD:winsig.obj
 0004:000012b4       $pdata$?dtor$0@?0??x_ismbbtype_l@@YAHPEAUlocaleinfo_struct@@IHH@Z@4HA 000000014003c2b4     LIBCMTD:ismbbyte.obj
 0004:000012c0       $pdata$_CallSETranslator$filt$0 000000014003c2c0     LIBCMTD:trnsctrl.obj
 0004:000012cc       $pdata$_locterm$fin$0      000000014003c2cc     LIBCMTD:wsetloca.obj
 0004:000012cc       $pdata$__updatetlocinfo$fin$0 000000014003c2cc     LIBCMTD:wsetloca.obj
 0004:000012d8       $pdata$_VCrtDbgReportA$fin$0 000000014003c2d8     LIBCMTD:dbgrptt.obj
 0004:000012e4       $pdata$_VCrtDbgReportA$fin$1 000000014003c2e4     LIBCMTD:dbgrptt.obj
 0004:000012f0       $pdata$_VCrtDbgReportW$fin$0 000000014003c2f0     LIBCMTD:dbgrptt.obj
 0004:000012fc       $pdata$_VCrtDbgReportW$fin$1 000000014003c2fc     LIBCMTD:dbgrptt.obj
 0004:00001308       $pdata$flsall$fin$0        000000014003c308     LIBCMTD:fflush.obj
 0004:00001314       $pdata$flsall$fin$1        000000014003c314     LIBCMTD:fflush.obj
 0004:00001320       $pdata$_fcloseall$fin$0    000000014003c320     LIBCMTD:closeall.obj
 0004:0000132c       $pdata$__CxxCallCatchBlock$filt$0 000000014003c32c     LIBCMTD:frame.obj
 0004:00001338       $pdata$__CxxCallCatchBlock$fin$1 000000014003c338     LIBCMTD:frame.obj
 0004:00001344       $pdata$__DestructExceptionObject$filt$0 000000014003c344     LIBCMTD:frame.obj
 0004:00001350       $pdata$__FrameUnwindToState$filt$0 000000014003c350     LIBCMTD:frame.obj
 0004:0000135c       $pdata$__FrameUnwindToState$fin$1 000000014003c35c     LIBCMTD:frame.obj
 0004:00001368       $pdata$_commit$fin$0       000000014003c368     LIBCMTD:write.obj
 0004:00001368       $pdata$_close$fin$0        000000014003c368     LIBCMTD:write.obj
 0004:00001368       $pdata$_lseeki64$fin$0     000000014003c368     LIBCMTD:write.obj
 0004:00001368       $pdata$_write$fin$0        000000014003c368     LIBCMTD:write.obj
 0004:00001374       $pdata$fclose$fin$0        000000014003c374     LIBCMTD:fclose.obj
 0004:00001380       $pdata$_realloc_dbg$fin$0  000000014003c380     LIBCMTD:dbgdel.obj
 0004:00001380       $pdata$_CrtSetDbgFlag$fin$0 000000014003c380     LIBCMTD:dbgdel.obj
 0004:00001380       $pdata$_msize_dbg$fin$0    000000014003c380     LIBCMTD:dbgdel.obj
 0004:00001380       $pdata$?fin$0@?0???3@YAXPEAX@Z@4HA 000000014003c380     LIBCMTD:dbgdel.obj
 0004:0000138c       $pdata$?fin$0@?0??_Type_info_dtor@type_info@@CAXPEAV1@@Z@4HA 000000014003c38c     LIBCMTD:typname.obj
